<results>
  <body
       id="mainId"
       onload="_checkLoadNoPPR()"
      >
    
    <a
         name="top"
        >
      
    </a>
    <noscript
        >
      This page uses JavaScript and requires a JavaScript enabled browser.Your browser is not JavaScript enabled.
    </noscript>
    <span
         id="id_text"
        >
      Enter
    </span>
  </body>
<!--AttributeTest[id,myBodyId]-->

  <body
       id="myBodyId"
       onload="_checkLoadNoPPR()"
      >
    
    <a
         name="top"
        >
      
    </a>
    <noscript
        >
      This page uses JavaScript and requires a JavaScript enabled browser.Your browser is not JavaScript enabled.
    </noscript>
    <span
         id="id_text"
        >
      Enter
    </span>
  </body>
<!--AttributeTest[shortDesc,myShortDesc]-->

  <body
       id="mainId"
       onload="_checkLoadNoPPR()"
       title="myShortDesc"
      >
    
    <a
         name="top"
        >
      
    </a>
    <noscript
        >
      This page uses JavaScript and requires a JavaScript enabled browser.Your browser is not JavaScript enabled.
    </noscript>
    <span
         id="id_text"
        >
      Enter
    </span>
  </body>
<!--AttributeTest[onclick,null]-->

  <body
       id="mainId"
       onclick="test-onclick"
       onload="_checkLoadNoPPR()"
      >
    
    <a
         name="top"
        >
      
    </a>
    <noscript
        >
      This page uses JavaScript and requires a JavaScript enabled browser.Your browser is not JavaScript enabled.
    </noscript>
    <span
         id="id_text"
        >
      Enter
    </span>
  </body>
<!--AttributeTest[ondblclick,null]-->

  <body
       id="mainId"
       ondblclick="test-ondblclick"
       onload="_checkLoadNoPPR()"
      >
    
    <a
         name="top"
        >
      
    </a>
    <noscript
        >
      This page uses JavaScript and requires a JavaScript enabled browser.Your browser is not JavaScript enabled.
    </noscript>
    <span
         id="id_text"
        >
      Enter
    </span>
  </body>
<!--AttributeTest[onkeydown,null]-->

  <body
       id="mainId"
       onkeydown="test-onkeydown"
       onload="_checkLoadNoPPR()"
      >
    
    <a
         name="top"
        >
      
    </a>
    <noscript
        >
      This page uses JavaScript and requires a JavaScript enabled browser.Your browser is not JavaScript enabled.
    </noscript>
    <span
         id="id_text"
        >
      Enter
    </span>
  </body>
<!--AttributeTest[onkeypress,null]-->

  <body
       id="mainId"
       onkeypress="test-onkeypress"
       onload="_checkLoadNoPPR()"
      >
    
    <a
         name="top"
        >
      
    </a>
    <noscript
        >
      This page uses JavaScript and requires a JavaScript enabled browser.Your browser is not JavaScript enabled.
    </noscript>
    <span
         id="id_text"
        >
      Enter
    </span>
  </body>
<!--AttributeTest[onkeyup,null]-->

  <body
       id="mainId"
       onkeyup="test-onkeyup"
       onload="_checkLoadNoPPR()"
      >
    
    <a
         name="top"
        >
      
    </a>
    <noscript
        >
      This page uses JavaScript and requires a JavaScript enabled browser.Your browser is not JavaScript enabled.
    </noscript>
    <span
         id="id_text"
        >
      Enter
    </span>
  </body>
<!--AttributeTest[onload,null]-->

  <body
       id="mainId"
       onload="return _chain('_checkLoadNoPPR()','test-onload',this,null)"
      >
    
    <a
         name="top"
        >
      
    </a>
    <noscript
        >
      This page uses JavaScript and requires a JavaScript enabled browser.Your browser is not JavaScript enabled.
    </noscript>
    <span
         id="id_text"
        >
      Enter
    </span>
  </body>
<!--AttributeTest[onmousedown,null]-->

  <body
       id="mainId"
       onload="_checkLoadNoPPR()"
       onmousedown="test-onmousedown"
      >
    
    <a
         name="top"
        >
      
    </a>
    <noscript
        >
      This page uses JavaScript and requires a JavaScript enabled browser.Your browser is not JavaScript enabled.
    </noscript>
    <span
         id="id_text"
        >
      Enter
    </span>
  </body>
<!--AttributeTest[onmousemove,null]-->

  <body
       id="mainId"
       onload="_checkLoadNoPPR()"
       onmousemove="test-onmousemove"
      >
    
    <a
         name="top"
        >
      
    </a>
    <noscript
        >
      This page uses JavaScript and requires a JavaScript enabled browser.Your browser is not JavaScript enabled.
    </noscript>
    <span
         id="id_text"
        >
      Enter
    </span>
  </body>
<!--AttributeTest[onmouseout,null]-->

  <body
       id="mainId"
       onload="_checkLoadNoPPR()"
       onmouseout="test-onmouseout"
      >
    
    <a
         name="top"
        >
      
    </a>
    <noscript
        >
      This page uses JavaScript and requires a JavaScript enabled browser.Your browser is not JavaScript enabled.
    </noscript>
    <span
         id="id_text"
        >
      Enter
    </span>
  </body>
<!--AttributeTest[onmouseover,null]-->

  <body
       id="mainId"
       onload="_checkLoadNoPPR()"
       onmouseover="test-onmouseover"
      >
    
    <a
         name="top"
        >
      
    </a>
    <noscript
        >
      This page uses JavaScript and requires a JavaScript enabled browser.Your browser is not JavaScript enabled.
    </noscript>
    <span
         id="id_text"
        >
      Enter
    </span>
  </body>
<!--AttributeTest[onmouseup,null]-->

  <body
       id="mainId"
       onload="_checkLoadNoPPR()"
       onmouseup="test-onmouseup"
      >
    
    <a
         name="top"
        >
      
    </a>
    <noscript
        >
      This page uses JavaScript and requires a JavaScript enabled browser.Your browser is not JavaScript enabled.
    </noscript>
    <span
         id="id_text"
        >
      Enter
    </span>
  </body>
<!--AttributeTest[onunload,null]-->

  <body
       id="mainId"
       onload="_checkLoadNoPPR()"
       onunload="test-onunload"
      >
    
    <a
         name="top"
        >
      
    </a>
    <noscript
        >
      This page uses JavaScript and requires a JavaScript enabled browser.Your browser is not JavaScript enabled.
    </noscript>
    <span
         id="id_text"
        >
      Enter
    </span>
  </body>
</results>
