<results>
      <a
           class="OraLink"
           onclick="submitForm('formId',1,{source:'mainId'});return false;"
           href="uri-attr:encoded-action-url:#"
           id="uri-attr:mainId"
           name="uri-attr:mainId"
          >
        CommandMenuItemText
      </a>
<!--AttributeTest[accessKey,o]-->

      <a
           class="OraLink"
           onclick="submitForm('formId',1,{source:'mainId'});return false;"
           href="uri-attr:encoded-action-url:#"
           id="uri-attr:mainId"
           name="uri-attr:mainId"
          >
        CommandMenuItemText
      </a>
<!--AttributeTest[destination,http://www.oracle.com]-->

      <a
           class="OraLink"
           href="uri-attr:encoded-action-url:http://www.oracle.com"
           id="uri-attr:mainId"
           name="uri-attr:mainId"
          >
        CommandMenuItemText
      </a>
<!--AttributeTest[disabled,false]-->

      <a
           class="OraLink"
           onclick="submitForm('formId',1,{source:'mainId'});return false;"
           href="uri-attr:encoded-action-url:#"
           id="uri-attr:mainId"
           name="uri-attr:mainId"
          >
        CommandMenuItemText
      </a>
<!--AttributeTest[disabled,true]-->

      <a
           class="OraLinkDisabled"
           id="uri-attr:mainId"
           name="uri-attr:mainId"
          >
        CommandMenuItemText
      </a>
<!--AttributeTest[icon,/help.gif]-->

      <a
           class="OraLink"
           onclick="submitForm('formId',1,{source:'mainId'});return false;"
           href="uri-attr:encoded-action-url:#"
           id="uri-attr:mainId"
           name="uri-attr:mainId"
          >
        CommandMenuItemText
      </a>
<!--AttributeTest[immediate,false]-->

      <a
           class="OraLink"
           onclick="submitForm('formId',1,{source:'mainId'});return false;"
           href="uri-attr:encoded-action-url:#"
           id="uri-attr:mainId"
           name="uri-attr:mainId"
          >
        CommandMenuItemText
      </a>
<!--AttributeTest[immediate,true]-->

      <a
           class="OraLink"
           onclick="submitForm('formId',0,{source:'mainId'});return false;"
           href="uri-attr:encoded-action-url:#"
           id="uri-attr:mainId"
           name="uri-attr:mainId"
          >
        CommandMenuItemText
      </a>
<!--AttributeTest[textAndAccessKey,C&ommandMenuItemText]-->

      <a
           class="OraLink"
           onclick="submitForm('formId',1,{source:'mainId'});return false;"
           href="uri-attr:encoded-action-url:#"
           id="uri-attr:mainId"
           name="uri-attr:mainId"
          >
        CommandMenuItemText
      </a>
<!--AttributeTest[windowHeight,100]-->

      <a
           class="OraLink"
           onclick="submitForm('formId',1,{source:'mainId'});return false;"
           href="uri-attr:encoded-action-url:#"
           id="uri-attr:mainId"
           name="uri-attr:mainId"
          >
        CommandMenuItemText
      </a>
<!--AttributeTest[windowWidth,200]-->

      <a
           class="OraLink"
           onclick="submitForm('formId',1,{source:'mainId'});return false;"
           href="uri-attr:encoded-action-url:#"
           id="uri-attr:mainId"
           name="uri-attr:mainId"
          >
        CommandMenuItemText
      </a>
<!--AttributeTest[id,myid]-->

      <a
           class="OraLink"
           onclick="submitForm('formId',1,{source:'myid'});return false;"
           href="uri-attr:encoded-action-url:#"
           id="uri-attr:myid"
           name="uri-attr:myid"
          >
        CommandMenuItemText
      </a>
<!--AttributeTest[shortDesc,my button]-->

      <a
           class="OraLink"
           onclick="submitForm('formId',1,{source:'mainId'});return false;"
           title="my button"
           href="uri-attr:encoded-action-url:#"
           id="uri-attr:mainId"
           name="uri-attr:mainId"
          >
        CommandMenuItemText
      </a>
<!--AttributeTest[styleClass,mystyle]-->

      <a
           class="mystyle"
           onclick="submitForm('formId',1,{source:'mainId'});return false;"
           href="uri-attr:encoded-action-url:#"
           id="uri-attr:mainId"
           name="uri-attr:mainId"
          >
        CommandMenuItemText
      </a>
<!--AttributeTest[onclick,null]-->

      <a
           class="OraLink"
           onclick="return _chain('test-onclick','submitForm(\'formId\',1,{source:\'mainId\'});return false;',this,null,true)"
           href="uri-attr:encoded-action-url:#"
           id="uri-attr:mainId"
           name="uri-attr:mainId"
          >
        CommandMenuItemText
      </a>
<!--AttributeTest[ondblclick,null]-->

      <a
           class="OraLink"
           onclick="submitForm('formId',1,{source:'mainId'});return false;"
           ondblclick="test-ondblclick"
           href="uri-attr:encoded-action-url:#"
           id="uri-attr:mainId"
           name="uri-attr:mainId"
          >
        CommandMenuItemText
      </a>
<!--AttributeTest[onkeydown,null]-->

      <a
           class="OraLink"
           onclick="submitForm('formId',1,{source:'mainId'});return false;"
           onkeydown="test-onkeydown"
           href="uri-attr:encoded-action-url:#"
           id="uri-attr:mainId"
           name="uri-attr:mainId"
          >
        CommandMenuItemText
      </a>
<!--AttributeTest[onkeypress,null]-->

      <a
           class="OraLink"
           onclick="submitForm('formId',1,{source:'mainId'});return false;"
           onkeypress="test-onkeypress"
           href="uri-attr:encoded-action-url:#"
           id="uri-attr:mainId"
           name="uri-attr:mainId"
          >
        CommandMenuItemText
      </a>
<!--AttributeTest[onkeyup,null]-->

      <a
           class="OraLink"
           onclick="submitForm('formId',1,{source:'mainId'});return false;"
           onkeyup="test-onkeyup"
           href="uri-attr:encoded-action-url:#"
           id="uri-attr:mainId"
           name="uri-attr:mainId"
          >
        CommandMenuItemText
      </a>
<!--AttributeTest[onmousedown,null]-->

      <a
           class="OraLink"
           onclick="submitForm('formId',1,{source:'mainId'});return false;"
           onmousedown="test-onmousedown"
           href="uri-attr:encoded-action-url:#"
           id="uri-attr:mainId"
           name="uri-attr:mainId"
          >
        CommandMenuItemText
      </a>
<!--AttributeTest[onmousemove,null]-->

      <a
           class="OraLink"
           onclick="submitForm('formId',1,{source:'mainId'});return false;"
           onmousemove="test-onmousemove"
           href="uri-attr:encoded-action-url:#"
           id="uri-attr:mainId"
           name="uri-attr:mainId"
          >
        CommandMenuItemText
      </a>
<!--AttributeTest[onmouseout,null]-->

      <a
           class="OraLink"
           onclick="submitForm('formId',1,{source:'mainId'});return false;"
           onmouseout="test-onmouseout"
           href="uri-attr:encoded-action-url:#"
           id="uri-attr:mainId"
           name="uri-attr:mainId"
          >
        CommandMenuItemText
      </a>
<!--AttributeTest[onmouseover,null]-->

      <a
           class="OraLink"
           onclick="submitForm('formId',1,{source:'mainId'});return false;"
           onmouseover="test-onmouseover"
           href="uri-attr:encoded-action-url:#"
           id="uri-attr:mainId"
           name="uri-attr:mainId"
          >
        CommandMenuItemText
      </a>
<!--AttributeTest[onmouseup,null]-->

      <a
           class="OraLink"
           onclick="submitForm('formId',1,{source:'mainId'});return false;"
           onmouseup="test-onmouseup"
           href="uri-attr:encoded-action-url:#"
           id="uri-attr:mainId"
           name="uri-attr:mainId"
          >
        CommandMenuItemText
      </a>
</results>
