<results>
      <a
           id="mainId"
           onclick="submitForm('formId',1,{source:'mainId'});return false;"
           href="uri-attr:encoded-action-url:#"
          >
        
        <img
             align="middle"
             alt="ButtonText"
             border="0"
             height="18"
             src="/adf/images/cache/GENERATED_IMAGE.gif"
             title="ButtonText"
             width="74"
            >
          
        </img>
      </a>
<!--AttributeTest[onclick,null]-->

      <a
           id="mainId"
           onclick="return _chain('test-onclick','submitForm(\'formId\',1,{source:\'mainId\'});return false;',this,event,true)"
           href="uri-attr:encoded-action-url:#"
          >
        
        <img
             align="middle"
             alt="ButtonText"
             border="0"
             height="18"
             src="/adf/images/cache/GENERATED_IMAGE.gif"
             title="ButtonText"
             width="74"
            >
          
        </img>
      </a>
<!--AttributeTest[disabled,false]-->

      <a
           id="mainId"
           onclick="submitForm('formId',1,{source:'mainId'});return false;"
           href="uri-attr:encoded-action-url:#"
          >
        
        <img
             align="middle"
             alt="ButtonText"
             border="0"
             height="18"
             src="/adf/images/cache/GENERATED_IMAGE.gif"
             title="ButtonText"
             width="74"
            >
          
        </img>
      </a>
<!--AttributeTest[disabled,true]-->

      <img
           align="middle"
           alt="ButtonText"
           border="0"
           height="18"
           id="mainId"
           src="/adf/images/cache/GENERATED_IMAGE.gif"
           title="ButtonText"
           width="74"
          >
        
      </img>
</results>
