<results>
      <span
           class="AFRequiredIconStyle"
           id="mainId"
          >
        *
      </span>
<!--AttributeTest[name,info]-->

      <span
           class="AFInfoIconStyle"
           id="mainId"
          >
        i
      </span>
<!--AttributeTest[name,warning]-->

      <span
           class="AFWarningIconStyle"
           id="mainId"
          >
        !
      </span>
<!--AttributeTest[name,error]-->

      <span
           class="AFErrorIconStyle"
           id="mainId"
          >
        X
      </span>
<!--AttributeTest[id,null]-->

      <span
           class="AFRequiredIconStyle"
           id="test-id"
          >
        *
      </span>
<!--AttributeTest[inlineStyle,null]-->

      <span
           class="AFRequiredIconStyle"
           id="mainId"
           style="test-inlineStyle"
          >
        *
      </span>
<!--AttributeTest[rendered,false]-->

<!--AttributeTest[rendered,true]-->

      <span
           class="AFRequiredIconStyle"
           id="mainId"
          >
        *
      </span>
<!--AttributeTest[shortDesc,null]-->

      <span
           class="AFRequiredIconStyle"
           id="mainId"
           title="test-shortDesc"
          >
        *
      </span>
<!--AttributeTest[styleClass,null]-->

      <span
           class="AFRequiredIconStyle test-styleClass"
           id="mainId"
          >
        *
      </span>
<!--AttributeTest[onclick,null]-->

      <span
           class="AFRequiredIconStyle"
           id="mainId"
           onclick="test-onclick"
          >
        *
      </span>
<!--AttributeTest[ondblclick,null]-->

      <span
           class="AFRequiredIconStyle"
           id="mainId"
           ondblclick="test-ondblclick"
          >
        *
      </span>
<!--AttributeTest[onkeydown,null]-->

      <span
           class="AFRequiredIconStyle"
           id="mainId"
           onkeydown="test-onkeydown"
          >
        *
      </span>
<!--AttributeTest[onkeypress,null]-->

      <span
           class="AFRequiredIconStyle"
           id="mainId"
           onkeypress="test-onkeypress"
          >
        *
      </span>
<!--AttributeTest[onkeyup,null]-->

      <span
           class="AFRequiredIconStyle"
           id="mainId"
           onkeyup="test-onkeyup"
          >
        *
      </span>
<!--AttributeTest[onmousedown,null]-->

      <span
           class="AFRequiredIconStyle"
           id="mainId"
           onmousedown="test-onmousedown"
          >
        *
      </span>
<!--AttributeTest[onmousemove,null]-->

      <span
           class="AFRequiredIconStyle"
           id="mainId"
           onmousemove="test-onmousemove"
          >
        *
      </span>
<!--AttributeTest[onmouseout,null]-->

      <span
           class="AFRequiredIconStyle"
           id="mainId"
           onmouseout="test-onmouseout"
          >
        *
      </span>
<!--AttributeTest[onmouseover,null]-->

      <span
           class="AFRequiredIconStyle"
           id="mainId"
           onmouseover="test-onmouseover"
          >
        *
      </span>
<!--AttributeTest[onmouseup,null]-->

      <span
           class="AFRequiredIconStyle"
           id="mainId"
           onmouseup="test-onmouseup"
          >
        *
      </span>
</results>
