<results>
      <img
           id="mainId"
           name="mainId"
           src="uri-attr:encoded-resource-url:/test-context-path/bogus/image/uri"
          >
        
      </img>
<!--AttributeTest[imageMapType,server]-->

      <img
           id="mainId"
           ismap="ismap"
           name="mainId"
           src="uri-attr:encoded-resource-url:/test-context-path/bogus/image/uri"
          >
        
      </img>
<!--AttributeTest[imageMapType,none]-->

      <img
           id="mainId"
           name="mainId"
           src="uri-attr:encoded-resource-url:/test-context-path/bogus/image/uri"
          >
        
      </img>
<!--AttributeTest[longDescURL,/bogus/longdesc/uri]-->

      <img
           id="mainId"
           name="mainId"
           longdesc="uri-attr:encoded-action-url:/test-context-path/bogus/longdesc/uri"
           src="uri-attr:encoded-resource-url:/test-context-path/bogus/image/uri"
          >
        
      </img>
<!--AttributeTest[source,http://jakarta.apache.org/foo.gif]-->

      <img
           id="mainId"
           name="mainId"
           src="uri-attr:encoded-resource-url:http://jakarta.apache.org/foo.gif"
          >
        
      </img>
<!--AttributeTest[source,//foo.gif]-->

      <img
           id="mainId"
           name="mainId"
           src="uri-attr:encoded-resource-url:/foo.gif"
          >
        
      </img>
<!--AttributeTest[id,null]-->

      <img
           id="test-id"
           name="test-id"
           src="uri-attr:encoded-resource-url:/test-context-path/bogus/image/uri"
          >
        
      </img>
<!--AttributeTest[inlineStyle,null]-->

      <img
           id="mainId"
           name="mainId"
           style="test-inlineStyle"
           src="uri-attr:encoded-resource-url:/test-context-path/bogus/image/uri"
          >
        
      </img>
<!--AttributeTest[rendered,false]-->

<!--AttributeTest[rendered,true]-->

      <img
           id="mainId"
           name="mainId"
           src="uri-attr:encoded-resource-url:/test-context-path/bogus/image/uri"
          >
        
      </img>
<!--AttributeTest[shortDesc,null]-->

      <img
           alt="test-shortDesc"
           id="mainId"
           name="mainId"
           title="test-shortDesc"
           src="uri-attr:encoded-resource-url:/test-context-path/bogus/image/uri"
          >
        
      </img>
<!--AttributeTest[styleClass,null]-->

      <img
           class="test-styleClass"
           id="mainId"
           name="mainId"
           src="uri-attr:encoded-resource-url:/test-context-path/bogus/image/uri"
          >
        
      </img>
<!--AttributeTest[onclick,null]-->

      <img
           id="mainId"
           name="mainId"
           onclick="test-onclick"
           src="uri-attr:encoded-resource-url:/test-context-path/bogus/image/uri"
          >
        
      </img>
<!--AttributeTest[ondblclick,null]-->

      <img
           id="mainId"
           name="mainId"
           ondblclick="test-ondblclick"
           src="uri-attr:encoded-resource-url:/test-context-path/bogus/image/uri"
          >
        
      </img>
<!--AttributeTest[onkeydown,null]-->

      <img
           id="mainId"
           name="mainId"
           onkeydown="test-onkeydown"
           src="uri-attr:encoded-resource-url:/test-context-path/bogus/image/uri"
          >
        
      </img>
<!--AttributeTest[onkeypress,null]-->

      <img
           id="mainId"
           name="mainId"
           onkeypress="test-onkeypress"
           src="uri-attr:encoded-resource-url:/test-context-path/bogus/image/uri"
          >
        
      </img>
<!--AttributeTest[onkeyup,null]-->

      <img
           id="mainId"
           name="mainId"
           onkeyup="test-onkeyup"
           src="uri-attr:encoded-resource-url:/test-context-path/bogus/image/uri"
          >
        
      </img>
<!--AttributeTest[onmousedown,null]-->

      <img
           id="mainId"
           name="mainId"
           onmousedown="test-onmousedown"
           src="uri-attr:encoded-resource-url:/test-context-path/bogus/image/uri"
          >
        
      </img>
<!--AttributeTest[onmousemove,null]-->

      <img
           id="mainId"
           name="mainId"
           onmousemove="test-onmousemove"
           src="uri-attr:encoded-resource-url:/test-context-path/bogus/image/uri"
          >
        
      </img>
<!--AttributeTest[onmouseout,null]-->

      <img
           id="mainId"
           name="mainId"
           onmouseout="test-onmouseout"
           src="uri-attr:encoded-resource-url:/test-context-path/bogus/image/uri"
          >
        
      </img>
<!--AttributeTest[onmouseover,null]-->

      <img
           id="mainId"
           name="mainId"
           onmouseover="test-onmouseover"
           src="uri-attr:encoded-resource-url:/test-context-path/bogus/image/uri"
          >
        
      </img>
<!--AttributeTest[onmouseup,null]-->

      <img
           id="mainId"
           name="mainId"
           onmouseup="test-onmouseup"
           src="uri-attr:encoded-resource-url:/test-context-path/bogus/image/uri"
          >
        
      </img>
</results>
