<results>
      <table
           border="0"
           cellpadding="0"
           cellspacing="0"
           class="af_inputFile"
           id="mainId__xc_"
           summary=""
          >
        
        <tr
            >
          
          <td
               class="af_inputFile_label"
               nowrap="nowrap"
              >
            
          </td>
          <td
               class="AFContentCell"
               nowrap="nowrap"
               valign="top"
              >
            
            <input
                 class="af_inputFile_content"
                 id="mainId"
                 name="mainId"
                 type="file"
                >
              
            </input>
          </td>
        </tr>
      </table>
<!--AttributeTest[onblur,null]-->

      <table
           border="0"
           cellpadding="0"
           cellspacing="0"
           class="af_inputFile"
           id="mainId__xc_"
           summary=""
          >
        
        <tr
            >
          
          <td
               class="af_inputFile_label"
               nowrap="nowrap"
              >
            
          </td>
          <td
               class="AFContentCell"
               nowrap="nowrap"
               valign="top"
              >
            
            <input
                 class="af_inputFile_content"
                 id="mainId"
                 name="mainId"
                 onblur="test-onblur"
                 type="file"
                >
              
            </input>
          </td>
        </tr>
      </table>
<!--AttributeTest[onchange,null]-->

      <table
           border="0"
           cellpadding="0"
           cellspacing="0"
           class="af_inputFile"
           id="mainId__xc_"
           summary=""
          >
        
        <tr
            >
          
          <td
               class="af_inputFile_label"
               nowrap="nowrap"
              >
            
          </td>
          <td
               class="AFContentCell"
               nowrap="nowrap"
               valign="top"
              >
            
            <input
                 class="af_inputFile_content"
                 id="mainId"
                 name="mainId"
                 onchange="test-onchange"
                 type="file"
                >
              
            </input>
          </td>
        </tr>
      </table>
<!--AttributeTest[onclick,null]-->

      <table
           border="0"
           cellpadding="0"
           cellspacing="0"
           class="af_inputFile"
           id="mainId__xc_"
           summary=""
          >
        
        <tr
            >
          
          <td
               class="af_inputFile_label"
               nowrap="nowrap"
              >
            
          </td>
          <td
               class="AFContentCell"
               nowrap="nowrap"
               valign="top"
              >
            
            <input
                 class="af_inputFile_content"
                 id="mainId"
                 name="mainId"
                 onclick="test-onclick"
                 type="file"
                >
              
            </input>
          </td>
        </tr>
      </table>
<!--AttributeTest[ondblclick,null]-->

      <table
           border="0"
           cellpadding="0"
           cellspacing="0"
           class="af_inputFile"
           id="mainId__xc_"
           summary=""
          >
        
        <tr
            >
          
          <td
               class="af_inputFile_label"
               nowrap="nowrap"
              >
            
          </td>
          <td
               class="AFContentCell"
               nowrap="nowrap"
               valign="top"
              >
            
            <input
                 class="af_inputFile_content"
                 id="mainId"
                 name="mainId"
                 ondblclick="test-ondblclick"
                 type="file"
                >
              
            </input>
          </td>
        </tr>
      </table>
<!--AttributeTest[onfocus,null]-->

      <table
           border="0"
           cellpadding="0"
           cellspacing="0"
           class="af_inputFile"
           id="mainId__xc_"
           summary=""
          >
        
        <tr
            >
          
          <td
               class="af_inputFile_label"
               nowrap="nowrap"
              >
            
          </td>
          <td
               class="AFContentCell"
               nowrap="nowrap"
               valign="top"
              >
            
            <input
                 class="af_inputFile_content"
                 id="mainId"
                 name="mainId"
                 onfocus="test-onfocus"
                 type="file"
                >
              
            </input>
          </td>
        </tr>
      </table>
<!--AttributeTest[onkeydown,null]-->

      <table
           border="0"
           cellpadding="0"
           cellspacing="0"
           class="af_inputFile"
           id="mainId__xc_"
           summary=""
          >
        
        <tr
            >
          
          <td
               class="af_inputFile_label"
               nowrap="nowrap"
              >
            
          </td>
          <td
               class="AFContentCell"
               nowrap="nowrap"
               valign="top"
              >
            
            <input
                 class="af_inputFile_content"
                 id="mainId"
                 name="mainId"
                 onkeydown="test-onkeydown"
                 type="file"
                >
              
            </input>
          </td>
        </tr>
      </table>
<!--AttributeTest[onkeypress,null]-->

      <table
           border="0"
           cellpadding="0"
           cellspacing="0"
           class="af_inputFile"
           id="mainId__xc_"
           summary=""
          >
        
        <tr
            >
          
          <td
               class="af_inputFile_label"
               nowrap="nowrap"
              >
            
          </td>
          <td
               class="AFContentCell"
               nowrap="nowrap"
               valign="top"
              >
            
            <input
                 class="af_inputFile_content"
                 id="mainId"
                 name="mainId"
                 onkeypress="test-onkeypress"
                 type="file"
                >
              
            </input>
          </td>
        </tr>
      </table>
<!--AttributeTest[onkeyup,null]-->

      <table
           border="0"
           cellpadding="0"
           cellspacing="0"
           class="af_inputFile"
           id="mainId__xc_"
           summary=""
          >
        
        <tr
            >
          
          <td
               class="af_inputFile_label"
               nowrap="nowrap"
              >
            
          </td>
          <td
               class="AFContentCell"
               nowrap="nowrap"
               valign="top"
              >
            
            <input
                 class="af_inputFile_content"
                 id="mainId"
                 name="mainId"
                 onkeyup="test-onkeyup"
                 type="file"
                >
              
            </input>
          </td>
        </tr>
      </table>
<!--AttributeTest[onmousedown,null]-->

      <table
           border="0"
           cellpadding="0"
           cellspacing="0"
           class="af_inputFile"
           id="mainId__xc_"
           summary=""
          >
        
        <tr
            >
          
          <td
               class="af_inputFile_label"
               nowrap="nowrap"
              >
            
          </td>
          <td
               class="AFContentCell"
               nowrap="nowrap"
               valign="top"
              >
            
            <input
                 class="af_inputFile_content"
                 id="mainId"
                 name="mainId"
                 onmousedown="test-onmousedown"
                 type="file"
                >
              
            </input>
          </td>
        </tr>
      </table>
<!--AttributeTest[onmousemove,null]-->

      <table
           border="0"
           cellpadding="0"
           cellspacing="0"
           class="af_inputFile"
           id="mainId__xc_"
           summary=""
          >
        
        <tr
            >
          
          <td
               class="af_inputFile_label"
               nowrap="nowrap"
              >
            
          </td>
          <td
               class="AFContentCell"
               nowrap="nowrap"
               valign="top"
              >
            
            <input
                 class="af_inputFile_content"
                 id="mainId"
                 name="mainId"
                 onmousemove="test-onmousemove"
                 type="file"
                >
              
            </input>
          </td>
        </tr>
      </table>
<!--AttributeTest[onmouseout,null]-->

      <table
           border="0"
           cellpadding="0"
           cellspacing="0"
           class="af_inputFile"
           id="mainId__xc_"
           summary=""
          >
        
        <tr
            >
          
          <td
               class="af_inputFile_label"
               nowrap="nowrap"
              >
            
          </td>
          <td
               class="AFContentCell"
               nowrap="nowrap"
               valign="top"
              >
            
            <input
                 class="af_inputFile_content"
                 id="mainId"
                 name="mainId"
                 onmouseout="test-onmouseout"
                 type="file"
                >
              
            </input>
          </td>
        </tr>
      </table>
<!--AttributeTest[onmouseover,null]-->

      <table
           border="0"
           cellpadding="0"
           cellspacing="0"
           class="af_inputFile"
           id="mainId__xc_"
           summary=""
          >
        
        <tr
            >
          
          <td
               class="af_inputFile_label"
               nowrap="nowrap"
              >
            
          </td>
          <td
               class="AFContentCell"
               nowrap="nowrap"
               valign="top"
              >
            
            <input
                 class="af_inputFile_content"
                 id="mainId"
                 name="mainId"
                 onmouseover="test-onmouseover"
                 type="file"
                >
              
            </input>
          </td>
        </tr>
      </table>
<!--AttributeTest[onmouseup,null]-->

      <table
           border="0"
           cellpadding="0"
           cellspacing="0"
           class="af_inputFile"
           id="mainId__xc_"
           summary=""
          >
        
        <tr
            >
          
          <td
               class="af_inputFile_label"
               nowrap="nowrap"
              >
            
          </td>
          <td
               class="AFContentCell"
               nowrap="nowrap"
               valign="top"
              >
            
            <input
                 class="af_inputFile_content"
                 id="mainId"
                 name="mainId"
                 onmouseup="test-onmouseup"
                 type="file"
                >
              
            </input>
          </td>
        </tr>
      </table>
<!--AttributeTest[onselect,null]-->

      <table
           border="0"
           cellpadding="0"
           cellspacing="0"
           class="af_inputFile"
           id="mainId__xc_"
           summary=""
          >
        
        <tr
            >
          
          <td
               class="af_inputFile_label"
               nowrap="nowrap"
              >
            
          </td>
          <td
               class="AFContentCell"
               nowrap="nowrap"
               valign="top"
              >
            
            <input
                 class="af_inputFile_content"
                 id="mainId"
                 name="mainId"
                 onselect="test-onselect"
                 type="file"
                >
              
            </input>
          </td>
        </tr>
      </table>
<!--AttributeTest[disabled,false]-->

      <table
           border="0"
           cellpadding="0"
           cellspacing="0"
           class="af_inputFile"
           id="mainId__xc_"
           summary=""
          >
        
        <tr
            >
          
          <td
               class="af_inputFile_label"
               nowrap="nowrap"
              >
            
          </td>
          <td
               class="AFContentCell"
               nowrap="nowrap"
               valign="top"
              >
            
            <input
                 class="af_inputFile_content"
                 id="mainId"
                 name="mainId"
                 type="file"
                >
              
            </input>
          </td>
        </tr>
      </table>
<!--AttributeTest[disabled,true]-->

      <table
           border="0"
           cellpadding="0"
           cellspacing="0"
           class="af_inputFile p_AFDisabled"
           id="mainId__xc_"
           summary=""
          >
        
        <tr
            >
          
          <td
               class="af_inputFile_label"
               nowrap="nowrap"
              >
            
          </td>
          <td
               class="AFContentCell"
               nowrap="nowrap"
               valign="top"
              >
            
            <input
                 class="af_inputFile_content"
                 disabled="disabled"
                 id="mainId"
                 name="mainId"
                 type="file"
                >
              
            </input>
          </td>
        </tr>
      </table>
<!--AttributeTest[columns,3]-->

      <table
           border="0"
           cellpadding="0"
           cellspacing="0"
           class="af_inputFile"
           id="mainId__xc_"
           summary=""
          >
        
        <tr
            >
          
          <td
               class="af_inputFile_label"
               nowrap="nowrap"
              >
            
          </td>
          <td
               class="AFContentCell"
               nowrap="nowrap"
               valign="top"
              >
            
            <input
                 class="af_inputFile_content"
                 id="mainId"
                 name="mainId"
                 size="3"
                 type="file"
                >
              
            </input>
          </td>
        </tr>
      </table>
<!--AttributeTest[id,id_val]-->

      <table
           border="0"
           cellpadding="0"
           cellspacing="0"
           class="af_inputFile"
           id="id_val__xc_"
           summary=""
          >
        
        <tr
            >
          
          <td
               class="af_inputFile_label"
               nowrap="nowrap"
              >
            
          </td>
          <td
               class="AFContentCell"
               nowrap="nowrap"
               valign="top"
              >
            
            <input
                 class="af_inputFile_content"
                 id="id_val"
                 name="id_val"
                 type="file"
                >
              
            </input>
          </td>
        </tr>
      </table>
<!--AttributeTest[inlineStyle,background-color:red]-->

      <table
           border="0"
           cellpadding="0"
           cellspacing="0"
           class="af_inputFile"
           id="mainId__xc_"
           style="background-color:red"
           summary=""
          >
        
        <tr
            >
          
          <td
               class="af_inputFile_label"
               nowrap="nowrap"
              >
            
          </td>
          <td
               class="AFContentCell"
               nowrap="nowrap"
               valign="top"
              >
            
            <input
                 class="af_inputFile_content"
                 id="mainId"
                 name="mainId"
                 type="file"
                >
              
            </input>
          </td>
        </tr>
      </table>
<!--AttributeTest[label,null]-->

      <table
           border="0"
           cellpadding="0"
           cellspacing="0"
           class="af_inputFile"
           id="mainId__xc_"
           summary=""
          >
        
        <tr
            >
          
          <td
               class="af_inputFile_label"
               nowrap="nowrap"
              >
            
            <label
                 for="mainId"
                >
              test-label
            </label>
          </td>
          <td
               class="AFContentCell"
               nowrap="nowrap"
               valign="top"
              >
            
            <input
                 class="af_inputFile_content"
                 id="mainId"
                 name="mainId"
                 type="file"
                >
              
            </input>
          </td>
        </tr>
      </table>
<!--AttributeTest[shortDesc,null]-->

      <table
           border="0"
           cellpadding="0"
           cellspacing="0"
           class="af_inputFile"
           id="mainId__xc_"
           summary=""
           title="test-shortDesc"
          >
        
        <tr
            >
          
          <td
               class="af_inputFile_label"
               nowrap="nowrap"
              >
            
          </td>
          <td
               class="AFContentCell"
               nowrap="nowrap"
               valign="top"
              >
            
            <input
                 class="af_inputFile_content"
                 id="mainId"
                 name="mainId"
                 title="test-shortDesc"
                 type="file"
                >
              
            </input>
          </td>
        </tr>
      </table>
<!--AttributeTest[styleClass,null]-->

      <table
           border="0"
           cellpadding="0"
           cellspacing="0"
           class="test-styleClass af_inputFile"
           id="mainId__xc_"
           summary=""
          >
        
        <tr
            >
          
          <td
               class="af_inputFile_label"
               nowrap="nowrap"
              >
            
          </td>
          <td
               class="AFContentCell"
               nowrap="nowrap"
               valign="top"
              >
            
            <input
                 class="af_inputFile_content"
                 id="mainId"
                 name="mainId"
                 type="file"
                >
              
            </input>
          </td>
        </tr>
      </table>
</results>
