<results>
      <table
           border="0"
           cellpadding="0"
           cellspacing="0"
           id="mainId__xc_"
           summary=""
          >
        
        <tr
            >
          
          <td
               align="right"
               nowrap="nowrap"
              >
            
          </td>
          <td
              >
            
          </td>
          <td
               nowrap="nowrap"
               valign="top"
              >
            
            <input
                 class="OraFieldText"
                 id="mainId"
                 name="mainId"
                 size="30"
                 type="text"
                 value="Text"
                >
              
            </input>
          </td>
        </tr>
      </table>
<!--AttributeTest[onclick,null]-->

      <table
           border="0"
           cellpadding="0"
           cellspacing="0"
           id="mainId__xc_"
           summary=""
          >
        
        <tr
            >
          
          <td
               align="right"
               nowrap="nowrap"
              >
            
          </td>
          <td
              >
            
          </td>
          <td
               nowrap="nowrap"
               valign="top"
              >
            
            <input
                 class="OraFieldText"
                 id="mainId"
                 name="mainId"
                 onclick="test-onclick"
                 size="30"
                 type="text"
                 value="Text"
                >
              
            </input>
          </td>
        </tr>
      </table>
<!--AttributeTest[styleClass,OraErrorText]-->

      <table
           border="0"
           cellpadding="0"
           cellspacing="0"
           id="mainId__xc_"
           summary=""
          >
        
        <tr
            >
          
          <td
               align="right"
               nowrap="nowrap"
              >
            
          </td>
          <td
              >
            
          </td>
          <td
               nowrap="nowrap"
               valign="top"
              >
            
            <input
                 class="OraErrorText"
                 id="mainId"
                 name="mainId"
                 size="30"
                 type="text"
                 value="Text"
                >
              
            </input>
          </td>
        </tr>
      </table>
<!--AttributeTest[fooBar,null]-->

      <table
           border="0"
           cellpadding="0"
           cellspacing="0"
           id="mainId__xc_"
           summary=""
          >
        
        <tr
            >
          
          <td
               align="right"
               nowrap="nowrap"
              >
            
          </td>
          <td
              >
            
          </td>
          <td
               nowrap="nowrap"
               valign="top"
              >
            
            <input
                 class="OraFieldText"
                 id="mainId"
                 name="mainId"
                 size="30"
                 type="text"
                 value="Text"
                >
              
            </input>
          </td>
        </tr>
      </table>
<!--AttributeTest[disabled,false]-->

      <table
           border="0"
           cellpadding="0"
           cellspacing="0"
           id="mainId__xc_"
           summary=""
          >
        
        <tr
            >
          
          <td
               align="right"
               nowrap="nowrap"
              >
            
          </td>
          <td
              >
            
          </td>
          <td
               nowrap="nowrap"
               valign="top"
              >
            
            <input
                 class="OraFieldText"
                 id="mainId"
                 name="mainId"
                 size="30"
                 type="text"
                 value="Text"
                >
              
            </input>
          </td>
        </tr>
      </table>
<!--AttributeTest[disabled,true]-->

      <table
           border="0"
           cellpadding="0"
           cellspacing="0"
           id="mainId__xc_"
           summary=""
          >
        
        <tr
            >
          
          <td
               align="right"
               nowrap="nowrap"
              >
            
          </td>
          <td
              >
            
          </td>
          <td
               nowrap="nowrap"
               valign="top"
              >
            
            <input
                 class="OraFieldTextDisabled"
                 disabled="disabled"
                 id="mainId"
                 name="mainId"
                 size="30"
                 type="text"
                 value="Text"
                >
              
            </input>
          </td>
        </tr>
      </table>
<!--AttributeTest[readOnly,false]-->

      <table
           border="0"
           cellpadding="0"
           cellspacing="0"
           id="mainId__xc_"
           summary=""
          >
        
        <tr
            >
          
          <td
               align="right"
               nowrap="nowrap"
              >
            
          </td>
          <td
              >
            
          </td>
          <td
               nowrap="nowrap"
               valign="top"
              >
            
            <input
                 class="OraFieldText"
                 id="mainId"
                 name="mainId"
                 size="30"
                 type="text"
                 value="Text"
                >
              
            </input>
          </td>
        </tr>
      </table>
<!--AttributeTest[readOnly,true]-->

      <table
           border="0"
           cellpadding="0"
           cellspacing="0"
           id="mainId__xc_"
           summary=""
          >
        
        <tr
            >
          
          <td
               align="right"
               nowrap="nowrap"
              >
            
          </td>
          <td
              >
            
          </td>
          <td
               nowrap="nowrap"
               valign="top"
              >
            
            <span
                 class="OraFieldText"
                 id="mainId"
                >
              Text
            </span>
          </td>
        </tr>
      </table>
</results>
