<results>
<!--AttributeTest[onblur,null]-->

<!--AttributeTest[onchange,null]-->

<!--AttributeTest[onclick,null]-->

<!--AttributeTest[ondblclick,null]-->

<!--AttributeTest[onfocus,null]-->

<!--AttributeTest[onkeydown,null]-->

<!--AttributeTest[onkeypress,null]-->

<!--AttributeTest[onkeyup,null]-->

<!--AttributeTest[onmousedown,null]-->

<!--AttributeTest[onmousemove,null]-->

<!--AttributeTest[onmouseout,null]-->

<!--AttributeTest[onmouseover,null]-->

<!--AttributeTest[onmouseup,null]-->

<!--AttributeTest[onselect,null]-->

<!--AttributeTest[disabled,false]-->

<!--AttributeTest[disabled,true]-->

<!--AttributeTest[columns,3]-->

<!--AttributeTest[id,id_val]-->

<!--AttributeTest[inlineStyle,background-color:red]-->

<!--AttributeTest[label,null]-->

<!--AttributeTest[shortDesc,null]-->

<!--AttributeTest[styleClass,null]-->

</results>
