<results>
      <div
           class="af_navigationPane_bar"
           id="mainId"
          >
        
        <span
             class="af_navigationPane_bar-active-enabled"
            >
          
          <span
               class="af_navigationPane_bar-content"
              >
            
            <a
                 onclick="submitForm('formId',1,{source:'mainId:0:stamp'});return false;"
                 style="font-weight: bold;"
                 href="uri-attr:#"
                 id="uri-attr:mainId:0:stamp"
                 name="uri-attr:mainId:0:stamp"
                >
              First
            </a>
          </span>
          <span
               class="af_navigationPane_bar-separator"
              >
            |
          </span>
        </span>
        <span
             class="af_navigationPane_bar-inactive-enabled"
            >
          
          <span
               class="af_navigationPane_bar-content"
              >
            
            <a
                 onclick="submitForm('formId',1,{source:'mainId:1:stamp'});return false;"
                 href="uri-attr:#"
                 id="uri-attr:mainId:1:stamp"
                 name="uri-attr:mainId:1:stamp"
                >
              Second
            </a>
          </span>
          <span
               class="af_navigationPane_bar-separator"
              >
            |
          </span>
        </span>
        <span
             class="af_navigationPane_bar-inactive-enabled"
            >
          
          <span
               class="af_navigationPane_bar-content"
              >
            
            <a
                 onclick="submitForm('formId',1,{source:'mainId:2:stamp'});return false;"
                 href="uri-attr:#"
                 id="uri-attr:mainId:2:stamp"
                 name="uri-attr:mainId:2:stamp"
                >
              Third
            </a>
          </span>
        </span>
      </div>
<!--AttributeTest[id,myid]-->

      <div
           class="af_navigationPane_bar"
           id="myid"
          >
        
        <span
             class="af_navigationPane_bar-active-enabled"
            >
          
          <span
               class="af_navigationPane_bar-content"
              >
            
            <a
                 onclick="submitForm('formId',1,{source:'myid:0:stamp'});return false;"
                 style="font-weight: bold;"
                 href="uri-attr:#"
                 id="uri-attr:myid:0:stamp"
                 name="uri-attr:myid:0:stamp"
                >
              First
            </a>
          </span>
          <span
               class="af_navigationPane_bar-separator"
              >
            |
          </span>
        </span>
        <span
             class="af_navigationPane_bar-inactive-enabled"
            >
          
          <span
               class="af_navigationPane_bar-content"
              >
            
            <a
                 onclick="submitForm('formId',1,{source:'myid:1:stamp'});return false;"
                 href="uri-attr:#"
                 id="uri-attr:myid:1:stamp"
                 name="uri-attr:myid:1:stamp"
                >
              Second
            </a>
          </span>
          <span
               class="af_navigationPane_bar-separator"
              >
            |
          </span>
        </span>
        <span
             class="af_navigationPane_bar-inactive-enabled"
            >
          
          <span
               class="af_navigationPane_bar-content"
              >
            
            <a
                 onclick="submitForm('formId',1,{source:'myid:2:stamp'});return false;"
                 href="uri-attr:#"
                 id="uri-attr:myid:2:stamp"
                 name="uri-attr:myid:2:stamp"
                >
              Third
            </a>
          </span>
        </span>
      </div>
<!--AttributeTest[shortDesc,my short desc]-->

      <div
           class="af_navigationPane_bar"
           id="mainId"
           title="my short desc"
          >
        
        <span
             class="af_navigationPane_bar-active-enabled"
            >
          
          <span
               class="af_navigationPane_bar-content"
              >
            
            <a
                 onclick="submitForm('formId',1,{source:'mainId:0:stamp'});return false;"
                 style="font-weight: bold;"
                 href="uri-attr:#"
                 id="uri-attr:mainId:0:stamp"
                 name="uri-attr:mainId:0:stamp"
                >
              First
            </a>
          </span>
          <span
               class="af_navigationPane_bar-separator"
              >
            |
          </span>
        </span>
        <span
             class="af_navigationPane_bar-inactive-enabled"
            >
          
          <span
               class="af_navigationPane_bar-content"
              >
            
            <a
                 onclick="submitForm('formId',1,{source:'mainId:1:stamp'});return false;"
                 href="uri-attr:#"
                 id="uri-attr:mainId:1:stamp"
                 name="uri-attr:mainId:1:stamp"
                >
              Second
            </a>
          </span>
          <span
               class="af_navigationPane_bar-separator"
              >
            |
          </span>
        </span>
        <span
             class="af_navigationPane_bar-inactive-enabled"
            >
          
          <span
               class="af_navigationPane_bar-content"
              >
            
            <a
                 onclick="submitForm('formId',1,{source:'mainId:2:stamp'});return false;"
                 href="uri-attr:#"
                 id="uri-attr:mainId:2:stamp"
                 name="uri-attr:mainId:2:stamp"
                >
              Third
            </a>
          </span>
        </span>
      </div>
<!--AttributeTest[onclick,null]-->

      <div
           class="af_navigationPane_bar"
           id="mainId"
           onclick="test-onclick"
          >
        
        <span
             class="af_navigationPane_bar-active-enabled"
            >
          
          <span
               class="af_navigationPane_bar-content"
              >
            
            <a
                 onclick="submitForm('formId',1,{source:'mainId:0:stamp'});return false;"
                 style="font-weight: bold;"
                 href="uri-attr:#"
                 id="uri-attr:mainId:0:stamp"
                 name="uri-attr:mainId:0:stamp"
                >
              First
            </a>
          </span>
          <span
               class="af_navigationPane_bar-separator"
              >
            |
          </span>
        </span>
        <span
             class="af_navigationPane_bar-inactive-enabled"
            >
          
          <span
               class="af_navigationPane_bar-content"
              >
            
            <a
                 onclick="submitForm('formId',1,{source:'mainId:1:stamp'});return false;"
                 href="uri-attr:#"
                 id="uri-attr:mainId:1:stamp"
                 name="uri-attr:mainId:1:stamp"
                >
              Second
            </a>
          </span>
          <span
               class="af_navigationPane_bar-separator"
              >
            |
          </span>
        </span>
        <span
             class="af_navigationPane_bar-inactive-enabled"
            >
          
          <span
               class="af_navigationPane_bar-content"
              >
            
            <a
                 onclick="submitForm('formId',1,{source:'mainId:2:stamp'});return false;"
                 href="uri-attr:#"
                 id="uri-attr:mainId:2:stamp"
                 name="uri-attr:mainId:2:stamp"
                >
              Third
            </a>
          </span>
        </span>
      </div>
<!--AttributeTest[ondblclick,null]-->

      <div
           class="af_navigationPane_bar"
           id="mainId"
           ondblclick="test-ondblclick"
          >
        
        <span
             class="af_navigationPane_bar-active-enabled"
            >
          
          <span
               class="af_navigationPane_bar-content"
              >
            
            <a
                 onclick="submitForm('formId',1,{source:'mainId:0:stamp'});return false;"
                 style="font-weight: bold;"
                 href="uri-attr:#"
                 id="uri-attr:mainId:0:stamp"
                 name="uri-attr:mainId:0:stamp"
                >
              First
            </a>
          </span>
          <span
               class="af_navigationPane_bar-separator"
              >
            |
          </span>
        </span>
        <span
             class="af_navigationPane_bar-inactive-enabled"
            >
          
          <span
               class="af_navigationPane_bar-content"
              >
            
            <a
                 onclick="submitForm('formId',1,{source:'mainId:1:stamp'});return false;"
                 href="uri-attr:#"
                 id="uri-attr:mainId:1:stamp"
                 name="uri-attr:mainId:1:stamp"
                >
              Second
            </a>
          </span>
          <span
               class="af_navigationPane_bar-separator"
              >
            |
          </span>
        </span>
        <span
             class="af_navigationPane_bar-inactive-enabled"
            >
          
          <span
               class="af_navigationPane_bar-content"
              >
            
            <a
                 onclick="submitForm('formId',1,{source:'mainId:2:stamp'});return false;"
                 href="uri-attr:#"
                 id="uri-attr:mainId:2:stamp"
                 name="uri-attr:mainId:2:stamp"
                >
              Third
            </a>
          </span>
        </span>
      </div>
<!--AttributeTest[onkeydown,null]-->

      <div
           class="af_navigationPane_bar"
           id="mainId"
           onkeydown="test-onkeydown"
          >
        
        <span
             class="af_navigationPane_bar-active-enabled"
            >
          
          <span
               class="af_navigationPane_bar-content"
              >
            
            <a
                 onclick="submitForm('formId',1,{source:'mainId:0:stamp'});return false;"
                 style="font-weight: bold;"
                 href="uri-attr:#"
                 id="uri-attr:mainId:0:stamp"
                 name="uri-attr:mainId:0:stamp"
                >
              First
            </a>
          </span>
          <span
               class="af_navigationPane_bar-separator"
              >
            |
          </span>
        </span>
        <span
             class="af_navigationPane_bar-inactive-enabled"
            >
          
          <span
               class="af_navigationPane_bar-content"
              >
            
            <a
                 onclick="submitForm('formId',1,{source:'mainId:1:stamp'});return false;"
                 href="uri-attr:#"
                 id="uri-attr:mainId:1:stamp"
                 name="uri-attr:mainId:1:stamp"
                >
              Second
            </a>
          </span>
          <span
               class="af_navigationPane_bar-separator"
              >
            |
          </span>
        </span>
        <span
             class="af_navigationPane_bar-inactive-enabled"
            >
          
          <span
               class="af_navigationPane_bar-content"
              >
            
            <a
                 onclick="submitForm('formId',1,{source:'mainId:2:stamp'});return false;"
                 href="uri-attr:#"
                 id="uri-attr:mainId:2:stamp"
                 name="uri-attr:mainId:2:stamp"
                >
              Third
            </a>
          </span>
        </span>
      </div>
<!--AttributeTest[onkeypress,null]-->

      <div
           class="af_navigationPane_bar"
           id="mainId"
           onkeypress="test-onkeypress"
          >
        
        <span
             class="af_navigationPane_bar-active-enabled"
            >
          
          <span
               class="af_navigationPane_bar-content"
              >
            
            <a
                 onclick="submitForm('formId',1,{source:'mainId:0:stamp'});return false;"
                 style="font-weight: bold;"
                 href="uri-attr:#"
                 id="uri-attr:mainId:0:stamp"
                 name="uri-attr:mainId:0:stamp"
                >
              First
            </a>
          </span>
          <span
               class="af_navigationPane_bar-separator"
              >
            |
          </span>
        </span>
        <span
             class="af_navigationPane_bar-inactive-enabled"
            >
          
          <span
               class="af_navigationPane_bar-content"
              >
            
            <a
                 onclick="submitForm('formId',1,{source:'mainId:1:stamp'});return false;"
                 href="uri-attr:#"
                 id="uri-attr:mainId:1:stamp"
                 name="uri-attr:mainId:1:stamp"
                >
              Second
            </a>
          </span>
          <span
               class="af_navigationPane_bar-separator"
              >
            |
          </span>
        </span>
        <span
             class="af_navigationPane_bar-inactive-enabled"
            >
          
          <span
               class="af_navigationPane_bar-content"
              >
            
            <a
                 onclick="submitForm('formId',1,{source:'mainId:2:stamp'});return false;"
                 href="uri-attr:#"
                 id="uri-attr:mainId:2:stamp"
                 name="uri-attr:mainId:2:stamp"
                >
              Third
            </a>
          </span>
        </span>
      </div>
<!--AttributeTest[onkeyup,null]-->

      <div
           class="af_navigationPane_bar"
           id="mainId"
           onkeyup="test-onkeyup"
          >
        
        <span
             class="af_navigationPane_bar-active-enabled"
            >
          
          <span
               class="af_navigationPane_bar-content"
              >
            
            <a
                 onclick="submitForm('formId',1,{source:'mainId:0:stamp'});return false;"
                 style="font-weight: bold;"
                 href="uri-attr:#"
                 id="uri-attr:mainId:0:stamp"
                 name="uri-attr:mainId:0:stamp"
                >
              First
            </a>
          </span>
          <span
               class="af_navigationPane_bar-separator"
              >
            |
          </span>
        </span>
        <span
             class="af_navigationPane_bar-inactive-enabled"
            >
          
          <span
               class="af_navigationPane_bar-content"
              >
            
            <a
                 onclick="submitForm('formId',1,{source:'mainId:1:stamp'});return false;"
                 href="uri-attr:#"
                 id="uri-attr:mainId:1:stamp"
                 name="uri-attr:mainId:1:stamp"
                >
              Second
            </a>
          </span>
          <span
               class="af_navigationPane_bar-separator"
              >
            |
          </span>
        </span>
        <span
             class="af_navigationPane_bar-inactive-enabled"
            >
          
          <span
               class="af_navigationPane_bar-content"
              >
            
            <a
                 onclick="submitForm('formId',1,{source:'mainId:2:stamp'});return false;"
                 href="uri-attr:#"
                 id="uri-attr:mainId:2:stamp"
                 name="uri-attr:mainId:2:stamp"
                >
              Third
            </a>
          </span>
        </span>
      </div>
<!--AttributeTest[onmousedown,null]-->

      <div
           class="af_navigationPane_bar"
           id="mainId"
           onmousedown="test-onmousedown"
          >
        
        <span
             class="af_navigationPane_bar-active-enabled"
            >
          
          <span
               class="af_navigationPane_bar-content"
              >
            
            <a
                 onclick="submitForm('formId',1,{source:'mainId:0:stamp'});return false;"
                 style="font-weight: bold;"
                 href="uri-attr:#"
                 id="uri-attr:mainId:0:stamp"
                 name="uri-attr:mainId:0:stamp"
                >
              First
            </a>
          </span>
          <span
               class="af_navigationPane_bar-separator"
              >
            |
          </span>
        </span>
        <span
             class="af_navigationPane_bar-inactive-enabled"
            >
          
          <span
               class="af_navigationPane_bar-content"
              >
            
            <a
                 onclick="submitForm('formId',1,{source:'mainId:1:stamp'});return false;"
                 href="uri-attr:#"
                 id="uri-attr:mainId:1:stamp"
                 name="uri-attr:mainId:1:stamp"
                >
              Second
            </a>
          </span>
          <span
               class="af_navigationPane_bar-separator"
              >
            |
          </span>
        </span>
        <span
             class="af_navigationPane_bar-inactive-enabled"
            >
          
          <span
               class="af_navigationPane_bar-content"
              >
            
            <a
                 onclick="submitForm('formId',1,{source:'mainId:2:stamp'});return false;"
                 href="uri-attr:#"
                 id="uri-attr:mainId:2:stamp"
                 name="uri-attr:mainId:2:stamp"
                >
              Third
            </a>
          </span>
        </span>
      </div>
<!--AttributeTest[onmousemove,null]-->

      <div
           class="af_navigationPane_bar"
           id="mainId"
           onmousemove="test-onmousemove"
          >
        
        <span
             class="af_navigationPane_bar-active-enabled"
            >
          
          <span
               class="af_navigationPane_bar-content"
              >
            
            <a
                 onclick="submitForm('formId',1,{source:'mainId:0:stamp'});return false;"
                 style="font-weight: bold;"
                 href="uri-attr:#"
                 id="uri-attr:mainId:0:stamp"
                 name="uri-attr:mainId:0:stamp"
                >
              First
            </a>
          </span>
          <span
               class="af_navigationPane_bar-separator"
              >
            |
          </span>
        </span>
        <span
             class="af_navigationPane_bar-inactive-enabled"
            >
          
          <span
               class="af_navigationPane_bar-content"
              >
            
            <a
                 onclick="submitForm('formId',1,{source:'mainId:1:stamp'});return false;"
                 href="uri-attr:#"
                 id="uri-attr:mainId:1:stamp"
                 name="uri-attr:mainId:1:stamp"
                >
              Second
            </a>
          </span>
          <span
               class="af_navigationPane_bar-separator"
              >
            |
          </span>
        </span>
        <span
             class="af_navigationPane_bar-inactive-enabled"
            >
          
          <span
               class="af_navigationPane_bar-content"
              >
            
            <a
                 onclick="submitForm('formId',1,{source:'mainId:2:stamp'});return false;"
                 href="uri-attr:#"
                 id="uri-attr:mainId:2:stamp"
                 name="uri-attr:mainId:2:stamp"
                >
              Third
            </a>
          </span>
        </span>
      </div>
<!--AttributeTest[onmouseout,null]-->

      <div
           class="af_navigationPane_bar"
           id="mainId"
           onmouseout="test-onmouseout"
          >
        
        <span
             class="af_navigationPane_bar-active-enabled"
            >
          
          <span
               class="af_navigationPane_bar-content"
              >
            
            <a
                 onclick="submitForm('formId',1,{source:'mainId:0:stamp'});return false;"
                 style="font-weight: bold;"
                 href="uri-attr:#"
                 id="uri-attr:mainId:0:stamp"
                 name="uri-attr:mainId:0:stamp"
                >
              First
            </a>
          </span>
          <span
               class="af_navigationPane_bar-separator"
              >
            |
          </span>
        </span>
        <span
             class="af_navigationPane_bar-inactive-enabled"
            >
          
          <span
               class="af_navigationPane_bar-content"
              >
            
            <a
                 onclick="submitForm('formId',1,{source:'mainId:1:stamp'});return false;"
                 href="uri-attr:#"
                 id="uri-attr:mainId:1:stamp"
                 name="uri-attr:mainId:1:stamp"
                >
              Second
            </a>
          </span>
          <span
               class="af_navigationPane_bar-separator"
              >
            |
          </span>
        </span>
        <span
             class="af_navigationPane_bar-inactive-enabled"
            >
          
          <span
               class="af_navigationPane_bar-content"
              >
            
            <a
                 onclick="submitForm('formId',1,{source:'mainId:2:stamp'});return false;"
                 href="uri-attr:#"
                 id="uri-attr:mainId:2:stamp"
                 name="uri-attr:mainId:2:stamp"
                >
              Third
            </a>
          </span>
        </span>
      </div>
<!--AttributeTest[onmouseover,null]-->

      <div
           class="af_navigationPane_bar"
           id="mainId"
           onmouseover="test-onmouseover"
          >
        
        <span
             class="af_navigationPane_bar-active-enabled"
            >
          
          <span
               class="af_navigationPane_bar-content"
              >
            
            <a
                 onclick="submitForm('formId',1,{source:'mainId:0:stamp'});return false;"
                 style="font-weight: bold;"
                 href="uri-attr:#"
                 id="uri-attr:mainId:0:stamp"
                 name="uri-attr:mainId:0:stamp"
                >
              First
            </a>
          </span>
          <span
               class="af_navigationPane_bar-separator"
              >
            |
          </span>
        </span>
        <span
             class="af_navigationPane_bar-inactive-enabled"
            >
          
          <span
               class="af_navigationPane_bar-content"
              >
            
            <a
                 onclick="submitForm('formId',1,{source:'mainId:1:stamp'});return false;"
                 href="uri-attr:#"
                 id="uri-attr:mainId:1:stamp"
                 name="uri-attr:mainId:1:stamp"
                >
              Second
            </a>
          </span>
          <span
               class="af_navigationPane_bar-separator"
              >
            |
          </span>
        </span>
        <span
             class="af_navigationPane_bar-inactive-enabled"
            >
          
          <span
               class="af_navigationPane_bar-content"
              >
            
            <a
                 onclick="submitForm('formId',1,{source:'mainId:2:stamp'});return false;"
                 href="uri-attr:#"
                 id="uri-attr:mainId:2:stamp"
                 name="uri-attr:mainId:2:stamp"
                >
              Third
            </a>
          </span>
        </span>
      </div>
<!--AttributeTest[onmouseup,null]-->

      <div
           class="af_navigationPane_bar"
           id="mainId"
           onmouseup="test-onmouseup"
          >
        
        <span
             class="af_navigationPane_bar-active-enabled"
            >
          
          <span
               class="af_navigationPane_bar-content"
              >
            
            <a
                 onclick="submitForm('formId',1,{source:'mainId:0:stamp'});return false;"
                 style="font-weight: bold;"
                 href="uri-attr:#"
                 id="uri-attr:mainId:0:stamp"
                 name="uri-attr:mainId:0:stamp"
                >
              First
            </a>
          </span>
          <span
               class="af_navigationPane_bar-separator"
              >
            |
          </span>
        </span>
        <span
             class="af_navigationPane_bar-inactive-enabled"
            >
          
          <span
               class="af_navigationPane_bar-content"
              >
            
            <a
                 onclick="submitForm('formId',1,{source:'mainId:1:stamp'});return false;"
                 href="uri-attr:#"
                 id="uri-attr:mainId:1:stamp"
                 name="uri-attr:mainId:1:stamp"
                >
              Second
            </a>
          </span>
          <span
               class="af_navigationPane_bar-separator"
              >
            |
          </span>
        </span>
        <span
             class="af_navigationPane_bar-inactive-enabled"
            >
          
          <span
               class="af_navigationPane_bar-content"
              >
            
            <a
                 onclick="submitForm('formId',1,{source:'mainId:2:stamp'});return false;"
                 href="uri-attr:#"
                 id="uri-attr:mainId:2:stamp"
                 name="uri-attr:mainId:2:stamp"
                >
              Third
            </a>
          </span>
        </span>
      </div>
</results>
