<results>
      <span
           class="af_outputLabel"
           id="mainId"
          >
        label-noaccess
      </span>
<!--AttributeTest[accessKey,a]-->

      <span
           class="af_outputLabel"
           id="mainId"
          >
        
        <label
             accesskey="a"
             for="input"
            >
          l
          <span
               class="AFAccessKeyStyle"
              >
            a
          </span>bel-noaccess
        </label>
      </span>
<!--AttributeTest[showRequired,false]-->

      <span
           class="af_outputLabel"
           id="mainId"
          >
        label-noaccess
      </span>
<!--AttributeTest[showRequired,true]-->

      <span
           class="af_outputLabel"
           id="mainId"
          >
        
        <span
             class="AFRequiredIconStyle"
             title="Required"
            >
          *
        </span>&#xa0;label-noaccess
      </span>
<!--AttributeTest[id,null]-->

      <span
           class="af_outputLabel"
           id="test-id"
          >
        label-noaccess
      </span>
<!--AttributeTest[rendered,false]-->

<!--AttributeTest[rendered,true]-->

      <span
           class="af_outputLabel"
           id="mainId"
          >
        label-noaccess
      </span>
<!--AttributeTest[inlineStyle,null]-->

      <span
           class="af_outputLabel"
           id="mainId"
           style="test-inlineStyle"
          >
        label-noaccess
      </span>
<!--AttributeTest[styleClass,null]-->

      <span
           class="test-styleClass af_outputLabel"
           id="mainId"
          >
        label-noaccess
      </span>
<!--AttributeTest[shortDesc,null]-->

      <span
           class="af_outputLabel"
           id="mainId"
           title="test-shortDesc"
          >
        label-noaccess
      </span>
<!--AttributeTest[onclick,null]-->

      <span
           class="af_outputLabel"
           id="mainId"
           onclick="test-onclick"
          >
        label-noaccess
      </span>
<!--AttributeTest[ondblclick,null]-->

      <span
           class="af_outputLabel"
           id="mainId"
           ondblclick="test-ondblclick"
          >
        label-noaccess
      </span>
<!--AttributeTest[onkeydown,null]-->

      <span
           class="af_outputLabel"
           id="mainId"
           onkeydown="test-onkeydown"
          >
        label-noaccess
      </span>
<!--AttributeTest[onkeypress,null]-->

      <span
           class="af_outputLabel"
           id="mainId"
           onkeypress="test-onkeypress"
          >
        label-noaccess
      </span>
<!--AttributeTest[onkeyup,null]-->

      <span
           class="af_outputLabel"
           id="mainId"
           onkeyup="test-onkeyup"
          >
        label-noaccess
      </span>
<!--AttributeTest[onmousedown,null]-->

      <span
           class="af_outputLabel"
           id="mainId"
           onmousedown="test-onmousedown"
          >
        label-noaccess
      </span>
<!--AttributeTest[onmousemove,null]-->

      <span
           class="af_outputLabel"
           id="mainId"
           onmousemove="test-onmousemove"
          >
        label-noaccess
      </span>
<!--AttributeTest[onmouseout,null]-->

      <span
           class="af_outputLabel"
           id="mainId"
           onmouseout="test-onmouseout"
          >
        label-noaccess
      </span>
<!--AttributeTest[onmouseover,null]-->

      <span
           class="af_outputLabel"
           id="mainId"
           onmouseover="test-onmouseover"
          >
        label-noaccess
      </span>
<!--AttributeTest[onmouseup,null]-->

      <span
           class="af_outputLabel"
           id="mainId"
           onmouseup="test-onmouseup"
          >
        label-noaccess
      </span>
</results>
