<results>
      <span
           id="mainId"
          >
        Text
      </span>
<!--AttributeTest[onclick,null]-->

      <span
           id="mainId"
           onclick="test-onclick"
          >
        Text
      </span>
<!--AttributeTest[styleClass,OraErrorText]-->

      <span
           class="OraErrorText"
           id="mainId"
          >
        Text
      </span>
</results>
