<results>
      <span
           id="mainId"
          >
        Text
      </span>
<!--AttributeTest[value,<p>paragraph</p>]-->

      <span
           id="mainId"
          >
        
        <p
            >
          paragraph
        </p>
      </span>
<!--AttributeTest[value,<b>bold</b>]-->

      <span
           id="mainId"
          >
        
        <b
            >
          bold
        </b>
      </span>
<!--AttributeTest[value,<i>italic</i>]-->

      <span
           id="mainId"
          >
        
        <i
            >
          italic
        </i>
      </span>
<!--AttributeTest[value,<tt>tt</tt>]-->

      <span
           id="mainId"
          >
        
        <tt
            >
          tt
        </tt>
      </span>
<!--AttributeTest[value,<big>big</big>]-->

      <span
           id="mainId"
          >
        
        <big
            >
          big
        </big>
      </span>
<!--AttributeTest[value,<small>small</small>]-->

      <span
           id="mainId"
          >
        
        <small
            >
          small
        </small>
      </span>
<!--AttributeTest[value,<pre>pre</pre>]-->

      <span
           id="mainId"
          >
        
        <pre
            >
          pre
        </pre>
      </span>
<!--AttributeTest[value,<span>span</span>]-->

      <span
           id="mainId"
          >
        span
      </span>
<!--AttributeTest[value,<span class="foo">span with class</span>]-->

      <span
           id="mainId"
          >
        
        <span
             class="foo"
            >
          span with class
        </span>
      </span>
<!--AttributeTest[value,<a href="foo">a with href</a>]-->

      <span
           id="mainId"
          >
        
        <a
             href="uri-attr:encoded-action-url:foo"
            >
          a with href
        </a>
      </span>
<!--AttributeTest[value,<span bogus="foo">span with bogus attr</span>]-->

      <span
           id="mainId"
          >
        span with bogus attr
      </span>
<!--AttributeTest[value,Text on<br>two lines]-->

      <span
           id="mainId"
          >
        Text on
        <br
            >
          
        </br>two lines
      </span>
<!--AttributeTest[value,Separated<hr>text]-->

      <span
           id="mainId"
          >
        Separated
        <hr
            >
          
        </hr>text
      </span>
<!--AttributeTest[value,<ol><li>one<li>two</ol>]-->

      <span
           id="mainId"
          >
        
        <ol
            >
          
          <li
              >
            one
          </li>
          <li
              >
            two
          </li>
        </ol>
      </span>
<!--AttributeTest[value,<ul><li>one<li>two</ul>]-->

      <span
           id="mainId"
          >
        
        <ul
            >
          
          <li
              >
            one
          </li>
          <li
              >
            two
          </li>
        </ul>
      </span>
<!--AttributeTest[value,Text with &lt;]-->

      <span
           id="mainId"
          >
        Text with &lt;
      </span>
<!--AttributeTest[value,Text with &gt;]-->

      <span
           id="mainId"
          >
        Text with &gt;
      </span>
<!--AttributeTest[value,Text with &amp;]-->

      <span
           id="mainId"
          >
        Text with &amp;
      </span>
<!--AttributeTest[value,Text with &reg;]-->

      <span
           id="mainId"
          >
        Text with &#xae;
      </span>
<!--AttributeTest[value,Text with &copy;]-->

      <span
           id="mainId"
          >
        Text with &#xa9;
      </span>
<!--AttributeTest[value,Text with &nbsp;]-->

      <span
           id="mainId"
          >
        Text with &#xa0;
      </span>
<!--AttributeTest[value,Text with &quot;]-->

      <span
           id="mainId"
          >
        Text with &quot;
      </span>
<!--AttributeTest[value,Text with ignored entity &ignored;]-->

      <span
           id="mainId"
          >
        Text with ignored entity 
      </span>
<!--AttributeTest[styleUsage,instruction]-->

      <span
           class="AFInstructionText"
           id="mainId"
          >
        Text
      </span>
<!--AttributeTest[styleUsage,pageStamp]-->

      <span
           class="OraPageStampText"
           id="mainId"
          >
        Text
      </span>
<!--AttributeTest[styleUsage,inContextBranding]-->

      <span
           class="p_InContextBrandingText"
           id="mainId"
          >
        Text
      </span>
<!--AttributeTest[id,null]-->

      <span
           id="test-id"
          >
        Text
      </span>
<!--AttributeTest[rendered,false]-->

<!--AttributeTest[rendered,true]-->

      <span
           id="mainId"
          >
        Text
      </span>
<!--AttributeTest[styleClass,null]-->

      <span
           class="test-styleClass"
           id="mainId"
          >
        Text
      </span>
<!--AttributeTest[inlineStyle,null]-->

      <span
           id="mainId"
           style="test-inlineStyle"
          >
        Text
      </span>
<!--AttributeTest[shortDesc,null]-->

      <span
           id="mainId"
           title="test-shortDesc"
          >
        Text
      </span>
<!--AttributeTest[onclick,null]-->

      <span
           id="mainId"
           onclick="test-onclick"
          >
        Text
      </span>
<!--AttributeTest[ondblclick,null]-->

      <span
           id="mainId"
           ondblclick="test-ondblclick"
          >
        Text
      </span>
<!--AttributeTest[onkeydown,null]-->

      <span
           id="mainId"
           onkeydown="test-onkeydown"
          >
        Text
      </span>
<!--AttributeTest[onkeypress,null]-->

      <span
           id="mainId"
           onkeypress="test-onkeypress"
          >
        Text
      </span>
<!--AttributeTest[onkeyup,null]-->

      <span
           id="mainId"
           onkeyup="test-onkeyup"
          >
        Text
      </span>
<!--AttributeTest[onmousedown,null]-->

      <span
           id="mainId"
           onmousedown="test-onmousedown"
          >
        Text
      </span>
<!--AttributeTest[onmousemove,null]-->

      <span
           id="mainId"
           onmousemove="test-onmousemove"
          >
        Text
      </span>
<!--AttributeTest[onmouseout,null]-->

      <span
           id="mainId"
           onmouseout="test-onmouseout"
          >
        Text
      </span>
<!--AttributeTest[onmouseover,null]-->

      <span
           id="mainId"
           onmouseover="test-onmouseover"
          >
        Text
      </span>
<!--AttributeTest[onmouseup,null]-->

      <span
           id="mainId"
           onmouseup="test-onmouseup"
          >
        Text
      </span>
</results>
