<results>
      <span
           id="mainId"
          >
        
        <a
             class="p_OraHideSkipNaviText"
             href="uri-attr:encoded-action-url:#TheContent"
            >
          Skip navigation elements to page contents
        </a>
        <table
             border="0"
             cellpadding="0"
             cellspacing="0"
             summary=""
             width="100%"
            >
          
          <tr
              >
            
            <td
                 nowrap="nowrap"
                 rowspan="2"
                 valign="top"
                >
              
              <table
                   border="0"
                   cellpadding="0"
                   cellspacing="2"
                   summary=""
                   width="1%"
                  >
                
                <tr
                    >
                  
                  <td
                       class="af_panelPage_branding"
                       nowrap="nowrap"
                       width="1%"
                      >
                    
                    <img
                         src="uri-attr:encoded-resource-url:/test-context-path/foo/foo.gif"
                        >
                      
                    </img>
                  </td>
                  <td
                       nowrap="nowrap"
                       width="2%"
                      >
                    
                    <img
                         src="uri-attr:encoded-resource-url:/test-context-path/foo/bar.gif"
                        >
                      
                    </img>
                  </td>
                </tr>
                <tr
                    >
                  
                  <td
                       colspan="2"
                       height="17"
                       nowrap="nowrap"
                       valign="top"
                      >
                    
                    <span
                         class="p_InContextBrandingText"
                        >
                      Customer 
                      <b
                          >
                        InContextBranding Company - Menlo Park
                      </b>
                    </span>
                  </td>
                </tr>
              </table>
            </td>
            <td
                 align="right"
                 style="position:relative;z-index:10;padding-bottom:8px"
                 valign="bottom"
                >
              
              <table
                  >
                
                <tr
                    >
                  
                  <td
                      >
                    
                    <table
                         border="0"
                         cellpadding="0"
                         cellspacing="0"
                         summary=""
                        >
                      
                      <tr
                          >
                        
                        <td
                             valign="bottom"
                            >
                          
                          <a
                               class="af_menuButtons_text-selected"
                               id="mainId:0:stamp"
                              >
                            First
                          </a>
                        </td>
                        <td
                             valign="bottom"
                            >
                          
                          <a
                               class="af_menuButtons_text"
                               id="mainId:1:stamp"
                               onclick="submitForm('formId',1,{source:'mainId:1:stamp'});return false;"
                               href="uri-attr:encoded-action-url:#"
                              >
                            Second
                          </a>
                        </td>
                        <td
                             valign="bottom"
                            >
                          
                          <a
                               class="af_menuButtons_text"
                               id="mainId:2:stamp"
                               onclick="submitForm('formId',1,{source:'mainId:2:stamp'});return false;"
                               href="uri-attr:encoded-action-url:#"
                              >
                            Third
                          </a>
                        </td>
                      </tr>
                    </table>
                  </td>
                  <td
                       valign="bottom"
                      >
                    
                    <div
                         class="af_navigationPane"
                        >
                      
                      <select
                           class="af_navigationPane_choice-options"
                           id="mainId:_idXXX_af_choice_select"
                          >
                        
                        <option
                             value="submitForm('formId',1,{source:'mainId:j_idXXX:j_idXXX'});"
                             id="uri-attr:mainId:_idXXX:_idXXX"
                             name="uri-attr:mainId:_idXXX:_idXXX"
                            >
                          choice1
                        </option>
                        <option
                             value="submitForm('formId',1,{source:'mainId:j_idXXX:j_idXXX'});"
                             id="uri-attr:mainId:_idXXX:_idXXX"
                             name="uri-attr:mainId:_idXXX:_idXXX"
                            >
                          choice2
                        </option>
                        <option
                             value="submitForm('formId',1,{source:'mainId:j_idXXX:j_idXXX'});"
                             id="uri-attr:mainId:_idXXX:_idXXX"
                             name="uri-attr:mainId:_idXXX:_idXXX"
                            >
                          choice3
                        </option>
                      </select>
                      <span
                           style="width: 5px;"
                          >
                         
                      </span>
                      <button
                           class="af_navigationPane_choice-button"
                           onclick="var navLevelSelect = document.getElementById('mainId:j_idXXX_af_choice_select'); eval(navLevelSelect.options[navLevelSelect.selectedIndex].value); return false;"
                           type="button"
                          >
                        Go
                      </button>
                    </div>
                  </td>
                </tr>
              </table>
            </td>
          </tr>
          <tr
              >
            
            <td
                 align="right"
                 valign="bottom"
                >
              
              <table
                   border="0"
                   cellpadding="0"
                   cellspacing="0"
                   class="af_menuTabs"
                   summary=""
                  >
                
                <tr
                    >
                  
                  <td
                       class="af_menuTabs_selected"
                      >
                    
                    <a
                         onclick="submitForm('formId',1,{source:'mainId:3:stamp'});return false;"
                         href="uri-attr:encoded-action-url:#"
                         id="uri-attr:mainId:3:stamp"
                         name="uri-attr:mainId:3:stamp"
                        >
                      fourth
                    </a>
                  </td>
                  <td
                       class="af_menuTabs_enabled"
                      >
                    
                    <a
                         onclick="submitForm('formId',1,{source:'mainId:4:stamp'});return false;"
                         href="uri-attr:encoded-action-url:#"
                         id="uri-attr:mainId:4:stamp"
                         name="uri-attr:mainId:4:stamp"
                        >
                      fifth
                    </a>
                  </td>
                </tr>
              </table>
            </td>
            <td
                >
              
              <script
                  >
                t(10,1)
              </script>
            </td>
          </tr>
          <tr
              >
            
            <td
                 colspan="3"
                 width="100%"
                >
              
              <table
                   border="0"
                   cellpadding="0"
                   cellspacing="0"
                   class="af_menuBar_empty"
                   summary=""
                   width="100%"
                  >
                
                <tr
                    >
                  
                  <td
                       height="1"
                      >
                    
                  </td>
                </tr>
              </table>
            </td>
          </tr>
          <tr
              >
            
            <td
                 colspan="3"
                 width="100%"
                >
              
              <table
                   border="0"
                   cellpadding="0"
                   cellspacing="0"
                   style="margin-bottom:3px;"
                   summary=""
                   width="100%"
                  >
                
                <tr
                    >
                  
                  <td
                       width="4"
                      >
                    
                    <script
                        >
                      t(4,1)
                    </script>
                  </td>
                  <td
                       class="p_OraQuickSearchBox"
                       colspan="3"
                       width="100%"
                      >
                    the search facet
                  </td>
                  <td
                       width="4"
                      >
                    
                    <script
                        >
                      t(4,1)
                    </script>
                  </td>
                </tr>
              </table>
            </td>
          </tr>
        </table>
        <table
             border="0"
             cellpadding="0"
             cellspacing="0"
             summary=""
             width="100%"
            >
          
          <tr
              >
            
            <td
                 rowspan="3"
                >
              
              <script
                  >
                t(2,0)
              </script>
            </td>
            <td
                 width="100%"
                >
              
              <div
                   style="margin-top:5px"
                  >
                
              </div>
              <div
                  >
                
              </div>
              <span
                   class="af_breadCrumbs"
                  >
                
                <nobr
                    >
                  
                  <a
                       class="af_breadCrumbs_step"
                       onclick="submitForm('formId',1,{source:'mainId:0:stamp'});return false;"
                       href="uri-attr:encoded-action-url:#"
                       id="uri-attr:mainId:0:stamp"
                       name="uri-attr:mainId:0:stamp"
                      >
                    First
                  </a>&#xa0;&#xa0;&gt;&#xa0;&#xa0;
                </nobr>
                <nobr
                    >
                  
                  <a
                       class="af_breadCrumbs_selected-step"
                       id="uri-attr:mainId:3:stamp"
                       name="uri-attr:mainId:3:stamp"
                      >
                    fourth
                  </a>
                </nobr>
              </span>
              <div
                  >
                
              </div>the messages facet
            </td>
            <td
                 rowspan="3"
                 valign="top"
                >
              
              <script
                  >
                t('5','1')
              </script>
            </td>
            <td
                 rowspan="3"
                 valign="top"
                >
              
              <table
                   border="0"
                   cellpadding="0"
                   cellspacing="0"
                   summary=""
                   width="100%"
                  >
                
                <tr
                    >
                  
                  <td
                       align="right"
                      >
                    the infoUser facet
                  </td>
                </tr>
                <tr
                    >
                  
                  <td
                      >
                    
                    <div
                         style="margin-top:5px"
                        >
                      
                    </div>
                  </td>
                </tr>
                <tr
                    >
                  
                  <td
                      >
                    the infoSupplemental facet
                  </td>
                </tr>
              </table>
            </td>
            <td
                 rowspan="3"
                >
              
              <script
                  >
                t(2,0)
              </script>
            </td>
          </tr>
          <tr
              >
            
            <td
                 valign="top"
                 width="100%"
                >
              
              <a
                   class="OraLink"
                   id="uri-attr:TheContent"
                   name="uri-attr:TheContent"
                  >
                
              </a>
              <table
                   border="0"
                   cellpadding="0"
                   cellspacing="0"
                   summary=""
                   width="100%"
                  >
                
                <tr
                     valign="top"
                    >
                  
                  <td
                       width="100%"
                      >
                    the contextSwitcher facet
                    <div
                        >
                      
                    </div>the infoStatus facet
                  </td>
                </tr>
              </table>
              <div
                  >
                
              </div>
              <div
                  >
                
                <h1
                     class="af_panelHeader"
                    >
                  header1
                </h1>
              </div>
              <div
                  >
                
              </div>
              <div
                  >
                
                <h1
                     class="af_panelHeader"
                    >
                  header2
                </h1>
              </div>
            </td>
          </tr>
          <tr
              >
            
            <td
                 width="100%"
                >
              the infoFootnote facet
              <div
                  >
                
              </div>
              <div
                  >
                
                <hr
                     class="p_OraContentFooterRule"
                    >
                  
                </hr>
                <div
                     class="p_OraContentFooterChildren"
                    >
                  
                  <table
                       border="0"
                       cellpadding="0"
                       cellspacing="0"
                       id="mainId:_idXXX__xc_"
                       summary=""
                      >
                    
                    <tr
                        >
                      
                      <td
                           nowrap="nowrap"
                          >
                        
                        <select
                             class="AFFieldText"
                             id="mainId:_idXXX"
                             name="mainId:_idXXX"
                             onchange="_commandChoice('formId','mainId:j_idXXX');return false;"
                            >
                          
                          <option
                               selected="selected"
                               value="mainId:j_idXXX:0:j_idXXX[1]"
                              >
                            First
                          </option>
                          <option
                               value="mainId:j_idXXX:1:j_idXXX[1]"
                              >
                            Second
                          </option>
                          <option
                               value="mainId:j_idXXX:2:j_idXXX[1]"
                              >
                            Third
                          </option>
                        </select>
                      </td>
                      <td
                          >
                        
                        <script
                            >
                          t(5,1)
                        </script>
                      </td>
                      <td
                          >
                        
                        <button
                             accesskey="x"
                             class="OraLink"
                             onclick="_navSubmit('formId', 'goto', 'mainId:j_idXXX',1,'1', '1',null);return false"
                             type="button"
                            >
                          Ne
                          <span
                               class="AFAccessKeyStyle"
                              >
                            x
                          </span>t
                        </button>
                      </td>
                    </tr>
                  </table>
                </div>
                <div
                     class="p_OraContentFooterStart"
                    >
                  the infoReturn facet
                </div>
                <div
                     class="p_OraContentFooterBottom"
                    >
                  
                </div>
              </div>
            </td>
          </tr>
        </table>
        <div
             class="p_OraFooter"
            >
          
          <div
               class="p_OraFooterBottom"
              >
            
            <span
                 class="af_panelPage_copyright"
                >
              the appCopyright facet
            </span>
            <span
                 class="af_panelPage_privacy"
                >
              
              <a
                   onclick="submitForm('formId',1,{source:'mainId:j_idXXX'});return false;"
                   href="uri-attr:encoded-action-url:#"
                  >
                privacy
              </a>
            </span>
            <span
                 class="af_panelPage_about"
                >
              
              <a
                   onclick="submitForm('formId',1,{source:'mainId:j_idXXX'});return false;"
                   href="uri-attr:encoded-action-url:#"
                  >
                appAbout
              </a>
            </span>
          </div>
        </div>
      </span>
</results>
