<results>
      <table
           border="0"
           cellpadding="0"
           cellspacing="0"
           id="mainId"
           summary=""
          >
        
        <tr
            >
          
          <td
              >
            1
          </td>
          <td
              >
            2
          </td>
          <td
              >
            3
          </td>
        </tr>
      </table>
<!--AttributeTest[onclick,null]-->

      <table
           border="0"
           cellpadding="0"
           cellspacing="0"
           id="mainId"
           onclick="test-onclick"
           summary=""
          >
        
        <tr
            >
          
          <td
              >
            1
          </td>
          <td
              >
            2
          </td>
          <td
              >
            3
          </td>
        </tr>
      </table>
<!--AttributeTest[ondblclick,null]-->

      <table
           border="0"
           cellpadding="0"
           cellspacing="0"
           id="mainId"
           ondblclick="test-ondblclick"
           summary=""
          >
        
        <tr
            >
          
          <td
              >
            1
          </td>
          <td
              >
            2
          </td>
          <td
              >
            3
          </td>
        </tr>
      </table>
<!--AttributeTest[onkeydown,null]-->

      <table
           border="0"
           cellpadding="0"
           cellspacing="0"
           id="mainId"
           onkeydown="test-onkeydown"
           summary=""
          >
        
        <tr
            >
          
          <td
              >
            1
          </td>
          <td
              >
            2
          </td>
          <td
              >
            3
          </td>
        </tr>
      </table>
<!--AttributeTest[onkeypress,null]-->

      <table
           border="0"
           cellpadding="0"
           cellspacing="0"
           id="mainId"
           onkeypress="test-onkeypress"
           summary=""
          >
        
        <tr
            >
          
          <td
              >
            1
          </td>
          <td
              >
            2
          </td>
          <td
              >
            3
          </td>
        </tr>
      </table>
<!--AttributeTest[onkeyup,null]-->

      <table
           border="0"
           cellpadding="0"
           cellspacing="0"
           id="mainId"
           onkeyup="test-onkeyup"
           summary=""
          >
        
        <tr
            >
          
          <td
              >
            1
          </td>
          <td
              >
            2
          </td>
          <td
              >
            3
          </td>
        </tr>
      </table>
<!--AttributeTest[onmousedown,null]-->

      <table
           border="0"
           cellpadding="0"
           cellspacing="0"
           id="mainId"
           onmousedown="test-onmousedown"
           summary=""
          >
        
        <tr
            >
          
          <td
              >
            1
          </td>
          <td
              >
            2
          </td>
          <td
              >
            3
          </td>
        </tr>
      </table>
<!--AttributeTest[onmousemove,null]-->

      <table
           border="0"
           cellpadding="0"
           cellspacing="0"
           id="mainId"
           onmousemove="test-onmousemove"
           summary=""
          >
        
        <tr
            >
          
          <td
              >
            1
          </td>
          <td
              >
            2
          </td>
          <td
              >
            3
          </td>
        </tr>
      </table>
<!--AttributeTest[onmouseout,null]-->

      <table
           border="0"
           cellpadding="0"
           cellspacing="0"
           id="mainId"
           onmouseout="test-onmouseout"
           summary=""
          >
        
        <tr
            >
          
          <td
              >
            1
          </td>
          <td
              >
            2
          </td>
          <td
              >
            3
          </td>
        </tr>
      </table>
<!--AttributeTest[onmouseover,null]-->

      <table
           border="0"
           cellpadding="0"
           cellspacing="0"
           id="mainId"
           onmouseover="test-onmouseover"
           summary=""
          >
        
        <tr
            >
          
          <td
              >
            1
          </td>
          <td
              >
            2
          </td>
          <td
              >
            3
          </td>
        </tr>
      </table>
<!--AttributeTest[onmouseup,null]-->

      <table
           border="0"
           cellpadding="0"
           cellspacing="0"
           id="mainId"
           onmouseup="test-onmouseup"
           summary=""
          >
        
        <tr
            >
          
          <td
              >
            1
          </td>
          <td
              >
            2
          </td>
          <td
              >
            3
          </td>
        </tr>
      </table>
<!--AttributeTest[styleClass,null]-->

      <table
           border="0"
           cellpadding="0"
           cellspacing="0"
           class="test-styleClass"
           id="mainId"
           summary=""
          >
        
        <tr
            >
          
          <td
              >
            1
          </td>
          <td
              >
            2
          </td>
          <td
              >
            3
          </td>
        </tr>
      </table>
<!--AttributeTest[shortDesc,null]-->

      <table
           border="0"
           cellpadding="0"
           cellspacing="0"
           id="mainId"
           summary=""
           title="test-shortDesc"
          >
        
        <tr
            >
          
          <td
              >
            1
          </td>
          <td
              >
            2
          </td>
          <td
              >
            3
          </td>
        </tr>
      </table>
<!--AttributeTest[inlineStyle,background-color:red]-->

      <table
           border="0"
           cellpadding="0"
           cellspacing="0"
           id="mainId"
           style="background-color:red"
           summary=""
          >
        
        <tr
            >
          
          <td
              >
            1
          </td>
          <td
              >
            2
          </td>
          <td
              >
            3
          </td>
        </tr>
      </table>
<!--AttributeTest[valign,middle]-->

      <table
           border="0"
           cellpadding="0"
           cellspacing="0"
           id="mainId"
           summary=""
          >
        
        <tr
            >
          
          <td
               valign="middle"
              >
            1
          </td>
          <td
               valign="middle"
              >
            2
          </td>
          <td
               valign="middle"
              >
            3
          </td>
        </tr>
      </table>
<!--AttributeTest[valign,top]-->

      <table
           border="0"
           cellpadding="0"
           cellspacing="0"
           id="mainId"
           summary=""
          >
        
        <tr
            >
          
          <td
               valign="top"
              >
            1
          </td>
          <td
               valign="top"
              >
            2
          </td>
          <td
               valign="top"
              >
            3
          </td>
        </tr>
      </table>
<!--AttributeTest[valign,baseline]-->

      <table
           border="0"
           cellpadding="0"
           cellspacing="0"
           id="mainId"
           summary=""
          >
        
        <tr
            >
          
          <td
               valign="baseline"
              >
            1
          </td>
          <td
               valign="baseline"
              >
            2
          </td>
          <td
               valign="baseline"
              >
            3
          </td>
        </tr>
      </table>
<!--AttributeTest[valign,bottom]-->

      <table
           border="0"
           cellpadding="0"
           cellspacing="0"
           id="mainId"
           summary=""
          >
        
        <tr
            >
          
          <td
               valign="bottom"
              >
            1
          </td>
          <td
               valign="bottom"
              >
            2
          </td>
          <td
               valign="bottom"
              >
            3
          </td>
        </tr>
      </table>
<!--AttributeTest[halign,right]-->

      <table
           border="0"
           cellpadding="0"
           cellspacing="0"
           id="mainId"
           summary=""
          >
        
        <tr
            >
          
          <td
               width="100%"
              >
            
          </td>
          <td
              >
            1
          </td>
          <td
              >
            2
          </td>
          <td
              >
            3
          </td>
        </tr>
      </table>
<!--AttributeTest[halign,start]-->

      <table
           border="0"
           cellpadding="0"
           cellspacing="0"
           id="mainId"
           summary=""
          >
        
        <tr
            >
          
          <td
              >
            1
          </td>
          <td
              >
            2
          </td>
          <td
              >
            3
          </td>
        </tr>
      </table>
<!--AttributeTest[halign,left]-->

      <table
           border="0"
           cellpadding="0"
           cellspacing="0"
           id="mainId"
           summary=""
          >
        
        <tr
            >
          
          <td
              >
            1
          </td>
          <td
              >
            2
          </td>
          <td
              >
            3
          </td>
        </tr>
      </table>
<!--AttributeTest[halign,end]-->

      <table
           border="0"
           cellpadding="0"
           cellspacing="0"
           id="mainId"
           summary=""
          >
        
        <tr
            >
          
          <td
               width="100%"
              >
            
          </td>
          <td
              >
            1
          </td>
          <td
              >
            2
          </td>
          <td
              >
            3
          </td>
        </tr>
      </table>
<!--AttributeTest[halign,center]-->

      <table
           align="center"
           border="0"
           cellpadding="0"
           cellspacing="0"
           id="mainId"
           summary=""
          >
        
        <tr
            >
          
          <td
              >
            1
          </td>
          <td
              >
            2
          </td>
          <td
              >
            3
          </td>
        </tr>
      </table>
</results>
