<results>
      <div
           id="mainId"
          >
        
        <a
             class="OraLink"
             href="uri-attr:encoded-action-url:http://www.oracle.com"
            >
          top link
        </a>
        <div
            >
          
        </div>
        <a
             class="OraLink"
             href="uri-attr:encoded-action-url:http://www.oracle.com"
            >
          innerTop link
        </a>
        <div
            >
          
        </div>
        <a
             class="OraLink"
             href="uri-attr:encoded-action-url:http://www.oracle.com"
            >
          link 1
        </a>
        <a
             class="OraLink"
             href="uri-attr:encoded-action-url:http://www.oracle.com"
            >
          link 2
        </a>
        <div
            >
          
        </div>
        <a
             class="OraLink"
             href="uri-attr:encoded-action-url:http://www.oracle.com"
            >
          innerBottom link
        </a>
        <div
            >
          
        </div>
        <a
             class="OraLink"
             href="uri-attr:encoded-action-url:http://www.oracle.com"
            >
          bottom link
        </a>
      </div>
<!--AttributeTest[id,null]-->

      <div
           id="test-id"
          >
        
        <a
             class="OraLink"
             href="uri-attr:encoded-action-url:http://www.oracle.com"
            >
          top link
        </a>
        <div
            >
          
        </div>
        <a
             class="OraLink"
             href="uri-attr:encoded-action-url:http://www.oracle.com"
            >
          innerTop link
        </a>
        <div
            >
          
        </div>
        <a
             class="OraLink"
             href="uri-attr:encoded-action-url:http://www.oracle.com"
            >
          link 1
        </a>
        <a
             class="OraLink"
             href="uri-attr:encoded-action-url:http://www.oracle.com"
            >
          link 2
        </a>
        <div
            >
          
        </div>
        <a
             class="OraLink"
             href="uri-attr:encoded-action-url:http://www.oracle.com"
            >
          innerBottom link
        </a>
        <div
            >
          
        </div>
        <a
             class="OraLink"
             href="uri-attr:encoded-action-url:http://www.oracle.com"
            >
          bottom link
        </a>
      </div>
<!--AttributeTest[inlineStyle,null]-->

      <div
           id="mainId"
           style="test-inlineStyle"
          >
        
        <a
             class="OraLink"
             href="uri-attr:encoded-action-url:http://www.oracle.com"
            >
          top link
        </a>
        <div
            >
          
        </div>
        <a
             class="OraLink"
             href="uri-attr:encoded-action-url:http://www.oracle.com"
            >
          innerTop link
        </a>
        <div
            >
          
        </div>
        <a
             class="OraLink"
             href="uri-attr:encoded-action-url:http://www.oracle.com"
            >
          link 1
        </a>
        <a
             class="OraLink"
             href="uri-attr:encoded-action-url:http://www.oracle.com"
            >
          link 2
        </a>
        <div
            >
          
        </div>
        <a
             class="OraLink"
             href="uri-attr:encoded-action-url:http://www.oracle.com"
            >
          innerBottom link
        </a>
        <div
            >
          
        </div>
        <a
             class="OraLink"
             href="uri-attr:encoded-action-url:http://www.oracle.com"
            >
          bottom link
        </a>
      </div>
<!--AttributeTest[rendered,false]-->

<!--AttributeTest[rendered,true]-->

      <div
           id="mainId"
          >
        
        <a
             class="OraLink"
             href="uri-attr:encoded-action-url:http://www.oracle.com"
            >
          top link
        </a>
        <div
            >
          
        </div>
        <a
             class="OraLink"
             href="uri-attr:encoded-action-url:http://www.oracle.com"
            >
          innerTop link
        </a>
        <div
            >
          
        </div>
        <a
             class="OraLink"
             href="uri-attr:encoded-action-url:http://www.oracle.com"
            >
          link 1
        </a>
        <a
             class="OraLink"
             href="uri-attr:encoded-action-url:http://www.oracle.com"
            >
          link 2
        </a>
        <div
            >
          
        </div>
        <a
             class="OraLink"
             href="uri-attr:encoded-action-url:http://www.oracle.com"
            >
          innerBottom link
        </a>
        <div
            >
          
        </div>
        <a
             class="OraLink"
             href="uri-attr:encoded-action-url:http://www.oracle.com"
            >
          bottom link
        </a>
      </div>
<!--AttributeTest[shortDesc,null]-->

      <div
           id="mainId"
           title="test-shortDesc"
          >
        
        <a
             class="OraLink"
             href="uri-attr:encoded-action-url:http://www.oracle.com"
            >
          top link
        </a>
        <div
            >
          
        </div>
        <a
             class="OraLink"
             href="uri-attr:encoded-action-url:http://www.oracle.com"
            >
          innerTop link
        </a>
        <div
            >
          
        </div>
        <a
             class="OraLink"
             href="uri-attr:encoded-action-url:http://www.oracle.com"
            >
          link 1
        </a>
        <a
             class="OraLink"
             href="uri-attr:encoded-action-url:http://www.oracle.com"
            >
          link 2
        </a>
        <div
            >
          
        </div>
        <a
             class="OraLink"
             href="uri-attr:encoded-action-url:http://www.oracle.com"
            >
          innerBottom link
        </a>
        <div
            >
          
        </div>
        <a
             class="OraLink"
             href="uri-attr:encoded-action-url:http://www.oracle.com"
            >
          bottom link
        </a>
      </div>
<!--AttributeTest[styleClass,null]-->

      <div
           class="test-styleClass"
           id="mainId"
          >
        
        <a
             class="OraLink"
             href="uri-attr:encoded-action-url:http://www.oracle.com"
            >
          top link
        </a>
        <div
            >
          
        </div>
        <a
             class="OraLink"
             href="uri-attr:encoded-action-url:http://www.oracle.com"
            >
          innerTop link
        </a>
        <div
            >
          
        </div>
        <a
             class="OraLink"
             href="uri-attr:encoded-action-url:http://www.oracle.com"
            >
          link 1
        </a>
        <a
             class="OraLink"
             href="uri-attr:encoded-action-url:http://www.oracle.com"
            >
          link 2
        </a>
        <div
            >
          
        </div>
        <a
             class="OraLink"
             href="uri-attr:encoded-action-url:http://www.oracle.com"
            >
          innerBottom link
        </a>
        <div
            >
          
        </div>
        <a
             class="OraLink"
             href="uri-attr:encoded-action-url:http://www.oracle.com"
            >
          bottom link
        </a>
      </div>
<!--AttributeTest[onclick,null]-->

      <div
           id="mainId"
           onclick="test-onclick"
          >
        
        <a
             class="OraLink"
             href="uri-attr:encoded-action-url:http://www.oracle.com"
            >
          top link
        </a>
        <div
            >
          
        </div>
        <a
             class="OraLink"
             href="uri-attr:encoded-action-url:http://www.oracle.com"
            >
          innerTop link
        </a>
        <div
            >
          
        </div>
        <a
             class="OraLink"
             href="uri-attr:encoded-action-url:http://www.oracle.com"
            >
          link 1
        </a>
        <a
             class="OraLink"
             href="uri-attr:encoded-action-url:http://www.oracle.com"
            >
          link 2
        </a>
        <div
            >
          
        </div>
        <a
             class="OraLink"
             href="uri-attr:encoded-action-url:http://www.oracle.com"
            >
          innerBottom link
        </a>
        <div
            >
          
        </div>
        <a
             class="OraLink"
             href="uri-attr:encoded-action-url:http://www.oracle.com"
            >
          bottom link
        </a>
      </div>
<!--AttributeTest[ondblclick,null]-->

      <div
           id="mainId"
           ondblclick="test-ondblclick"
          >
        
        <a
             class="OraLink"
             href="uri-attr:encoded-action-url:http://www.oracle.com"
            >
          top link
        </a>
        <div
            >
          
        </div>
        <a
             class="OraLink"
             href="uri-attr:encoded-action-url:http://www.oracle.com"
            >
          innerTop link
        </a>
        <div
            >
          
        </div>
        <a
             class="OraLink"
             href="uri-attr:encoded-action-url:http://www.oracle.com"
            >
          link 1
        </a>
        <a
             class="OraLink"
             href="uri-attr:encoded-action-url:http://www.oracle.com"
            >
          link 2
        </a>
        <div
            >
          
        </div>
        <a
             class="OraLink"
             href="uri-attr:encoded-action-url:http://www.oracle.com"
            >
          innerBottom link
        </a>
        <div
            >
          
        </div>
        <a
             class="OraLink"
             href="uri-attr:encoded-action-url:http://www.oracle.com"
            >
          bottom link
        </a>
      </div>
<!--AttributeTest[onkeydown,null]-->

      <div
           id="mainId"
           onkeydown="test-onkeydown"
          >
        
        <a
             class="OraLink"
             href="uri-attr:encoded-action-url:http://www.oracle.com"
            >
          top link
        </a>
        <div
            >
          
        </div>
        <a
             class="OraLink"
             href="uri-attr:encoded-action-url:http://www.oracle.com"
            >
          innerTop link
        </a>
        <div
            >
          
        </div>
        <a
             class="OraLink"
             href="uri-attr:encoded-action-url:http://www.oracle.com"
            >
          link 1
        </a>
        <a
             class="OraLink"
             href="uri-attr:encoded-action-url:http://www.oracle.com"
            >
          link 2
        </a>
        <div
            >
          
        </div>
        <a
             class="OraLink"
             href="uri-attr:encoded-action-url:http://www.oracle.com"
            >
          innerBottom link
        </a>
        <div
            >
          
        </div>
        <a
             class="OraLink"
             href="uri-attr:encoded-action-url:http://www.oracle.com"
            >
          bottom link
        </a>
      </div>
<!--AttributeTest[onkeypress,null]-->

      <div
           id="mainId"
           onkeypress="test-onkeypress"
          >
        
        <a
             class="OraLink"
             href="uri-attr:encoded-action-url:http://www.oracle.com"
            >
          top link
        </a>
        <div
            >
          
        </div>
        <a
             class="OraLink"
             href="uri-attr:encoded-action-url:http://www.oracle.com"
            >
          innerTop link
        </a>
        <div
            >
          
        </div>
        <a
             class="OraLink"
             href="uri-attr:encoded-action-url:http://www.oracle.com"
            >
          link 1
        </a>
        <a
             class="OraLink"
             href="uri-attr:encoded-action-url:http://www.oracle.com"
            >
          link 2
        </a>
        <div
            >
          
        </div>
        <a
             class="OraLink"
             href="uri-attr:encoded-action-url:http://www.oracle.com"
            >
          innerBottom link
        </a>
        <div
            >
          
        </div>
        <a
             class="OraLink"
             href="uri-attr:encoded-action-url:http://www.oracle.com"
            >
          bottom link
        </a>
      </div>
<!--AttributeTest[onkeyup,null]-->

      <div
           id="mainId"
           onkeyup="test-onkeyup"
          >
        
        <a
             class="OraLink"
             href="uri-attr:encoded-action-url:http://www.oracle.com"
            >
          top link
        </a>
        <div
            >
          
        </div>
        <a
             class="OraLink"
             href="uri-attr:encoded-action-url:http://www.oracle.com"
            >
          innerTop link
        </a>
        <div
            >
          
        </div>
        <a
             class="OraLink"
             href="uri-attr:encoded-action-url:http://www.oracle.com"
            >
          link 1
        </a>
        <a
             class="OraLink"
             href="uri-attr:encoded-action-url:http://www.oracle.com"
            >
          link 2
        </a>
        <div
            >
          
        </div>
        <a
             class="OraLink"
             href="uri-attr:encoded-action-url:http://www.oracle.com"
            >
          innerBottom link
        </a>
        <div
            >
          
        </div>
        <a
             class="OraLink"
             href="uri-attr:encoded-action-url:http://www.oracle.com"
            >
          bottom link
        </a>
      </div>
<!--AttributeTest[onmousedown,null]-->

      <div
           id="mainId"
           onmousedown="test-onmousedown"
          >
        
        <a
             class="OraLink"
             href="uri-attr:encoded-action-url:http://www.oracle.com"
            >
          top link
        </a>
        <div
            >
          
        </div>
        <a
             class="OraLink"
             href="uri-attr:encoded-action-url:http://www.oracle.com"
            >
          innerTop link
        </a>
        <div
            >
          
        </div>
        <a
             class="OraLink"
             href="uri-attr:encoded-action-url:http://www.oracle.com"
            >
          link 1
        </a>
        <a
             class="OraLink"
             href="uri-attr:encoded-action-url:http://www.oracle.com"
            >
          link 2
        </a>
        <div
            >
          
        </div>
        <a
             class="OraLink"
             href="uri-attr:encoded-action-url:http://www.oracle.com"
            >
          innerBottom link
        </a>
        <div
            >
          
        </div>
        <a
             class="OraLink"
             href="uri-attr:encoded-action-url:http://www.oracle.com"
            >
          bottom link
        </a>
      </div>
<!--AttributeTest[onmousemove,null]-->

      <div
           id="mainId"
           onmousemove="test-onmousemove"
          >
        
        <a
             class="OraLink"
             href="uri-attr:encoded-action-url:http://www.oracle.com"
            >
          top link
        </a>
        <div
            >
          
        </div>
        <a
             class="OraLink"
             href="uri-attr:encoded-action-url:http://www.oracle.com"
            >
          innerTop link
        </a>
        <div
            >
          
        </div>
        <a
             class="OraLink"
             href="uri-attr:encoded-action-url:http://www.oracle.com"
            >
          link 1
        </a>
        <a
             class="OraLink"
             href="uri-attr:encoded-action-url:http://www.oracle.com"
            >
          link 2
        </a>
        <div
            >
          
        </div>
        <a
             class="OraLink"
             href="uri-attr:encoded-action-url:http://www.oracle.com"
            >
          innerBottom link
        </a>
        <div
            >
          
        </div>
        <a
             class="OraLink"
             href="uri-attr:encoded-action-url:http://www.oracle.com"
            >
          bottom link
        </a>
      </div>
<!--AttributeTest[onmouseout,null]-->

      <div
           id="mainId"
           onmouseout="test-onmouseout"
          >
        
        <a
             class="OraLink"
             href="uri-attr:encoded-action-url:http://www.oracle.com"
            >
          top link
        </a>
        <div
            >
          
        </div>
        <a
             class="OraLink"
             href="uri-attr:encoded-action-url:http://www.oracle.com"
            >
          innerTop link
        </a>
        <div
            >
          
        </div>
        <a
             class="OraLink"
             href="uri-attr:encoded-action-url:http://www.oracle.com"
            >
          link 1
        </a>
        <a
             class="OraLink"
             href="uri-attr:encoded-action-url:http://www.oracle.com"
            >
          link 2
        </a>
        <div
            >
          
        </div>
        <a
             class="OraLink"
             href="uri-attr:encoded-action-url:http://www.oracle.com"
            >
          innerBottom link
        </a>
        <div
            >
          
        </div>
        <a
             class="OraLink"
             href="uri-attr:encoded-action-url:http://www.oracle.com"
            >
          bottom link
        </a>
      </div>
<!--AttributeTest[onmouseover,null]-->

      <div
           id="mainId"
           onmouseover="test-onmouseover"
          >
        
        <a
             class="OraLink"
             href="uri-attr:encoded-action-url:http://www.oracle.com"
            >
          top link
        </a>
        <div
            >
          
        </div>
        <a
             class="OraLink"
             href="uri-attr:encoded-action-url:http://www.oracle.com"
            >
          innerTop link
        </a>
        <div
            >
          
        </div>
        <a
             class="OraLink"
             href="uri-attr:encoded-action-url:http://www.oracle.com"
            >
          link 1
        </a>
        <a
             class="OraLink"
             href="uri-attr:encoded-action-url:http://www.oracle.com"
            >
          link 2
        </a>
        <div
            >
          
        </div>
        <a
             class="OraLink"
             href="uri-attr:encoded-action-url:http://www.oracle.com"
            >
          innerBottom link
        </a>
        <div
            >
          
        </div>
        <a
             class="OraLink"
             href="uri-attr:encoded-action-url:http://www.oracle.com"
            >
          bottom link
        </a>
      </div>
<!--AttributeTest[onmouseup,null]-->

      <div
           id="mainId"
           onmouseup="test-onmouseup"
          >
        
        <a
             class="OraLink"
             href="uri-attr:encoded-action-url:http://www.oracle.com"
            >
          top link
        </a>
        <div
            >
          
        </div>
        <a
             class="OraLink"
             href="uri-attr:encoded-action-url:http://www.oracle.com"
            >
          innerTop link
        </a>
        <div
            >
          
        </div>
        <a
             class="OraLink"
             href="uri-attr:encoded-action-url:http://www.oracle.com"
            >
          link 1
        </a>
        <a
             class="OraLink"
             href="uri-attr:encoded-action-url:http://www.oracle.com"
            >
          link 2
        </a>
        <div
            >
          
        </div>
        <a
             class="OraLink"
             href="uri-attr:encoded-action-url:http://www.oracle.com"
            >
          innerBottom link
        </a>
        <div
            >
          
        </div>
        <a
             class="OraLink"
             href="uri-attr:encoded-action-url:http://www.oracle.com"
            >
          bottom link
        </a>
      </div>
</results>
