<results>
      <table
           border="0"
           cellpadding="0"
           cellspacing="0"
           class="af_selectBooleanRadio"
           id="mainId__xc_"
           summary=""
          >
        
        <tr
            >
          
          <td
               class="af_selectBooleanRadio_label"
               nowrap="nowrap"
              >
            
          </td>
          <td
               class="AFContentCell"
               nowrap="nowrap"
               valign="top"
              >
            
            <span
                 class="af_selectBooleanRadio_content"
                 id="mainId__xc_r"
                >
              
              <input
                   id="mainId"
                   name="groupTest"
                   type="radio"
                   value="mainId"
                  >
                
              </input>
            </span>
          </td>
        </tr>
      </table>
<!--AttributeTest[autoSubmit,false]-->

      <table
           border="0"
           cellpadding="0"
           cellspacing="0"
           class="af_selectBooleanRadio"
           id="mainId__xc_"
           summary=""
          >
        
        <tr
            >
          
          <td
               class="af_selectBooleanRadio_label"
               nowrap="nowrap"
              >
            
          </td>
          <td
               class="AFContentCell"
               nowrap="nowrap"
               valign="top"
              >
            
            <span
                 class="af_selectBooleanRadio_content"
                 id="mainId__xc_r"
                >
              
              <input
                   id="mainId"
                   name="groupTest"
                   type="radio"
                   value="mainId"
                  >
                
              </input>
            </span>
          </td>
        </tr>
      </table>
<!--AttributeTest[autoSubmit,true]-->

      <table
           border="0"
           cellpadding="0"
           cellspacing="0"
           class="af_selectBooleanRadio"
           id="mainId__xc_"
           summary=""
          >
        
        <tr
            >
          
          <td
               class="af_selectBooleanRadio_label"
               nowrap="nowrap"
              >
            
          </td>
          <td
               class="AFContentCell"
               nowrap="nowrap"
               valign="top"
              >
            
            <span
                 class="af_selectBooleanRadio_content"
                 id="mainId__xc_r"
                 onclick="TrPage._autoSubmit('formId','mainId',event,1);return true;"
                >
              
              <script
                   type="text/javascript"
                  >
                var _pprUpDatemode=false;function _adfspu(f,v,e,s,o){_pprUpdateMode=true;if(!o)o=new Object();if(e)o.event=e;if(s)o.source=s;_submitPartialChange(f,v,o);}
              </script>
              <input
                   id="mainId"
                   name="groupTest"
                   type="radio"
                   value="mainId"
                  >
                
              </input>
            </span>
          </td>
        </tr>
      </table>
<!--AttributeTest[autoSubmit,true,AttributeTest[immediate,true]]-->

      <table
           border="0"
           cellpadding="0"
           cellspacing="0"
           class="af_selectBooleanRadio"
           id="mainId__xc_"
           summary=""
          >
        
        <tr
            >
          
          <td
               class="af_selectBooleanRadio_label"
               nowrap="nowrap"
              >
            
          </td>
          <td
               class="AFContentCell"
               nowrap="nowrap"
               valign="top"
              >
            
            <span
                 class="af_selectBooleanRadio_content"
                 id="mainId__xc_r"
                 onclick="TrPage._autoSubmit('formId','mainId',event,0);return true;"
                >
              
              <input
                   id="mainId"
                   name="groupTest"
                   type="radio"
                   value="mainId"
                  >
                
              </input>
            </span>
          </td>
        </tr>
      </table>
<!--AttributeTest[disabled,false]-->

      <table
           border="0"
           cellpadding="0"
           cellspacing="0"
           class="af_selectBooleanRadio"
           id="mainId__xc_"
           summary=""
          >
        
        <tr
            >
          
          <td
               class="af_selectBooleanRadio_label"
               nowrap="nowrap"
              >
            
          </td>
          <td
               class="AFContentCell"
               nowrap="nowrap"
               valign="top"
              >
            
            <span
                 class="af_selectBooleanRadio_content"
                 id="mainId__xc_r"
                >
              
              <input
                   id="mainId"
                   name="groupTest"
                   type="radio"
                   value="mainId"
                  >
                
              </input>
            </span>
          </td>
        </tr>
      </table>
<!--AttributeTest[disabled,true]-->

      <table
           border="0"
           cellpadding="0"
           cellspacing="0"
           class="af_selectBooleanRadio p_AFDisabled"
           id="mainId__xc_"
           summary=""
          >
        
        <tr
            >
          
          <td
               class="af_selectBooleanRadio_label"
               nowrap="nowrap"
              >
            
          </td>
          <td
               class="AFContentCell"
               nowrap="nowrap"
               valign="top"
              >
            
            <span
                 class="af_selectBooleanRadio_content"
                 id="mainId__xc_r"
                >
              
              <input
                   disabled="disabled"
                   id="mainId"
                   name="groupTest"
                   type="radio"
                   value="mainId"
                  >
                
              </input>
            </span>
          </td>
        </tr>
      </table>
<!--AttributeTest[label,null]-->

      <table
           border="0"
           cellpadding="0"
           cellspacing="0"
           class="af_selectBooleanRadio"
           id="mainId__xc_"
           summary=""
          >
        
        <tr
            >
          
          <td
               class="af_selectBooleanRadio_label"
               nowrap="nowrap"
              >
            
            <label
                 for="mainId"
                >
              test-label
            </label>
          </td>
          <td
               class="AFContentCell"
               nowrap="nowrap"
               valign="top"
              >
            
            <span
                 class="af_selectBooleanRadio_content"
                 id="mainId__xc_r"
                >
              
              <input
                   id="mainId"
                   name="groupTest"
                   type="radio"
                   value="mainId"
                  >
                
              </input>
            </span>
          </td>
        </tr>
      </table>
<!--AttributeTest[group,secondGroup]-->

      <table
           border="0"
           cellpadding="0"
           cellspacing="0"
           class="af_selectBooleanRadio"
           id="mainId__xc_"
           summary=""
          >
        
        <tr
            >
          
          <td
               class="af_selectBooleanRadio_label"
               nowrap="nowrap"
              >
            
          </td>
          <td
               class="AFContentCell"
               nowrap="nowrap"
               valign="top"
              >
            
            <span
                 class="af_selectBooleanRadio_content"
                 id="mainId__xc_r"
                >
              
              <input
                   id="mainId"
                   name="secondGroup"
                   type="radio"
                   value="mainId"
                  >
                
              </input>
            </span>
          </td>
        </tr>
      </table>
<!--AttributeTest[readOnly,false]-->

      <table
           border="0"
           cellpadding="0"
           cellspacing="0"
           class="af_selectBooleanRadio"
           id="mainId__xc_"
           summary=""
          >
        
        <tr
            >
          
          <td
               class="af_selectBooleanRadio_label"
               nowrap="nowrap"
              >
            
          </td>
          <td
               class="AFContentCell"
               nowrap="nowrap"
               valign="top"
              >
            
            <span
                 class="af_selectBooleanRadio_content"
                 id="mainId__xc_r"
                >
              
              <input
                   id="mainId"
                   name="groupTest"
                   type="radio"
                   value="mainId"
                  >
                
              </input>
            </span>
          </td>
        </tr>
      </table>
<!--AttributeTest[readOnly,true]-->

      <table
           border="0"
           cellpadding="0"
           cellspacing="0"
           class="af_selectBooleanRadio p_AFReadOnly"
           id="mainId__xc_"
           summary=""
          >
        
        <tr
            >
          
          <td
               class="af_selectBooleanRadio_label"
               nowrap="nowrap"
              >
            
          </td>
          <td
               class="AFContentCell"
               nowrap="nowrap"
               valign="top"
              >
            
            <div
                 class="af_selectBooleanRadio_content"
                 id="mainId__xc_r"
                >
              
              <img
                   alt="Read only Radio Button Not Selected"
                   border="0"
                   height="10"
                   title="Read only Radio Button Not Selected"
                   width="10"
                   src="uri-attr:encoded-resource-url:/test-context-path/adf/images/radiorn.gif"
                  >
                
              </img>
            </div>
          </td>
        </tr>
      </table>
<!--AttributeTest[required,false]-->

      <table
           border="0"
           cellpadding="0"
           cellspacing="0"
           class="af_selectBooleanRadio"
           id="mainId__xc_"
           summary=""
          >
        
        <tr
            >
          
          <td
               class="af_selectBooleanRadio_label"
               nowrap="nowrap"
              >
            
          </td>
          <td
               class="AFContentCell"
               nowrap="nowrap"
               valign="top"
              >
            
            <span
                 class="af_selectBooleanRadio_content"
                 id="mainId__xc_r"
                >
              
              <input
                   id="mainId"
                   name="groupTest"
                   type="radio"
                   value="mainId"
                  >
                
              </input>
            </span>
          </td>
        </tr>
      </table>
<!--AttributeTest[required,true]-->

      <table
           border="0"
           cellpadding="0"
           cellspacing="0"
           class="af_selectBooleanRadio p_AFRequired"
           id="mainId__xc_"
           summary=""
          >
        
        <tr
            >
          
          <td
               class="af_selectBooleanRadio_label"
               nowrap="nowrap"
              >
            
            <span
                 class="AFRequiredIconStyle"
                 title="Required"
                >
              *
            </span>
          </td>
          <td
               class="AFContentCell"
               nowrap="nowrap"
               valign="top"
              >
            
            <span
                 class="af_selectBooleanRadio_content"
                 id="mainId__xc_r"
                >
              
              <input
                   id="mainId"
                   name="groupTest"
                   type="radio"
                   value="mainId"
                  >
                
              </input>
            </span>
          </td>
        </tr>
      </table>
<!--AttributeTest[selected,false]-->

      <table
           border="0"
           cellpadding="0"
           cellspacing="0"
           class="af_selectBooleanRadio"
           id="mainId__xc_"
           summary=""
          >
        
        <tr
            >
          
          <td
               class="af_selectBooleanRadio_label"
               nowrap="nowrap"
              >
            
          </td>
          <td
               class="AFContentCell"
               nowrap="nowrap"
               valign="top"
              >
            
            <span
                 class="af_selectBooleanRadio_content"
                 id="mainId__xc_r"
                >
              
              <input
                   id="mainId"
                   name="groupTest"
                   type="radio"
                   value="mainId"
                  >
                
              </input>
            </span>
          </td>
        </tr>
      </table>
<!--AttributeTest[selected,true]-->

      <table
           border="0"
           cellpadding="0"
           cellspacing="0"
           class="af_selectBooleanRadio"
           id="mainId__xc_"
           summary=""
          >
        
        <tr
            >
          
          <td
               class="af_selectBooleanRadio_label"
               nowrap="nowrap"
              >
            
          </td>
          <td
               class="AFContentCell"
               nowrap="nowrap"
               valign="top"
              >
            
            <span
                 class="af_selectBooleanRadio_content"
                 id="mainId__xc_r"
                >
              
              <input
                   checked="checked"
                   id="mainId"
                   name="groupTest"
                   type="radio"
                   value="mainId"
                  >
                
              </input>
            </span>
          </td>
        </tr>
      </table>
<!--AttributeTest[text,null]-->

      <table
           border="0"
           cellpadding="0"
           cellspacing="0"
           class="af_selectBooleanRadio"
           id="mainId__xc_"
           summary=""
          >
        
        <tr
            >
          
          <td
               class="af_selectBooleanRadio_label"
               nowrap="nowrap"
              >
            
          </td>
          <td
               class="AFContentCell"
               nowrap="nowrap"
               valign="top"
              >
            
            <span
                 class="af_selectBooleanRadio_content"
                 id="mainId__xc_r"
                >
              
              <input
                   id="mainId"
                   name="groupTest"
                   type="radio"
                   value="mainId"
                  >
                
              </input>
              <label
                   for="mainId"
                  >
                test-text
              </label>
            </span>
          </td>
        </tr>
      </table>
<!--AttributeTest[text,textAttr,AttributeTest[accessKey,e],AttributeTest[inlineStyle,color:red],AttributeTest[styleClass,null]]-->

      <table
           border="0"
           cellpadding="0"
           cellspacing="0"
           class="test-styleClass af_selectBooleanRadio"
           id="mainId__xc_"
           style="color:red"
           summary=""
          >
        
        <tr
            >
          
          <td
               class="af_selectBooleanRadio_label"
               nowrap="nowrap"
              >
            
          </td>
          <td
               class="AFContentCell"
               nowrap="nowrap"
               valign="top"
              >
            
            <span
                 class="af_selectBooleanRadio_content"
                 id="mainId__xc_r"
                >
              
              <input
                   accesskey="e"
                   id="mainId"
                   name="groupTest"
                   type="radio"
                   value="mainId"
                  >
                
              </input>
              <label
                   for="mainId"
                  >
                t
                <span
                     class="AFAccessKeyStyle"
                    >
                  e
                </span>xtAttr
              </label>
            </span>
          </td>
        </tr>
      </table>
<!--AttributeTest[showRequired,false]-->

      <table
           border="0"
           cellpadding="0"
           cellspacing="0"
           class="af_selectBooleanRadio"
           id="mainId__xc_"
           summary=""
          >
        
        <tr
            >
          
          <td
               class="af_selectBooleanRadio_label"
               nowrap="nowrap"
              >
            
          </td>
          <td
               class="AFContentCell"
               nowrap="nowrap"
               valign="top"
              >
            
            <span
                 class="af_selectBooleanRadio_content"
                 id="mainId__xc_r"
                >
              
              <input
                   id="mainId"
                   name="groupTest"
                   type="radio"
                   value="mainId"
                  >
                
              </input>
            </span>
          </td>
        </tr>
      </table>
<!--AttributeTest[showRequired,true]-->

      <table
           border="0"
           cellpadding="0"
           cellspacing="0"
           class="af_selectBooleanRadio p_AFRequired"
           id="mainId__xc_"
           summary=""
          >
        
        <tr
            >
          
          <td
               class="af_selectBooleanRadio_label"
               nowrap="nowrap"
              >
            
            <span
                 class="AFRequiredIconStyle"
                 title="Required"
                >
              *
            </span>
          </td>
          <td
               class="AFContentCell"
               nowrap="nowrap"
               valign="top"
              >
            
            <span
                 class="af_selectBooleanRadio_content"
                 id="mainId__xc_r"
                >
              
              <input
                   id="mainId"
                   name="groupTest"
                   type="radio"
                   value="mainId"
                  >
                
              </input>
            </span>
          </td>
        </tr>
      </table>
<!--AttributeTest[id,null]-->

      <table
           border="0"
           cellpadding="0"
           cellspacing="0"
           class="af_selectBooleanRadio"
           id="test-id__xc_"
           summary=""
          >
        
        <tr
            >
          
          <td
               class="af_selectBooleanRadio_label"
               nowrap="nowrap"
              >
            
          </td>
          <td
               class="AFContentCell"
               nowrap="nowrap"
               valign="top"
              >
            
            <span
                 class="af_selectBooleanRadio_content"
                 id="test-id__xc_r"
                >
              
              <input
                   id="test-id"
                   name="groupTest"
                   type="radio"
                   value="test-id"
                  >
                
              </input>
            </span>
          </td>
        </tr>
      </table>
<!--AttributeTest[shortDesc,null]-->

      <table
           border="0"
           cellpadding="0"
           cellspacing="0"
           class="af_selectBooleanRadio"
           id="mainId__xc_"
           summary=""
           title="test-shortDesc"
          >
        
        <tr
            >
          
          <td
               class="af_selectBooleanRadio_label"
               nowrap="nowrap"
              >
            
          </td>
          <td
               class="AFContentCell"
               nowrap="nowrap"
               valign="top"
              >
            
            <span
                 class="af_selectBooleanRadio_content"
                 id="mainId__xc_r"
                >
              
              <input
                   id="mainId"
                   name="groupTest"
                   title="test-shortDesc"
                   type="radio"
                   value="mainId"
                  >
                
              </input>
            </span>
          </td>
        </tr>
      </table>
<!--AttributeTest[onblur,null]-->

      <table
           border="0"
           cellpadding="0"
           cellspacing="0"
           class="af_selectBooleanRadio"
           id="mainId__xc_"
           summary=""
          >
        
        <tr
            >
          
          <td
               class="af_selectBooleanRadio_label"
               nowrap="nowrap"
              >
            
          </td>
          <td
               class="AFContentCell"
               nowrap="nowrap"
               valign="top"
              >
            
            <span
                 class="af_selectBooleanRadio_content"
                 id="mainId__xc_r"
                >
              
              <input
                   id="mainId"
                   name="groupTest"
                   onblur="test-onblur"
                   type="radio"
                   value="mainId"
                  >
                
              </input>
            </span>
          </td>
        </tr>
      </table>
<!--AttributeTest[ondblclick,null]-->

      <table
           border="0"
           cellpadding="0"
           cellspacing="0"
           class="af_selectBooleanRadio"
           id="mainId__xc_"
           summary=""
          >
        
        <tr
            >
          
          <td
               class="af_selectBooleanRadio_label"
               nowrap="nowrap"
              >
            
          </td>
          <td
               class="AFContentCell"
               nowrap="nowrap"
               valign="top"
              >
            
            <span
                 class="af_selectBooleanRadio_content"
                 id="mainId__xc_r"
                 ondblclick="test-ondblclick"
                >
              
              <input
                   id="mainId"
                   name="groupTest"
                   type="radio"
                   value="mainId"
                  >
                
              </input>
            </span>
          </td>
        </tr>
      </table>
<!--AttributeTest[onclick,null]-->

      <table
           border="0"
           cellpadding="0"
           cellspacing="0"
           class="af_selectBooleanRadio"
           id="mainId__xc_"
           summary=""
          >
        
        <tr
            >
          
          <td
               class="af_selectBooleanRadio_label"
               nowrap="nowrap"
              >
            
          </td>
          <td
               class="AFContentCell"
               nowrap="nowrap"
               valign="top"
              >
            
            <span
                 class="af_selectBooleanRadio_content"
                 id="mainId__xc_r"
                >
              
              <input
                   id="mainId"
                   name="groupTest"
                   onclick="test-onclick"
                   type="radio"
                   value="mainId"
                  >
                
              </input>
            </span>
          </td>
        </tr>
      </table>
<!--AttributeTest[onfocus,null]-->

      <table
           border="0"
           cellpadding="0"
           cellspacing="0"
           class="af_selectBooleanRadio"
           id="mainId__xc_"
           summary=""
          >
        
        <tr
            >
          
          <td
               class="af_selectBooleanRadio_label"
               nowrap="nowrap"
              >
            
          </td>
          <td
               class="AFContentCell"
               nowrap="nowrap"
               valign="top"
              >
            
            <span
                 class="af_selectBooleanRadio_content"
                 id="mainId__xc_r"
                >
              
              <input
                   id="mainId"
                   name="groupTest"
                   onfocus="test-onfocus"
                   type="radio"
                   value="mainId"
                  >
                
              </input>
            </span>
          </td>
        </tr>
      </table>
<!--AttributeTest[onkeydown,null]-->

      <table
           border="0"
           cellpadding="0"
           cellspacing="0"
           class="af_selectBooleanRadio"
           id="mainId__xc_"
           summary=""
          >
        
        <tr
            >
          
          <td
               class="af_selectBooleanRadio_label"
               nowrap="nowrap"
              >
            
          </td>
          <td
               class="AFContentCell"
               nowrap="nowrap"
               valign="top"
              >
            
            <span
                 class="af_selectBooleanRadio_content"
                 id="mainId__xc_r"
                 onkeydown="test-onkeydown"
                >
              
              <input
                   id="mainId"
                   name="groupTest"
                   type="radio"
                   value="mainId"
                  >
                
              </input>
            </span>
          </td>
        </tr>
      </table>
<!--AttributeTest[onkeypress,null]-->

      <table
           border="0"
           cellpadding="0"
           cellspacing="0"
           class="af_selectBooleanRadio"
           id="mainId__xc_"
           summary=""
          >
        
        <tr
            >
          
          <td
               class="af_selectBooleanRadio_label"
               nowrap="nowrap"
              >
            
          </td>
          <td
               class="AFContentCell"
               nowrap="nowrap"
               valign="top"
              >
            
            <span
                 class="af_selectBooleanRadio_content"
                 id="mainId__xc_r"
                 onkeypress="test-onkeypress"
                >
              
              <input
                   id="mainId"
                   name="groupTest"
                   type="radio"
                   value="mainId"
                  >
                
              </input>
            </span>
          </td>
        </tr>
      </table>
<!--AttributeTest[onmousedown,null]-->

      <table
           border="0"
           cellpadding="0"
           cellspacing="0"
           class="af_selectBooleanRadio"
           id="mainId__xc_"
           summary=""
          >
        
        <tr
            >
          
          <td
               class="af_selectBooleanRadio_label"
               nowrap="nowrap"
              >
            
          </td>
          <td
               class="AFContentCell"
               nowrap="nowrap"
               valign="top"
              >
            
            <span
                 class="af_selectBooleanRadio_content"
                 id="mainId__xc_r"
                 onmousedown="test-onmousedown"
                >
              
              <input
                   id="mainId"
                   name="groupTest"
                   type="radio"
                   value="mainId"
                  >
                
              </input>
            </span>
          </td>
        </tr>
      </table>
<!--AttributeTest[onmousemove,null]-->

      <table
           border="0"
           cellpadding="0"
           cellspacing="0"
           class="af_selectBooleanRadio"
           id="mainId__xc_"
           summary=""
          >
        
        <tr
            >
          
          <td
               class="af_selectBooleanRadio_label"
               nowrap="nowrap"
              >
            
          </td>
          <td
               class="AFContentCell"
               nowrap="nowrap"
               valign="top"
              >
            
            <span
                 class="af_selectBooleanRadio_content"
                 id="mainId__xc_r"
                 onmousemove="test-onmousemove"
                >
              
              <input
                   id="mainId"
                   name="groupTest"
                   type="radio"
                   value="mainId"
                  >
                
              </input>
            </span>
          </td>
        </tr>
      </table>
<!--AttributeTest[onmouseout,null]-->

      <table
           border="0"
           cellpadding="0"
           cellspacing="0"
           class="af_selectBooleanRadio"
           id="mainId__xc_"
           summary=""
          >
        
        <tr
            >
          
          <td
               class="af_selectBooleanRadio_label"
               nowrap="nowrap"
              >
            
          </td>
          <td
               class="AFContentCell"
               nowrap="nowrap"
               valign="top"
              >
            
            <span
                 class="af_selectBooleanRadio_content"
                 id="mainId__xc_r"
                 onmouseout="test-onmouseout"
                >
              
              <input
                   id="mainId"
                   name="groupTest"
                   type="radio"
                   value="mainId"
                  >
                
              </input>
            </span>
          </td>
        </tr>
      </table>
<!--AttributeTest[onmouseover,null]-->

      <table
           border="0"
           cellpadding="0"
           cellspacing="0"
           class="af_selectBooleanRadio"
           id="mainId__xc_"
           summary=""
          >
        
        <tr
            >
          
          <td
               class="af_selectBooleanRadio_label"
               nowrap="nowrap"
              >
            
          </td>
          <td
               class="AFContentCell"
               nowrap="nowrap"
               valign="top"
              >
            
            <span
                 class="af_selectBooleanRadio_content"
                 id="mainId__xc_r"
                 onmouseover="test-onmouseover"
                >
              
              <input
                   id="mainId"
                   name="groupTest"
                   type="radio"
                   value="mainId"
                  >
                
              </input>
            </span>
          </td>
        </tr>
      </table>
<!--AttributeTest[onmouseup,null]-->

      <table
           border="0"
           cellpadding="0"
           cellspacing="0"
           class="af_selectBooleanRadio"
           id="mainId__xc_"
           summary=""
          >
        
        <tr
            >
          
          <td
               class="af_selectBooleanRadio_label"
               nowrap="nowrap"
              >
            
          </td>
          <td
               class="AFContentCell"
               nowrap="nowrap"
               valign="top"
              >
            
            <span
                 class="af_selectBooleanRadio_content"
                 id="mainId__xc_r"
                 onmouseup="test-onmouseup"
                >
              
              <input
                   id="mainId"
                   name="groupTest"
                   type="radio"
                   value="mainId"
                  >
                
              </input>
            </span>
          </td>
        </tr>
      </table>
</results>
