<results>
      <div
           id="mainId"
          >
        
        <table
             border="0"
             cellpadding="0"
             cellspacing="0"
             summary=""
            >
          
          <tr
              >
            
            <td
                 nowrap="nowrap"
                 valign="middle"
                >
              
              <span
                   class="OraNavBarInactiveLink"
                  >
                Previous
              </span>
            </td>
            <td
                >
              &#xa0;
            </td>
            <td
                 nowrap="nowrap"
                 valign="middle"
                >
              
              <span
                   class="AFFieldText"
                  >
                1-4 of 4
              </span>
            </td>
            <td
                >
              &#xa0;
            </td>
            <td
                 nowrap="nowrap"
                 valign="middle"
                >
              
              <span
                   class="OraNavBarInactiveLink"
                  >
                Next
              </span>
            </td>
          </tr>
        </table>
      </div>
<!--AttributeTest[first,1]-->

      <script
           type="text/javascript"
          >
        function _navSubmit(formName, event, id, vld, val){return _submitPartialChange(formName,vld,{event:event,source:id,value:val});}
      </script>
      <script
           type="text/javascript"
          >
        function _navChoiceSubmit(choice, formName, event, id, vld){if (!_navSubmit(formName, event, id, vld, choice.options[choice.selectedIndex].value)){choice.selectedIndex = choice._lastValue;}}
      </script>
      <div
           id="mainId"
          >
        
        <table
             border="0"
             cellpadding="0"
             cellspacing="0"
             summary=""
            >
          
          <tr
              >
            
            <td
                 nowrap="nowrap"
                 valign="middle"
                >
              
              <a
                   class="OraNavBarActiveLink"
                   onclick="_navSubmit('formId', 'goto', 'mainId',1,'1');return false"
                   href="uri-attr:#"
                  >
                Previous 1
              </a>
            </td>
            <td
                >
              &#xa0;
            </td>
            <td
                 nowrap="nowrap"
                 valign="middle"
                >
              
              <select
                   class="AFFieldText"
                   id="mainId__xc_c"
                   onchange="_navChoiceSubmit(this, 'formId','goto','mainId',1)"
                   onfocus="this._lastValue = this.selectedIndex"
                   title="Select record set"
                  >
                
                <option
                     value="all"
                    >
                  Show All 4
                </option>
                <option
                     value="1"
                    >
                  1-1 of 4
                </option>
                <option
                     selected="selected"
                     value="2"
                    >
                  2-4 of 4
                </option>
              </select>
              <script
                   type="text/javascript"
                  >
                _setSelectIndexById("mainId__xc_c",2)
              </script>
            </td>
            <td
                >
              &#xa0;
            </td>
            <td
                 nowrap="nowrap"
                 valign="middle"
                >
              
              <span
                   class="OraNavBarInactiveLink"
                  >
                Next
              </span>
            </td>
          </tr>
        </table>
      </div>
<!--AttributeTest[rows,0]-->

      <div
           id="mainId"
          >
        
        <table
             border="0"
             cellpadding="0"
             cellspacing="0"
             summary=""
            >
          
          <tr
              >
            
            <td
                 nowrap="nowrap"
                 valign="middle"
                >
              
              <span
                   class="OraNavBarInactiveLink"
                  >
                Previous
              </span>
            </td>
            <td
                >
              &#xa0;
            </td>
            <td
                 nowrap="nowrap"
                 valign="middle"
                >
              &#xa0;
            </td>
            <td
                >
              &#xa0;
            </td>
            <td
                 nowrap="nowrap"
                 valign="middle"
                >
              
              <span
                   class="OraNavBarInactiveLink"
                  >
                Next
              </span>
            </td>
          </tr>
        </table>
      </div>
<!--AttributeTest[id,null]-->

      <div
           id="test-id"
          >
        
        <table
             border="0"
             cellpadding="0"
             cellspacing="0"
             summary=""
            >
          
          <tr
              >
            
            <td
                 nowrap="nowrap"
                 valign="middle"
                >
              
              <span
                   class="OraNavBarInactiveLink"
                  >
                Previous
              </span>
            </td>
            <td
                >
              &#xa0;
            </td>
            <td
                 nowrap="nowrap"
                 valign="middle"
                >
              
              <span
                   class="AFFieldText"
                  >
                1-4 of 4
              </span>
            </td>
            <td
                >
              &#xa0;
            </td>
            <td
                 nowrap="nowrap"
                 valign="middle"
                >
              
              <span
                   class="OraNavBarInactiveLink"
                  >
                Next
              </span>
            </td>
          </tr>
        </table>
      </div>
<!--AttributeTest[shortDesc,null]-->

      <div
           id="mainId"
          >
        
        <table
             border="0"
             cellpadding="0"
             cellspacing="0"
             summary=""
             title="test-shortDesc"
            >
          
          <tr
              >
            
            <td
                 nowrap="nowrap"
                 valign="middle"
                >
              
              <span
                   class="OraNavBarInactiveLink"
                  >
                Previous
              </span>
            </td>
            <td
                >
              &#xa0;
            </td>
            <td
                 nowrap="nowrap"
                 valign="middle"
                >
              
              <span
                   class="AFFieldText"
                  >
                1-4 of 4
              </span>
            </td>
            <td
                >
              &#xa0;
            </td>
            <td
                 nowrap="nowrap"
                 valign="middle"
                >
              
              <span
                   class="OraNavBarInactiveLink"
                  >
                Next
              </span>
            </td>
          </tr>
        </table>
      </div>
</results>
