<results>
      <span
           class="af_selectBooleanRadio"
           id="mainId__xc_r"
          >
        
        <span
             class="af_selectBooleanRadio_content"
            >
          
          <input
               id="mainId"
               name="groupTest"
               type="radio"
               value="mainId"
              >
            
          </input>
        </span>
      </span>
<!--AttributeTest[autoSubmit,false]-->

      <span
           class="af_selectBooleanRadio"
           id="mainId__xc_r"
          >
        
        <span
             class="af_selectBooleanRadio_content"
            >
          
          <input
               id="mainId"
               name="groupTest"
               type="radio"
               value="mainId"
              >
            
          </input>
        </span>
      </span>
<!--AttributeTest[autoSubmit,true]-->

      <span
           class="af_selectBooleanRadio"
           id="mainId__xc_r"
          >
        
        <span
             class="af_selectBooleanRadio_content"
             onclick="TrPage._autoSubmit('formId','mainId',event,1);return true;"
            >
          
          <script
              >
            var _pprUpDatemode=false;function _adfspu(f,v,e,s,o){_pprUpdateMode=true;if(!o)o=new Object();if(e)o.event=e;if(s)o.source=s;_submitPartialChange(f,v,o);}
          </script>
          <input
               id="mainId"
               name="groupTest"
               type="radio"
               value="mainId"
              >
            
          </input>
        </span>
      </span>
<!--AttributeTest[autoSubmit,true,AttributeTest[immediate,true]]-->

      <span
           class="af_selectBooleanRadio"
           id="mainId__xc_r"
          >
        
        <span
             class="af_selectBooleanRadio_content"
             onclick="TrPage._autoSubmit('formId','mainId',event,0);return true;"
            >
          
          <input
               id="mainId"
               name="groupTest"
               type="radio"
               value="mainId"
              >
            
          </input>
        </span>
      </span>
<!--AttributeTest[disabled,false]-->

      <span
           class="af_selectBooleanRadio"
           id="mainId__xc_r"
          >
        
        <span
             class="af_selectBooleanRadio_content"
            >
          
          <input
               id="mainId"
               name="groupTest"
               type="radio"
               value="mainId"
              >
            
          </input>
        </span>
      </span>
<!--AttributeTest[disabled,true]-->

      <span
           class="af_selectBooleanRadio p_AFDisabled"
           id="mainId__xc_r"
          >
        
        <span
             class="af_selectBooleanRadio_content"
            >
          
          <input
               disabled="disabled"
               id="mainId"
               name="groupTest"
               type="radio"
               value="mainId"
              >
            
          </input>
        </span>
      </span>
<!--AttributeTest[label,null]-->

      <span
           class="af_selectBooleanRadio"
           id="mainId__xc_r"
          >
        
        <span
             class="af_selectBooleanRadio_content"
            >
          
          <input
               id="mainId"
               name="groupTest"
               type="radio"
               value="mainId"
              >
            
          </input>
        </span>
      </span>
<!--AttributeTest[group,secondGroup]-->

      <span
           class="af_selectBooleanRadio"
           id="mainId__xc_r"
          >
        
        <span
             class="af_selectBooleanRadio_content"
            >
          
          <input
               id="mainId"
               name="secondGroup"
               type="radio"
               value="mainId"
              >
            
          </input>
        </span>
      </span>
<!--AttributeTest[readOnly,false]-->

      <span
           class="af_selectBooleanRadio"
           id="mainId__xc_r"
          >
        
        <span
             class="af_selectBooleanRadio_content"
            >
          
          <input
               id="mainId"
               name="groupTest"
               type="radio"
               value="mainId"
              >
            
          </input>
        </span>
      </span>
<!--AttributeTest[readOnly,true]-->

      <span
           class="af_selectBooleanRadio p_AFReadOnly"
           id="mainId__xc_r"
          >
        
        <div
             class="af_selectBooleanRadio_content"
            >
          
          <img
               border="0"
               height="10"
               title="Read only Radio Button Not Selected"
               width="10"
               src="uri-attr:encoded-resource-url:/test-context-path/adf/images/radiorn.gif"
              >
            
          </img>
        </div>
      </span>
<!--AttributeTest[selected,false]-->

      <span
           class="af_selectBooleanRadio"
           id="mainId__xc_r"
          >
        
        <span
             class="af_selectBooleanRadio_content"
            >
          
          <input
               id="mainId"
               name="groupTest"
               type="radio"
               value="mainId"
              >
            
          </input>
        </span>
      </span>
<!--AttributeTest[selected,true]-->

      <span
           class="af_selectBooleanRadio"
           id="mainId__xc_r"
          >
        
        <span
             class="af_selectBooleanRadio_content"
            >
          
          <input
               checked="checked"
               id="mainId"
               name="groupTest"
               type="radio"
               value="mainId"
              >
            
          </input>
        </span>
      </span>
<!--AttributeTest[text,null]-->

      <span
           class="af_selectBooleanRadio"
           id="mainId__xc_r"
          >
        
        <span
             class="af_selectBooleanRadio_content"
            >
          
          <input
               id="mainId"
               name="groupTest"
               type="radio"
               value="mainId"
              >
            
          </input>test-text
        </span>
      </span>
<!--AttributeTest[text,textAttr,AttributeTest[accessKey,e],AttributeTest[inlineStyle,color:red],AttributeTest[styleClass,null]]-->

      <span
           class="test-styleClass af_selectBooleanRadio"
           id="mainId__xc_r"
           style="color:red"
          >
        
        <span
             class="af_selectBooleanRadio_content"
            >
          
          <input
               accesskey="e"
               id="mainId"
               name="groupTest"
               type="radio"
               value="mainId"
              >
            
          </input>
          <label
               for="mainId"
              >
            t
            <span
                 class="AFAccessKeyStyle"
                >
              e
            </span>xtAttr
          </label>
        </span>
      </span>
<!--AttributeTest[id,null]-->

      <span
           class="af_selectBooleanRadio"
           id="test-id__xc_r"
          >
        
        <span
             class="af_selectBooleanRadio_content"
            >
          
          <input
               id="test-id"
               name="groupTest"
               type="radio"
               value="test-id"
              >
            
          </input>
        </span>
      </span>
<!--AttributeTest[shortDesc,null]-->

      <span
           class="af_selectBooleanRadio"
           id="mainId__xc_r"
          >
        
        <span
             class="af_selectBooleanRadio_content"
            >
          
          <input
               id="mainId"
               name="groupTest"
               title="test-shortDesc"
               type="radio"
               value="mainId"
              >
            
          </input>
        </span>
      </span>
<!--AttributeTest[onblur,null]-->

      <span
           class="af_selectBooleanRadio"
           id="mainId__xc_r"
          >
        
        <span
             class="af_selectBooleanRadio_content"
            >
          
          <input
               id="mainId"
               name="groupTest"
               onblur="test-onblur"
               type="radio"
               value="mainId"
              >
            
          </input>
        </span>
      </span>
<!--AttributeTest[ondblclick,null]-->

      <span
           class="af_selectBooleanRadio"
           id="mainId__xc_r"
          >
        
        <span
             class="af_selectBooleanRadio_content"
             ondblclick="test-ondblclick"
            >
          
          <input
               id="mainId"
               name="groupTest"
               type="radio"
               value="mainId"
              >
            
          </input>
        </span>
      </span>
<!--AttributeTest[onclick,null]-->

      <span
           class="af_selectBooleanRadio"
           id="mainId__xc_r"
          >
        
        <span
             class="af_selectBooleanRadio_content"
            >
          
          <input
               id="mainId"
               name="groupTest"
               onclick="test-onclick"
               type="radio"
               value="mainId"
              >
            
          </input>
        </span>
      </span>
<!--AttributeTest[onfocus,null]-->

      <span
           class="af_selectBooleanRadio"
           id="mainId__xc_r"
          >
        
        <span
             class="af_selectBooleanRadio_content"
            >
          
          <input
               id="mainId"
               name="groupTest"
               onfocus="test-onfocus"
               type="radio"
               value="mainId"
              >
            
          </input>
        </span>
      </span>
<!--AttributeTest[onkeydown,null]-->

      <span
           class="af_selectBooleanRadio"
           id="mainId__xc_r"
          >
        
        <span
             class="af_selectBooleanRadio_content"
             onkeydown="test-onkeydown"
            >
          
          <input
               id="mainId"
               name="groupTest"
               type="radio"
               value="mainId"
              >
            
          </input>
        </span>
      </span>
<!--AttributeTest[onkeypress,null]-->

      <span
           class="af_selectBooleanRadio"
           id="mainId__xc_r"
          >
        
        <span
             class="af_selectBooleanRadio_content"
             onkeypress="test-onkeypress"
            >
          
          <input
               id="mainId"
               name="groupTest"
               type="radio"
               value="mainId"
              >
            
          </input>
        </span>
      </span>
<!--AttributeTest[onmousedown,null]-->

      <span
           class="af_selectBooleanRadio"
           id="mainId__xc_r"
          >
        
        <span
             class="af_selectBooleanRadio_content"
             onmousedown="test-onmousedown"
            >
          
          <input
               id="mainId"
               name="groupTest"
               type="radio"
               value="mainId"
              >
            
          </input>
        </span>
      </span>
<!--AttributeTest[onmousemove,null]-->

      <span
           class="af_selectBooleanRadio"
           id="mainId__xc_r"
          >
        
        <span
             class="af_selectBooleanRadio_content"
             onmousemove="test-onmousemove"
            >
          
          <input
               id="mainId"
               name="groupTest"
               type="radio"
               value="mainId"
              >
            
          </input>
        </span>
      </span>
<!--AttributeTest[onmouseout,null]-->

      <span
           class="af_selectBooleanRadio"
           id="mainId__xc_r"
          >
        
        <span
             class="af_selectBooleanRadio_content"
             onmouseout="test-onmouseout"
            >
          
          <input
               id="mainId"
               name="groupTest"
               type="radio"
               value="mainId"
              >
            
          </input>
        </span>
      </span>
<!--AttributeTest[onmouseover,null]-->

      <span
           class="af_selectBooleanRadio"
           id="mainId__xc_r"
          >
        
        <span
             class="af_selectBooleanRadio_content"
             onmouseover="test-onmouseover"
            >
          
          <input
               id="mainId"
               name="groupTest"
               type="radio"
               value="mainId"
              >
            
          </input>
        </span>
      </span>
<!--AttributeTest[onmouseup,null]-->

      <span
           class="af_selectBooleanRadio"
           id="mainId__xc_r"
          >
        
        <span
             class="af_selectBooleanRadio_content"
             onmouseup="test-onmouseup"
            >
          
          <input
               id="mainId"
               name="groupTest"
               type="radio"
               value="mainId"
              >
            
          </input>
        </span>
      </span>
</results>
