<results>
      <span
           class="af_breadCrumbs"
           id="mainId"
          >
        
        <nobr
            >
          
          <span
               dir="rtl"
              >
            
            <span
                 dir="ltr"
                >
              
              <a
                   class="af_breadCrumbs_step"
                   onclick="submitForm('formId',1,{source:'mainId:0:stamp'});return false;"
                   href="uri-attr:encoded-action-url:#"
                   id="uri-attr:mainId:0:stamp"
                   name="uri-attr:mainId:0:stamp"
                  >
                First
              </a>
            </span>&#xa0;&#xa0;&gt;&#xa0;&#xa0;
          </span>
        </nobr>
        <nobr
            >
          
          <span
               dir="rtl"
              >
            
            <span
                 dir="ltr"
                >
              
              <a
                   class="af_breadCrumbs_step"
                   onclick="submitForm('formId',1,{source:'mainId:1:stamp'});return false;"
                   href="uri-attr:encoded-action-url:#"
                   id="uri-attr:mainId:1:stamp"
                   name="uri-attr:mainId:1:stamp"
                  >
                fifth
              </a>
            </span>&#xa0;&#xa0;&gt;&#xa0;&#xa0;
          </span>
        </nobr>
        <nobr
            >
          
          <span
               dir="rtl"
              >
            
            <span
                 dir="ltr"
                >
              
              <a
                   class="af_breadCrumbs_selected-step"
                   id="uri-attr:mainId:2:stamp"
                   name="uri-attr:mainId:2:stamp"
                  >
                seventh
              </a>
            </span>
          </span>
        </nobr>
      </span>
<!--AttributeTest[orientation,horizontal]-->

      <span
           class="af_breadCrumbs"
           id="mainId"
          >
        
        <nobr
            >
          
          <span
               dir="rtl"
              >
            
            <span
                 dir="ltr"
                >
              
              <a
                   class="af_breadCrumbs_step"
                   onclick="submitForm('formId',1,{source:'mainId:0:stamp'});return false;"
                   href="uri-attr:encoded-action-url:#"
                   id="uri-attr:mainId:0:stamp"
                   name="uri-attr:mainId:0:stamp"
                  >
                First
              </a>
            </span>&#xa0;&#xa0;&gt;&#xa0;&#xa0;
          </span>
        </nobr>
        <nobr
            >
          
          <span
               dir="rtl"
              >
            
            <span
                 dir="ltr"
                >
              
              <a
                   class="af_breadCrumbs_step"
                   onclick="submitForm('formId',1,{source:'mainId:1:stamp'});return false;"
                   href="uri-attr:encoded-action-url:#"
                   id="uri-attr:mainId:1:stamp"
                   name="uri-attr:mainId:1:stamp"
                  >
                fifth
              </a>
            </span>&#xa0;&#xa0;&gt;&#xa0;&#xa0;
          </span>
        </nobr>
        <nobr
            >
          
          <span
               dir="rtl"
              >
            
            <span
                 dir="ltr"
                >
              
              <a
                   class="af_breadCrumbs_selected-step"
                   id="uri-attr:mainId:2:stamp"
                   name="uri-attr:mainId:2:stamp"
                  >
                seventh
              </a>
            </span>
          </span>
        </nobr>
      </span>
<!--AttributeTest[orientation,vertical]-->

      <span
           class="af_breadCrumbs"
           id="mainId"
          >
        
        <div
            >
          
          <nobr
              >
            
            <span
                 dir="rtl"
                >
              
              <span
                   dir="ltr"
                  >
                
                <a
                     class="af_breadCrumbs_step"
                     onclick="submitForm('formId',1,{source:'mainId:0:stamp'});return false;"
                     href="uri-attr:encoded-action-url:#"
                     id="uri-attr:mainId:0:stamp"
                     name="uri-attr:mainId:0:stamp"
                    >
                  First
                </a>
              </span>&#xa0;&#xa0;&gt;&#xa0;&#xa0;
            </span>
          </nobr>
        </div>
        <div
            >
          
          <nobr
              >
            &#xa0;&#xa0;&#xa0;&#xa0;&#xa0;&#xa0;&#xa0;&#xa0;&#xa0;&#xa0;
            <span
                 dir="rtl"
                >
              
              <span
                   dir="ltr"
                  >
                
                <a
                     class="af_breadCrumbs_step"
                     onclick="submitForm('formId',1,{source:'mainId:1:stamp'});return false;"
                     href="uri-attr:encoded-action-url:#"
                     id="uri-attr:mainId:1:stamp"
                     name="uri-attr:mainId:1:stamp"
                    >
                  fifth
                </a>
              </span>&#xa0;&#xa0;&gt;&#xa0;&#xa0;
            </span>
          </nobr>
        </div>
        <div
            >
          
          <nobr
              >
            &#xa0;&#xa0;&#xa0;&#xa0;&#xa0;&#xa0;&#xa0;&#xa0;&#xa0;&#xa0;&#xa0;&#xa0;&#xa0;&#xa0;&#xa0;&#xa0;&#xa0;&#xa0;&#xa0;&#xa0;
            <span
                 dir="rtl"
                >
              
              <span
                   dir="ltr"
                  >
                
                <a
                     class="af_breadCrumbs_selected-step"
                     id="uri-attr:mainId:2:stamp"
                     name="uri-attr:mainId:2:stamp"
                    >
                  seventh
                </a>
              </span>
            </span>
          </nobr>
        </div>
      </span>
<!--AttributeTest[id,myid]-->

      <span
           class="af_breadCrumbs"
           id="myid"
          >
        
        <nobr
            >
          
          <span
               dir="rtl"
              >
            
            <span
                 dir="ltr"
                >
              
              <a
                   class="af_breadCrumbs_step"
                   onclick="submitForm('formId',1,{source:'myid:0:stamp'});return false;"
                   href="uri-attr:encoded-action-url:#"
                   id="uri-attr:myid:0:stamp"
                   name="uri-attr:myid:0:stamp"
                  >
                First
              </a>
            </span>&#xa0;&#xa0;&gt;&#xa0;&#xa0;
          </span>
        </nobr>
        <nobr
            >
          
          <span
               dir="rtl"
              >
            
            <span
                 dir="ltr"
                >
              
              <a
                   class="af_breadCrumbs_step"
                   onclick="submitForm('formId',1,{source:'myid:1:stamp'});return false;"
                   href="uri-attr:encoded-action-url:#"
                   id="uri-attr:myid:1:stamp"
                   name="uri-attr:myid:1:stamp"
                  >
                fifth
              </a>
            </span>&#xa0;&#xa0;&gt;&#xa0;&#xa0;
          </span>
        </nobr>
        <nobr
            >
          
          <span
               dir="rtl"
              >
            
            <span
                 dir="ltr"
                >
              
              <a
                   class="af_breadCrumbs_selected-step"
                   id="uri-attr:myid:2:stamp"
                   name="uri-attr:myid:2:stamp"
                  >
                seventh
              </a>
            </span>
          </span>
        </nobr>
      </span>
<!--AttributeTest[shortDesc,my short desc]-->

      <span
           class="af_breadCrumbs"
           id="mainId"
           title="my short desc"
          >
        
        <nobr
            >
          
          <span
               dir="rtl"
              >
            
            <span
                 dir="ltr"
                >
              
              <a
                   class="af_breadCrumbs_step"
                   onclick="submitForm('formId',1,{source:'mainId:0:stamp'});return false;"
                   href="uri-attr:encoded-action-url:#"
                   id="uri-attr:mainId:0:stamp"
                   name="uri-attr:mainId:0:stamp"
                  >
                First
              </a>
            </span>&#xa0;&#xa0;&gt;&#xa0;&#xa0;
          </span>
        </nobr>
        <nobr
            >
          
          <span
               dir="rtl"
              >
            
            <span
                 dir="ltr"
                >
              
              <a
                   class="af_breadCrumbs_step"
                   onclick="submitForm('formId',1,{source:'mainId:1:stamp'});return false;"
                   href="uri-attr:encoded-action-url:#"
                   id="uri-attr:mainId:1:stamp"
                   name="uri-attr:mainId:1:stamp"
                  >
                fifth
              </a>
            </span>&#xa0;&#xa0;&gt;&#xa0;&#xa0;
          </span>
        </nobr>
        <nobr
            >
          
          <span
               dir="rtl"
              >
            
            <span
                 dir="ltr"
                >
              
              <a
                   class="af_breadCrumbs_selected-step"
                   id="uri-attr:mainId:2:stamp"
                   name="uri-attr:mainId:2:stamp"
                  >
                seventh
              </a>
            </span>
          </span>
        </nobr>
      </span>
<!--AttributeTest[onclick,null]-->

      <span
           class="af_breadCrumbs"
           id="mainId"
           onclick="test-onclick"
          >
        
        <nobr
            >
          
          <span
               dir="rtl"
              >
            
            <span
                 dir="ltr"
                >
              
              <a
                   class="af_breadCrumbs_step"
                   onclick="submitForm('formId',1,{source:'mainId:0:stamp'});return false;"
                   href="uri-attr:encoded-action-url:#"
                   id="uri-attr:mainId:0:stamp"
                   name="uri-attr:mainId:0:stamp"
                  >
                First
              </a>
            </span>&#xa0;&#xa0;&gt;&#xa0;&#xa0;
          </span>
        </nobr>
        <nobr
            >
          
          <span
               dir="rtl"
              >
            
            <span
                 dir="ltr"
                >
              
              <a
                   class="af_breadCrumbs_step"
                   onclick="submitForm('formId',1,{source:'mainId:1:stamp'});return false;"
                   href="uri-attr:encoded-action-url:#"
                   id="uri-attr:mainId:1:stamp"
                   name="uri-attr:mainId:1:stamp"
                  >
                fifth
              </a>
            </span>&#xa0;&#xa0;&gt;&#xa0;&#xa0;
          </span>
        </nobr>
        <nobr
            >
          
          <span
               dir="rtl"
              >
            
            <span
                 dir="ltr"
                >
              
              <a
                   class="af_breadCrumbs_selected-step"
                   id="uri-attr:mainId:2:stamp"
                   name="uri-attr:mainId:2:stamp"
                  >
                seventh
              </a>
            </span>
          </span>
        </nobr>
      </span>
<!--AttributeTest[ondblclick,null]-->

      <span
           class="af_breadCrumbs"
           id="mainId"
           ondblclick="test-ondblclick"
          >
        
        <nobr
            >
          
          <span
               dir="rtl"
              >
            
            <span
                 dir="ltr"
                >
              
              <a
                   class="af_breadCrumbs_step"
                   onclick="submitForm('formId',1,{source:'mainId:0:stamp'});return false;"
                   href="uri-attr:encoded-action-url:#"
                   id="uri-attr:mainId:0:stamp"
                   name="uri-attr:mainId:0:stamp"
                  >
                First
              </a>
            </span>&#xa0;&#xa0;&gt;&#xa0;&#xa0;
          </span>
        </nobr>
        <nobr
            >
          
          <span
               dir="rtl"
              >
            
            <span
                 dir="ltr"
                >
              
              <a
                   class="af_breadCrumbs_step"
                   onclick="submitForm('formId',1,{source:'mainId:1:stamp'});return false;"
                   href="uri-attr:encoded-action-url:#"
                   id="uri-attr:mainId:1:stamp"
                   name="uri-attr:mainId:1:stamp"
                  >
                fifth
              </a>
            </span>&#xa0;&#xa0;&gt;&#xa0;&#xa0;
          </span>
        </nobr>
        <nobr
            >
          
          <span
               dir="rtl"
              >
            
            <span
                 dir="ltr"
                >
              
              <a
                   class="af_breadCrumbs_selected-step"
                   id="uri-attr:mainId:2:stamp"
                   name="uri-attr:mainId:2:stamp"
                  >
                seventh
              </a>
            </span>
          </span>
        </nobr>
      </span>
<!--AttributeTest[onkeydown,null]-->

      <span
           class="af_breadCrumbs"
           id="mainId"
           onkeydown="test-onkeydown"
          >
        
        <nobr
            >
          
          <span
               dir="rtl"
              >
            
            <span
                 dir="ltr"
                >
              
              <a
                   class="af_breadCrumbs_step"
                   onclick="submitForm('formId',1,{source:'mainId:0:stamp'});return false;"
                   href="uri-attr:encoded-action-url:#"
                   id="uri-attr:mainId:0:stamp"
                   name="uri-attr:mainId:0:stamp"
                  >
                First
              </a>
            </span>&#xa0;&#xa0;&gt;&#xa0;&#xa0;
          </span>
        </nobr>
        <nobr
            >
          
          <span
               dir="rtl"
              >
            
            <span
                 dir="ltr"
                >
              
              <a
                   class="af_breadCrumbs_step"
                   onclick="submitForm('formId',1,{source:'mainId:1:stamp'});return false;"
                   href="uri-attr:encoded-action-url:#"
                   id="uri-attr:mainId:1:stamp"
                   name="uri-attr:mainId:1:stamp"
                  >
                fifth
              </a>
            </span>&#xa0;&#xa0;&gt;&#xa0;&#xa0;
          </span>
        </nobr>
        <nobr
            >
          
          <span
               dir="rtl"
              >
            
            <span
                 dir="ltr"
                >
              
              <a
                   class="af_breadCrumbs_selected-step"
                   id="uri-attr:mainId:2:stamp"
                   name="uri-attr:mainId:2:stamp"
                  >
                seventh
              </a>
            </span>
          </span>
        </nobr>
      </span>
<!--AttributeTest[onkeypress,null]-->

      <span
           class="af_breadCrumbs"
           id="mainId"
           onkeypress="test-onkeypress"
          >
        
        <nobr
            >
          
          <span
               dir="rtl"
              >
            
            <span
                 dir="ltr"
                >
              
              <a
                   class="af_breadCrumbs_step"
                   onclick="submitForm('formId',1,{source:'mainId:0:stamp'});return false;"
                   href="uri-attr:encoded-action-url:#"
                   id="uri-attr:mainId:0:stamp"
                   name="uri-attr:mainId:0:stamp"
                  >
                First
              </a>
            </span>&#xa0;&#xa0;&gt;&#xa0;&#xa0;
          </span>
        </nobr>
        <nobr
            >
          
          <span
               dir="rtl"
              >
            
            <span
                 dir="ltr"
                >
              
              <a
                   class="af_breadCrumbs_step"
                   onclick="submitForm('formId',1,{source:'mainId:1:stamp'});return false;"
                   href="uri-attr:encoded-action-url:#"
                   id="uri-attr:mainId:1:stamp"
                   name="uri-attr:mainId:1:stamp"
                  >
                fifth
              </a>
            </span>&#xa0;&#xa0;&gt;&#xa0;&#xa0;
          </span>
        </nobr>
        <nobr
            >
          
          <span
               dir="rtl"
              >
            
            <span
                 dir="ltr"
                >
              
              <a
                   class="af_breadCrumbs_selected-step"
                   id="uri-attr:mainId:2:stamp"
                   name="uri-attr:mainId:2:stamp"
                  >
                seventh
              </a>
            </span>
          </span>
        </nobr>
      </span>
<!--AttributeTest[onkeyup,null]-->

      <span
           class="af_breadCrumbs"
           id="mainId"
           onkeyup="test-onkeyup"
          >
        
        <nobr
            >
          
          <span
               dir="rtl"
              >
            
            <span
                 dir="ltr"
                >
              
              <a
                   class="af_breadCrumbs_step"
                   onclick="submitForm('formId',1,{source:'mainId:0:stamp'});return false;"
                   href="uri-attr:encoded-action-url:#"
                   id="uri-attr:mainId:0:stamp"
                   name="uri-attr:mainId:0:stamp"
                  >
                First
              </a>
            </span>&#xa0;&#xa0;&gt;&#xa0;&#xa0;
          </span>
        </nobr>
        <nobr
            >
          
          <span
               dir="rtl"
              >
            
            <span
                 dir="ltr"
                >
              
              <a
                   class="af_breadCrumbs_step"
                   onclick="submitForm('formId',1,{source:'mainId:1:stamp'});return false;"
                   href="uri-attr:encoded-action-url:#"
                   id="uri-attr:mainId:1:stamp"
                   name="uri-attr:mainId:1:stamp"
                  >
                fifth
              </a>
            </span>&#xa0;&#xa0;&gt;&#xa0;&#xa0;
          </span>
        </nobr>
        <nobr
            >
          
          <span
               dir="rtl"
              >
            
            <span
                 dir="ltr"
                >
              
              <a
                   class="af_breadCrumbs_selected-step"
                   id="uri-attr:mainId:2:stamp"
                   name="uri-attr:mainId:2:stamp"
                  >
                seventh
              </a>
            </span>
          </span>
        </nobr>
      </span>
<!--AttributeTest[onmousedown,null]-->

      <span
           class="af_breadCrumbs"
           id="mainId"
           onmousedown="test-onmousedown"
          >
        
        <nobr
            >
          
          <span
               dir="rtl"
              >
            
            <span
                 dir="ltr"
                >
              
              <a
                   class="af_breadCrumbs_step"
                   onclick="submitForm('formId',1,{source:'mainId:0:stamp'});return false;"
                   href="uri-attr:encoded-action-url:#"
                   id="uri-attr:mainId:0:stamp"
                   name="uri-attr:mainId:0:stamp"
                  >
                First
              </a>
            </span>&#xa0;&#xa0;&gt;&#xa0;&#xa0;
          </span>
        </nobr>
        <nobr
            >
          
          <span
               dir="rtl"
              >
            
            <span
                 dir="ltr"
                >
              
              <a
                   class="af_breadCrumbs_step"
                   onclick="submitForm('formId',1,{source:'mainId:1:stamp'});return false;"
                   href="uri-attr:encoded-action-url:#"
                   id="uri-attr:mainId:1:stamp"
                   name="uri-attr:mainId:1:stamp"
                  >
                fifth
              </a>
            </span>&#xa0;&#xa0;&gt;&#xa0;&#xa0;
          </span>
        </nobr>
        <nobr
            >
          
          <span
               dir="rtl"
              >
            
            <span
                 dir="ltr"
                >
              
              <a
                   class="af_breadCrumbs_selected-step"
                   id="uri-attr:mainId:2:stamp"
                   name="uri-attr:mainId:2:stamp"
                  >
                seventh
              </a>
            </span>
          </span>
        </nobr>
      </span>
<!--AttributeTest[onmousemove,null]-->

      <span
           class="af_breadCrumbs"
           id="mainId"
           onmousemove="test-onmousemove"
          >
        
        <nobr
            >
          
          <span
               dir="rtl"
              >
            
            <span
                 dir="ltr"
                >
              
              <a
                   class="af_breadCrumbs_step"
                   onclick="submitForm('formId',1,{source:'mainId:0:stamp'});return false;"
                   href="uri-attr:encoded-action-url:#"
                   id="uri-attr:mainId:0:stamp"
                   name="uri-attr:mainId:0:stamp"
                  >
                First
              </a>
            </span>&#xa0;&#xa0;&gt;&#xa0;&#xa0;
          </span>
        </nobr>
        <nobr
            >
          
          <span
               dir="rtl"
              >
            
            <span
                 dir="ltr"
                >
              
              <a
                   class="af_breadCrumbs_step"
                   onclick="submitForm('formId',1,{source:'mainId:1:stamp'});return false;"
                   href="uri-attr:encoded-action-url:#"
                   id="uri-attr:mainId:1:stamp"
                   name="uri-attr:mainId:1:stamp"
                  >
                fifth
              </a>
            </span>&#xa0;&#xa0;&gt;&#xa0;&#xa0;
          </span>
        </nobr>
        <nobr
            >
          
          <span
               dir="rtl"
              >
            
            <span
                 dir="ltr"
                >
              
              <a
                   class="af_breadCrumbs_selected-step"
                   id="uri-attr:mainId:2:stamp"
                   name="uri-attr:mainId:2:stamp"
                  >
                seventh
              </a>
            </span>
          </span>
        </nobr>
      </span>
<!--AttributeTest[onmouseout,null]-->

      <span
           class="af_breadCrumbs"
           id="mainId"
           onmouseout="test-onmouseout"
          >
        
        <nobr
            >
          
          <span
               dir="rtl"
              >
            
            <span
                 dir="ltr"
                >
              
              <a
                   class="af_breadCrumbs_step"
                   onclick="submitForm('formId',1,{source:'mainId:0:stamp'});return false;"
                   href="uri-attr:encoded-action-url:#"
                   id="uri-attr:mainId:0:stamp"
                   name="uri-attr:mainId:0:stamp"
                  >
                First
              </a>
            </span>&#xa0;&#xa0;&gt;&#xa0;&#xa0;
          </span>
        </nobr>
        <nobr
            >
          
          <span
               dir="rtl"
              >
            
            <span
                 dir="ltr"
                >
              
              <a
                   class="af_breadCrumbs_step"
                   onclick="submitForm('formId',1,{source:'mainId:1:stamp'});return false;"
                   href="uri-attr:encoded-action-url:#"
                   id="uri-attr:mainId:1:stamp"
                   name="uri-attr:mainId:1:stamp"
                  >
                fifth
              </a>
            </span>&#xa0;&#xa0;&gt;&#xa0;&#xa0;
          </span>
        </nobr>
        <nobr
            >
          
          <span
               dir="rtl"
              >
            
            <span
                 dir="ltr"
                >
              
              <a
                   class="af_breadCrumbs_selected-step"
                   id="uri-attr:mainId:2:stamp"
                   name="uri-attr:mainId:2:stamp"
                  >
                seventh
              </a>
            </span>
          </span>
        </nobr>
      </span>
<!--AttributeTest[onmouseover,null]-->

      <span
           class="af_breadCrumbs"
           id="mainId"
           onmouseover="test-onmouseover"
          >
        
        <nobr
            >
          
          <span
               dir="rtl"
              >
            
            <span
                 dir="ltr"
                >
              
              <a
                   class="af_breadCrumbs_step"
                   onclick="submitForm('formId',1,{source:'mainId:0:stamp'});return false;"
                   href="uri-attr:encoded-action-url:#"
                   id="uri-attr:mainId:0:stamp"
                   name="uri-attr:mainId:0:stamp"
                  >
                First
              </a>
            </span>&#xa0;&#xa0;&gt;&#xa0;&#xa0;
          </span>
        </nobr>
        <nobr
            >
          
          <span
               dir="rtl"
              >
            
            <span
                 dir="ltr"
                >
              
              <a
                   class="af_breadCrumbs_step"
                   onclick="submitForm('formId',1,{source:'mainId:1:stamp'});return false;"
                   href="uri-attr:encoded-action-url:#"
                   id="uri-attr:mainId:1:stamp"
                   name="uri-attr:mainId:1:stamp"
                  >
                fifth
              </a>
            </span>&#xa0;&#xa0;&gt;&#xa0;&#xa0;
          </span>
        </nobr>
        <nobr
            >
          
          <span
               dir="rtl"
              >
            
            <span
                 dir="ltr"
                >
              
              <a
                   class="af_breadCrumbs_selected-step"
                   id="uri-attr:mainId:2:stamp"
                   name="uri-attr:mainId:2:stamp"
                  >
                seventh
              </a>
            </span>
          </span>
        </nobr>
      </span>
<!--AttributeTest[onmouseup,null]-->

      <span
           class="af_breadCrumbs"
           id="mainId"
           onmouseup="test-onmouseup"
          >
        
        <nobr
            >
          
          <span
               dir="rtl"
              >
            
            <span
                 dir="ltr"
                >
              
              <a
                   class="af_breadCrumbs_step"
                   onclick="submitForm('formId',1,{source:'mainId:0:stamp'});return false;"
                   href="uri-attr:encoded-action-url:#"
                   id="uri-attr:mainId:0:stamp"
                   name="uri-attr:mainId:0:stamp"
                  >
                First
              </a>
            </span>&#xa0;&#xa0;&gt;&#xa0;&#xa0;
          </span>
        </nobr>
        <nobr
            >
          
          <span
               dir="rtl"
              >
            
            <span
                 dir="ltr"
                >
              
              <a
                   class="af_breadCrumbs_step"
                   onclick="submitForm('formId',1,{source:'mainId:1:stamp'});return false;"
                   href="uri-attr:encoded-action-url:#"
                   id="uri-attr:mainId:1:stamp"
                   name="uri-attr:mainId:1:stamp"
                  >
                fifth
              </a>
            </span>&#xa0;&#xa0;&gt;&#xa0;&#xa0;
          </span>
        </nobr>
        <nobr
            >
          
          <span
               dir="rtl"
              >
            
            <span
                 dir="ltr"
                >
              
              <a
                   class="af_breadCrumbs_selected-step"
                   id="uri-attr:mainId:2:stamp"
                   name="uri-attr:mainId:2:stamp"
                  >
                seventh
              </a>
            </span>
          </span>
        </nobr>
      </span>
</results>
