<results>
      <td
           id="mainId"
          >
        Text
      </td>
<!--AttributeTest[columnSpan,2]-->

      <td
           colspan="2"
           id="mainId"
          >
        Text
      </td>
<!--AttributeTest[halign,right]-->

      <td
           align="right"
           id="mainId"
          >
        Text
      </td>
<!--AttributeTest[halign,start]-->

      <td
           align="left"
           id="mainId"
          >
        Text
      </td>
<!--AttributeTest[halign,left]-->

      <td
           align="left"
           id="mainId"
          >
        Text
      </td>
<!--AttributeTest[halign,end]-->

      <td
           align="right"
           id="mainId"
          >
        Text
      </td>
<!--AttributeTest[halign,center]-->

      <td
           align="center"
           id="mainId"
          >
        Text
      </td>
<!--AttributeTest[header,false]-->

      <td
           id="mainId"
          >
        Text
      </td>
<!--AttributeTest[header,true]-->

      <th
           id="mainId"
          >
        Text
      </th>
<!--AttributeTest[headers,hid1 hid2]-->

      <td
           headers="hid1 hid2"
           id="mainId"
          >
        Text
      </td>
<!--AttributeTest[height,50px]-->

      <td
           height="50px"
           id="mainId"
          >
        Text
      </td>
<!--AttributeTest[rowSpan,2]-->

      <td
           id="mainId"
           rowspan="2"
          >
        Text
      </td>
<!--AttributeTest[shortText,myShortText]-->

      <td
           abbr="myShortText"
           id="mainId"
          >
        Text
      </td>
<!--AttributeTest[valign,middle]-->

      <td
           id="mainId"
           valign="middle"
          >
        Text
      </td>
<!--AttributeTest[valign,top]-->

      <td
           id="mainId"
           valign="top"
          >
        Text
      </td>
<!--AttributeTest[valign,bottom]-->

      <td
           id="mainId"
           valign="bottom"
          >
        Text
      </td>
<!--AttributeTest[width,75%]-->

      <td
           id="mainId"
           width="75%"
          >
        Text
      </td>
<!--AttributeTest[wrappingDisabled,false]-->

      <td
           id="mainId"
          >
        Text
      </td>
<!--AttributeTest[wrappingDisabled,true]-->

      <td
           id="mainId"
          >
        Text
      </td>
<!--AttributeTest[id,myCellId]-->

      <td
           id="myCellId"
          >
        Text
      </td>
<!--AttributeTest[inlineStyle,background-color:blue]-->

      <td
           id="mainId"
           style="background-color:blue"
          >
        Text
      </td>
<!--AttributeTest[shortDesc,myShortDesc]-->

      <td
           id="mainId"
           title="myShortDesc"
          >
        Text
      </td>
<!--AttributeTest[styleClass,myStyle]-->

      <td
           class="myStyle"
           id="mainId"
          >
        Text
      </td>
<!--AttributeTest[onclick,null]-->

      <td
           id="mainId"
           onclick="test-onclick"
          >
        Text
      </td>
<!--AttributeTest[ondblclick,null]-->

      <td
           id="mainId"
           ondblclick="test-ondblclick"
          >
        Text
      </td>
<!--AttributeTest[onkeydown,null]-->

      <td
           id="mainId"
           onkeydown="test-onkeydown"
          >
        Text
      </td>
<!--AttributeTest[onkeypress,null]-->

      <td
           id="mainId"
           onkeypress="test-onkeypress"
          >
        Text
      </td>
<!--AttributeTest[onkeyup,null]-->

      <td
           id="mainId"
           onkeyup="test-onkeyup"
          >
        Text
      </td>
<!--AttributeTest[onmousedown,null]-->

      <td
           id="mainId"
           onmousedown="test-onmousedown"
          >
        Text
      </td>
<!--AttributeTest[onmousemove,null]-->

      <td
           id="mainId"
           onmousemove="test-onmousemove"
          >
        Text
      </td>
<!--AttributeTest[onmouseout,null]-->

      <td
           id="mainId"
           onmouseout="test-onmouseout"
          >
        Text
      </td>
<!--AttributeTest[onmouseover,null]-->

      <td
           id="mainId"
           onmouseover="test-onmouseover"
          >
        Text
      </td>
<!--AttributeTest[onmouseup,null]-->

      <td
           id="mainId"
           onmouseup="test-onmouseup"
          >
        Text
      </td>
</results>
