<results>
      <div
           class="af_chart"
           id="mainId"
          >
        
        <script
             type="text/javascript"
            >
          ApacheChart.createSVG("mainId","svgChartmainId","encoded-resource-url:/test-context-path/adf/svg/chart.svg","width:100%; height:100%;",null);
var seriesLabels = ['Previous','Target','Actual'];
var groupLabels = ['June','July','August','September','October'];
var seriesColors = ["RGB(231,109,72)","RGB(110,166,243)","RGB(157,206,110)","RGB(252,196,111)","RGB(114,126,142)","RGB(109,44,145)"];
var xValues = [[6.1,6.3,6.5],[6.8,7.1,7.3],[7.6,7.8,8.0],[8.25,8.55,8.78],[9.23,9.48,9.88]];
var yValues = [[135235.0,155535.0,141725.0],[106765.0,131725.0,127868.0],[108456.0,119326.0,139326.0],[136765.0,147265.0,184349.0],[107868.0,113968.0,174349.0]];
var model = new ApacheChartModel(seriesLabels, groupLabels, yValues, xValues, seriesColors);
model.setMinYValue(0.0);
model.setMaxYValue(500000.0);
model.setMinXValue(6.0);
model.setMaxXValue(10.0);
model.setTitle('Title');
model.setSubTitle('SubTitle');
model.setFootNote('FootNote');
var type = 1;
var chartId = 'svgChartmainId';
var isPerspective = true;
var legendPosition = 'bottom';
var apacheChart = ApacheChart.createChart(type, model, chartId, isPerspective, legendPosition);apacheChart.setYMajorGridLineCount(3);
apacheChart.setYMinorGridLineCount(-1);
apacheChart.setXMajorGridLineCount(-1);
apacheChart.setGradientsUsed(true);
apacheChart.setAnimationDuration(1000);
apacheChart.setTooltipsVisible(true);
apacheChart.setMaxPrecision(0);
apacheChart.setFormName('formId');
apacheChart.setErrorHtml('<H4>Unable to load SVG plugin. Please install the plugin from <a href=\'#\' onclick=\"window.open(\'http://www.adobe.com/svg/viewer/install/main.html\')\">Adobe</a><H4>');
apacheChart.setStatusHtml('<H4><H4>Please Wait. Attempting to load SVG document...</H4><H4>');
apacheChart.draw();

        </script>
      </div>
<!--AttributeTest[type,verticalBar]-->

      <div
           class="af_chart"
           id="mainId"
          >
        
        <script
             type="text/javascript"
            >
          ApacheChart.createSVG("mainId","svgChartmainId","encoded-resource-url:/test-context-path/adf/svg/chart.svg","width:100%; height:100%;",null);
var seriesLabels = ['Previous','Target','Actual'];
var groupLabels = ['June','July','August','September','October'];
var seriesColors = ["RGB(231,109,72)","RGB(110,166,243)","RGB(157,206,110)","RGB(252,196,111)","RGB(114,126,142)","RGB(109,44,145)"];
var xValues = [[6.1,6.3,6.5],[6.8,7.1,7.3],[7.6,7.8,8.0],[8.25,8.55,8.78],[9.23,9.48,9.88]];
var yValues = [[135235.0,155535.0,141725.0],[106765.0,131725.0,127868.0],[108456.0,119326.0,139326.0],[136765.0,147265.0,184349.0],[107868.0,113968.0,174349.0]];
var model = new ApacheChartModel(seriesLabels, groupLabels, yValues, xValues, seriesColors);
model.setMinYValue(0.0);
model.setMaxYValue(500000.0);
model.setMinXValue(6.0);
model.setMaxXValue(10.0);
model.setTitle('Title');
model.setSubTitle('SubTitle');
model.setFootNote('FootNote');
var type = 1;
var chartId = 'svgChartmainId';
var isPerspective = true;
var legendPosition = 'bottom';
var apacheChart = ApacheChart.createChart(type, model, chartId, isPerspective, legendPosition);apacheChart.setYMajorGridLineCount(3);
apacheChart.setYMinorGridLineCount(-1);
apacheChart.setXMajorGridLineCount(-1);
apacheChart.setGradientsUsed(true);
apacheChart.setAnimationDuration(1000);
apacheChart.setTooltipsVisible(true);
apacheChart.setMaxPrecision(0);
apacheChart.setFormName('formId');
apacheChart.setErrorHtml('<H4>Unable to load SVG plugin. Please install the plugin from <a href=\'#\' onclick=\"window.open(\'http://www.adobe.com/svg/viewer/install/main.html\')\">Adobe</a><H4>');
apacheChart.setStatusHtml('<H4><H4>Please Wait. Attempting to load SVG document...</H4><H4>');
apacheChart.draw();

        </script>
      </div>
<!--AttributeTest[templateSource,/mySVGTemplate.svg]-->

      <div
           class="af_chart"
           id="mainId"
          >
        
        <script
             type="text/javascript"
            >
          ApacheChart.createSVG("mainId","svgChartmainId","encoded-resource-url:/test-context-path/mySVGTemplate.svg","width:100%; height:100%;",null);
var seriesLabels = ['Previous','Target','Actual'];
var groupLabels = ['June','July','August','September','October'];
var seriesColors = ["RGB(231,109,72)","RGB(110,166,243)","RGB(157,206,110)","RGB(252,196,111)","RGB(114,126,142)","RGB(109,44,145)"];
var xValues = [[6.1,6.3,6.5],[6.8,7.1,7.3],[7.6,7.8,8.0],[8.25,8.55,8.78],[9.23,9.48,9.88]];
var yValues = [[135235.0,155535.0,141725.0],[106765.0,131725.0,127868.0],[108456.0,119326.0,139326.0],[136765.0,147265.0,184349.0],[107868.0,113968.0,174349.0]];
var model = new ApacheChartModel(seriesLabels, groupLabels, yValues, xValues, seriesColors);
model.setMinYValue(0.0);
model.setMaxYValue(500000.0);
model.setMinXValue(6.0);
model.setMaxXValue(10.0);
model.setTitle('Title');
model.setSubTitle('SubTitle');
model.setFootNote('FootNote');
var type = 1;
var chartId = 'svgChartmainId';
var isPerspective = true;
var legendPosition = 'bottom';
var apacheChart = ApacheChart.createChart(type, model, chartId, isPerspective, legendPosition);apacheChart.setYMajorGridLineCount(3);
apacheChart.setYMinorGridLineCount(-1);
apacheChart.setXMajorGridLineCount(-1);
apacheChart.setGradientsUsed(true);
apacheChart.setAnimationDuration(1000);
apacheChart.setTooltipsVisible(true);
apacheChart.setMaxPrecision(0);
apacheChart.setFormName('formId');
apacheChart.setErrorHtml('<H4>Unable to load SVG plugin. Please install the plugin from <a href=\'#\' onclick=\"window.open(\'http://www.adobe.com/svg/viewer/install/main.html\')\">Adobe</a><H4>');
apacheChart.setStatusHtml('<H4><H4>Please Wait. Attempting to load SVG document...</H4><H4>');
apacheChart.draw();

        </script>
      </div>
<!--AttributeTest[legendPosition,end]-->

      <div
           class="af_chart"
           id="mainId"
          >
        
        <script
             type="text/javascript"
            >
          ApacheChart.createSVG("mainId","svgChartmainId","encoded-resource-url:/test-context-path/adf/svg/chart.svg","width:100%; height:100%;",null);
var seriesLabels = ['Previous','Target','Actual'];
var groupLabels = ['June','July','August','September','October'];
var seriesColors = ["RGB(231,109,72)","RGB(110,166,243)","RGB(157,206,110)","RGB(252,196,111)","RGB(114,126,142)","RGB(109,44,145)"];
var xValues = [[6.1,6.3,6.5],[6.8,7.1,7.3],[7.6,7.8,8.0],[8.25,8.55,8.78],[9.23,9.48,9.88]];
var yValues = [[135235.0,155535.0,141725.0],[106765.0,131725.0,127868.0],[108456.0,119326.0,139326.0],[136765.0,147265.0,184349.0],[107868.0,113968.0,174349.0]];
var model = new ApacheChartModel(seriesLabels, groupLabels, yValues, xValues, seriesColors);
model.setMinYValue(0.0);
model.setMaxYValue(500000.0);
model.setMinXValue(6.0);
model.setMaxXValue(10.0);
model.setTitle('Title');
model.setSubTitle('SubTitle');
model.setFootNote('FootNote');
var type = 1;
var chartId = 'svgChartmainId';
var isPerspective = true;
var legendPosition = 'end';
var apacheChart = ApacheChart.createChart(type, model, chartId, isPerspective, legendPosition);apacheChart.setYMajorGridLineCount(3);
apacheChart.setYMinorGridLineCount(-1);
apacheChart.setXMajorGridLineCount(-1);
apacheChart.setGradientsUsed(true);
apacheChart.setAnimationDuration(1000);
apacheChart.setTooltipsVisible(true);
apacheChart.setMaxPrecision(0);
apacheChart.setFormName('formId');
apacheChart.setErrorHtml('<H4>Unable to load SVG plugin. Please install the plugin from <a href=\'#\' onclick=\"window.open(\'http://www.adobe.com/svg/viewer/install/main.html\')\">Adobe</a><H4>');
apacheChart.setStatusHtml('<H4><H4>Please Wait. Attempting to load SVG document...</H4><H4>');
apacheChart.draw();

        </script>
      </div>
<!--AttributeTest[animationDuration,1500]-->

      <div
           class="af_chart"
           id="mainId"
          >
        
        <script
             type="text/javascript"
            >
          ApacheChart.createSVG("mainId","svgChartmainId","encoded-resource-url:/test-context-path/adf/svg/chart.svg","width:100%; height:100%;",null);
var seriesLabels = ['Previous','Target','Actual'];
var groupLabels = ['June','July','August','September','October'];
var seriesColors = ["RGB(231,109,72)","RGB(110,166,243)","RGB(157,206,110)","RGB(252,196,111)","RGB(114,126,142)","RGB(109,44,145)"];
var xValues = [[6.1,6.3,6.5],[6.8,7.1,7.3],[7.6,7.8,8.0],[8.25,8.55,8.78],[9.23,9.48,9.88]];
var yValues = [[135235.0,155535.0,141725.0],[106765.0,131725.0,127868.0],[108456.0,119326.0,139326.0],[136765.0,147265.0,184349.0],[107868.0,113968.0,174349.0]];
var model = new ApacheChartModel(seriesLabels, groupLabels, yValues, xValues, seriesColors);
model.setMinYValue(0.0);
model.setMaxYValue(500000.0);
model.setMinXValue(6.0);
model.setMaxXValue(10.0);
model.setTitle('Title');
model.setSubTitle('SubTitle');
model.setFootNote('FootNote');
var type = 1;
var chartId = 'svgChartmainId';
var isPerspective = true;
var legendPosition = 'bottom';
var apacheChart = ApacheChart.createChart(type, model, chartId, isPerspective, legendPosition);apacheChart.setYMajorGridLineCount(3);
apacheChart.setYMinorGridLineCount(-1);
apacheChart.setXMajorGridLineCount(-1);
apacheChart.setGradientsUsed(true);
apacheChart.setAnimationDuration(1500);
apacheChart.setTooltipsVisible(true);
apacheChart.setMaxPrecision(0);
apacheChart.setFormName('formId');
apacheChart.setErrorHtml('<H4>Unable to load SVG plugin. Please install the plugin from <a href=\'#\' onclick=\"window.open(\'http://www.adobe.com/svg/viewer/install/main.html\')\">Adobe</a><H4>');
apacheChart.setStatusHtml('<H4><H4>Please Wait. Attempting to load SVG document...</H4><H4>');
apacheChart.draw();

        </script>
      </div>
<!--AttributeTest[YMajorGridLineCount,7]-->

      <div
           class="af_chart"
           id="mainId"
          >
        
        <script
             type="text/javascript"
            >
          ApacheChart.createSVG("mainId","svgChartmainId","encoded-resource-url:/test-context-path/adf/svg/chart.svg","width:100%; height:100%;",null);
var seriesLabels = ['Previous','Target','Actual'];
var groupLabels = ['June','July','August','September','October'];
var seriesColors = ["RGB(231,109,72)","RGB(110,166,243)","RGB(157,206,110)","RGB(252,196,111)","RGB(114,126,142)","RGB(109,44,145)"];
var xValues = [[6.1,6.3,6.5],[6.8,7.1,7.3],[7.6,7.8,8.0],[8.25,8.55,8.78],[9.23,9.48,9.88]];
var yValues = [[135235.0,155535.0,141725.0],[106765.0,131725.0,127868.0],[108456.0,119326.0,139326.0],[136765.0,147265.0,184349.0],[107868.0,113968.0,174349.0]];
var model = new ApacheChartModel(seriesLabels, groupLabels, yValues, xValues, seriesColors);
model.setMinYValue(0.0);
model.setMaxYValue(500000.0);
model.setMinXValue(6.0);
model.setMaxXValue(10.0);
model.setTitle('Title');
model.setSubTitle('SubTitle');
model.setFootNote('FootNote');
var type = 1;
var chartId = 'svgChartmainId';
var isPerspective = true;
var legendPosition = 'bottom';
var apacheChart = ApacheChart.createChart(type, model, chartId, isPerspective, legendPosition);apacheChart.setYMajorGridLineCount(7);
apacheChart.setYMinorGridLineCount(-1);
apacheChart.setXMajorGridLineCount(-1);
apacheChart.setGradientsUsed(true);
apacheChart.setAnimationDuration(1000);
apacheChart.setTooltipsVisible(true);
apacheChart.setMaxPrecision(0);
apacheChart.setFormName('formId');
apacheChart.setErrorHtml('<H4>Unable to load SVG plugin. Please install the plugin from <a href=\'#\' onclick=\"window.open(\'http://www.adobe.com/svg/viewer/install/main.html\')\">Adobe</a><H4>');
apacheChart.setStatusHtml('<H4><H4>Please Wait. Attempting to load SVG document...</H4><H4>');
apacheChart.draw();

        </script>
      </div>
<!--AttributeTest[YMinorGridLineCount,3]-->

      <div
           class="af_chart"
           id="mainId"
          >
        
        <script
             type="text/javascript"
            >
          ApacheChart.createSVG("mainId","svgChartmainId","encoded-resource-url:/test-context-path/adf/svg/chart.svg","width:100%; height:100%;",null);
var seriesLabels = ['Previous','Target','Actual'];
var groupLabels = ['June','July','August','September','October'];
var seriesColors = ["RGB(231,109,72)","RGB(110,166,243)","RGB(157,206,110)","RGB(252,196,111)","RGB(114,126,142)","RGB(109,44,145)"];
var xValues = [[6.1,6.3,6.5],[6.8,7.1,7.3],[7.6,7.8,8.0],[8.25,8.55,8.78],[9.23,9.48,9.88]];
var yValues = [[135235.0,155535.0,141725.0],[106765.0,131725.0,127868.0],[108456.0,119326.0,139326.0],[136765.0,147265.0,184349.0],[107868.0,113968.0,174349.0]];
var model = new ApacheChartModel(seriesLabels, groupLabels, yValues, xValues, seriesColors);
model.setMinYValue(0.0);
model.setMaxYValue(500000.0);
model.setMinXValue(6.0);
model.setMaxXValue(10.0);
model.setTitle('Title');
model.setSubTitle('SubTitle');
model.setFootNote('FootNote');
var type = 1;
var chartId = 'svgChartmainId';
var isPerspective = true;
var legendPosition = 'bottom';
var apacheChart = ApacheChart.createChart(type, model, chartId, isPerspective, legendPosition);apacheChart.setYMajorGridLineCount(3);
apacheChart.setYMinorGridLineCount(3);
apacheChart.setXMajorGridLineCount(-1);
apacheChart.setGradientsUsed(true);
apacheChart.setAnimationDuration(1000);
apacheChart.setTooltipsVisible(true);
apacheChart.setMaxPrecision(0);
apacheChart.setFormName('formId');
apacheChart.setErrorHtml('<H4>Unable to load SVG plugin. Please install the plugin from <a href=\'#\' onclick=\"window.open(\'http://www.adobe.com/svg/viewer/install/main.html\')\">Adobe</a><H4>');
apacheChart.setStatusHtml('<H4><H4>Please Wait. Attempting to load SVG document...</H4><H4>');
apacheChart.draw();

        </script>
      </div>
<!--AttributeTest[XMajorGridLineCount,4]-->

      <div
           class="af_chart"
           id="mainId"
          >
        
        <script
             type="text/javascript"
            >
          ApacheChart.createSVG("mainId","svgChartmainId","encoded-resource-url:/test-context-path/adf/svg/chart.svg","width:100%; height:100%;",null);
var seriesLabels = ['Previous','Target','Actual'];
var groupLabels = ['June','July','August','September','October'];
var seriesColors = ["RGB(231,109,72)","RGB(110,166,243)","RGB(157,206,110)","RGB(252,196,111)","RGB(114,126,142)","RGB(109,44,145)"];
var xValues = [[6.1,6.3,6.5],[6.8,7.1,7.3],[7.6,7.8,8.0],[8.25,8.55,8.78],[9.23,9.48,9.88]];
var yValues = [[135235.0,155535.0,141725.0],[106765.0,131725.0,127868.0],[108456.0,119326.0,139326.0],[136765.0,147265.0,184349.0],[107868.0,113968.0,174349.0]];
var model = new ApacheChartModel(seriesLabels, groupLabels, yValues, xValues, seriesColors);
model.setMinYValue(0.0);
model.setMaxYValue(500000.0);
model.setMinXValue(6.0);
model.setMaxXValue(10.0);
model.setTitle('Title');
model.setSubTitle('SubTitle');
model.setFootNote('FootNote');
var type = 1;
var chartId = 'svgChartmainId';
var isPerspective = true;
var legendPosition = 'bottom';
var apacheChart = ApacheChart.createChart(type, model, chartId, isPerspective, legendPosition);apacheChart.setYMajorGridLineCount(3);
apacheChart.setYMinorGridLineCount(-1);
apacheChart.setXMajorGridLineCount(4);
apacheChart.setGradientsUsed(true);
apacheChart.setAnimationDuration(1000);
apacheChart.setTooltipsVisible(true);
apacheChart.setMaxPrecision(0);
apacheChart.setFormName('formId');
apacheChart.setErrorHtml('<H4>Unable to load SVG plugin. Please install the plugin from <a href=\'#\' onclick=\"window.open(\'http://www.adobe.com/svg/viewer/install/main.html\')\">Adobe</a><H4>');
apacheChart.setStatusHtml('<H4><H4>Please Wait. Attempting to load SVG document...</H4><H4>');
apacheChart.draw();

        </script>
      </div>
<!--AttributeTest[maxPrecision,1]-->

      <div
           class="af_chart"
           id="mainId"
          >
        
        <script
             type="text/javascript"
            >
          ApacheChart.createSVG("mainId","svgChartmainId","encoded-resource-url:/test-context-path/adf/svg/chart.svg","width:100%; height:100%;",null);
var seriesLabels = ['Previous','Target','Actual'];
var groupLabels = ['June','July','August','September','October'];
var seriesColors = ["RGB(231,109,72)","RGB(110,166,243)","RGB(157,206,110)","RGB(252,196,111)","RGB(114,126,142)","RGB(109,44,145)"];
var xValues = [[6.1,6.3,6.5],[6.8,7.1,7.3],[7.6,7.8,8.0],[8.25,8.55,8.78],[9.23,9.48,9.88]];
var yValues = [[135235.0,155535.0,141725.0],[106765.0,131725.0,127868.0],[108456.0,119326.0,139326.0],[136765.0,147265.0,184349.0],[107868.0,113968.0,174349.0]];
var model = new ApacheChartModel(seriesLabels, groupLabels, yValues, xValues, seriesColors);
model.setMinYValue(0.0);
model.setMaxYValue(500000.0);
model.setMinXValue(6.0);
model.setMaxXValue(10.0);
model.setTitle('Title');
model.setSubTitle('SubTitle');
model.setFootNote('FootNote');
var type = 1;
var chartId = 'svgChartmainId';
var isPerspective = true;
var legendPosition = 'bottom';
var apacheChart = ApacheChart.createChart(type, model, chartId, isPerspective, legendPosition);apacheChart.setYMajorGridLineCount(3);
apacheChart.setYMinorGridLineCount(-1);
apacheChart.setXMajorGridLineCount(-1);
apacheChart.setGradientsUsed(true);
apacheChart.setAnimationDuration(1000);
apacheChart.setTooltipsVisible(true);
apacheChart.setMaxPrecision(1);
apacheChart.setFormName('formId');
apacheChart.setErrorHtml('<H4>Unable to load SVG plugin. Please install the plugin from <a href=\'#\' onclick=\"window.open(\'http://www.adobe.com/svg/viewer/install/main.html\')\">Adobe</a><H4>');
apacheChart.setStatusHtml('<H4><H4>Please Wait. Attempting to load SVG document...</H4><H4>');
apacheChart.draw();

        </script>
      </div>
<!--AttributeTest[id,myid]-->

      <div
           class="af_chart"
           id="myid"
          >
        
        <script
             type="text/javascript"
            >
          ApacheChart.createSVG("myid","svgChartmyid","encoded-resource-url:/test-context-path/adf/svg/chart.svg","width:100%; height:100%;",null);
var seriesLabels = ['Previous','Target','Actual'];
var groupLabels = ['June','July','August','September','October'];
var seriesColors = ["RGB(231,109,72)","RGB(110,166,243)","RGB(157,206,110)","RGB(252,196,111)","RGB(114,126,142)","RGB(109,44,145)"];
var xValues = [[6.1,6.3,6.5],[6.8,7.1,7.3],[7.6,7.8,8.0],[8.25,8.55,8.78],[9.23,9.48,9.88]];
var yValues = [[135235.0,155535.0,141725.0],[106765.0,131725.0,127868.0],[108456.0,119326.0,139326.0],[136765.0,147265.0,184349.0],[107868.0,113968.0,174349.0]];
var model = new ApacheChartModel(seriesLabels, groupLabels, yValues, xValues, seriesColors);
model.setMinYValue(0.0);
model.setMaxYValue(500000.0);
model.setMinXValue(6.0);
model.setMaxXValue(10.0);
model.setTitle('Title');
model.setSubTitle('SubTitle');
model.setFootNote('FootNote');
var type = 1;
var chartId = 'svgChartmyid';
var isPerspective = true;
var legendPosition = 'bottom';
var apacheChart = ApacheChart.createChart(type, model, chartId, isPerspective, legendPosition);apacheChart.setYMajorGridLineCount(3);
apacheChart.setYMinorGridLineCount(-1);
apacheChart.setXMajorGridLineCount(-1);
apacheChart.setGradientsUsed(true);
apacheChart.setAnimationDuration(1000);
apacheChart.setTooltipsVisible(true);
apacheChart.setMaxPrecision(0);
apacheChart.setFormName('formId');
apacheChart.setErrorHtml('<H4>Unable to load SVG plugin. Please install the plugin from <a href=\'#\' onclick=\"window.open(\'http://www.adobe.com/svg/viewer/install/main.html\')\">Adobe</a><H4>');
apacheChart.setStatusHtml('<H4><H4>Please Wait. Attempting to load SVG document...</H4><H4>');
apacheChart.draw();

        </script>
      </div>
<!--AttributeTest[styleClass,mystyle]-->

      <div
           class="mystyle af_chart"
           id="mainId"
          >
        
        <script
             type="text/javascript"
            >
          ApacheChart.createSVG("mainId","svgChartmainId","encoded-resource-url:/test-context-path/adf/svg/chart.svg","width:100%; height:100%;",null);
var seriesLabels = ['Previous','Target','Actual'];
var groupLabels = ['June','July','August','September','October'];
var seriesColors = ["RGB(231,109,72)","RGB(110,166,243)","RGB(157,206,110)","RGB(252,196,111)","RGB(114,126,142)","RGB(109,44,145)"];
var xValues = [[6.1,6.3,6.5],[6.8,7.1,7.3],[7.6,7.8,8.0],[8.25,8.55,8.78],[9.23,9.48,9.88]];
var yValues = [[135235.0,155535.0,141725.0],[106765.0,131725.0,127868.0],[108456.0,119326.0,139326.0],[136765.0,147265.0,184349.0],[107868.0,113968.0,174349.0]];
var model = new ApacheChartModel(seriesLabels, groupLabels, yValues, xValues, seriesColors);
model.setMinYValue(0.0);
model.setMaxYValue(500000.0);
model.setMinXValue(6.0);
model.setMaxXValue(10.0);
model.setTitle('Title');
model.setSubTitle('SubTitle');
model.setFootNote('FootNote');
var type = 1;
var chartId = 'svgChartmainId';
var isPerspective = true;
var legendPosition = 'bottom';
var apacheChart = ApacheChart.createChart(type, model, chartId, isPerspective, legendPosition);apacheChart.setYMajorGridLineCount(3);
apacheChart.setYMinorGridLineCount(-1);
apacheChart.setXMajorGridLineCount(-1);
apacheChart.setGradientsUsed(true);
apacheChart.setAnimationDuration(1000);
apacheChart.setTooltipsVisible(true);
apacheChart.setMaxPrecision(0);
apacheChart.setFormName('formId');
apacheChart.setErrorHtml('<H4>Unable to load SVG plugin. Please install the plugin from <a href=\'#\' onclick=\"window.open(\'http://www.adobe.com/svg/viewer/install/main.html\')\">Adobe</a><H4>');
apacheChart.setStatusHtml('<H4><H4>Please Wait. Attempting to load SVG document...</H4><H4>');
apacheChart.draw();

        </script>
      </div>
<!--AttributeTest[inlineStyle,width:600px; height:400px;]-->

      <div
           class="af_chart"
           id="mainId"
           style="width:600px; height:400px;"
          >
        
        <script
             type="text/javascript"
            >
          ApacheChart.createSVG("mainId","svgChartmainId","encoded-resource-url:/test-context-path/adf/svg/chart.svg","width:100%; height:100%;",null);
var seriesLabels = ['Previous','Target','Actual'];
var groupLabels = ['June','July','August','September','October'];
var seriesColors = ["RGB(231,109,72)","RGB(110,166,243)","RGB(157,206,110)","RGB(252,196,111)","RGB(114,126,142)","RGB(109,44,145)"];
var xValues = [[6.1,6.3,6.5],[6.8,7.1,7.3],[7.6,7.8,8.0],[8.25,8.55,8.78],[9.23,9.48,9.88]];
var yValues = [[135235.0,155535.0,141725.0],[106765.0,131725.0,127868.0],[108456.0,119326.0,139326.0],[136765.0,147265.0,184349.0],[107868.0,113968.0,174349.0]];
var model = new ApacheChartModel(seriesLabels, groupLabels, yValues, xValues, seriesColors);
model.setMinYValue(0.0);
model.setMaxYValue(500000.0);
model.setMinXValue(6.0);
model.setMaxXValue(10.0);
model.setTitle('Title');
model.setSubTitle('SubTitle');
model.setFootNote('FootNote');
var type = 1;
var chartId = 'svgChartmainId';
var isPerspective = true;
var legendPosition = 'bottom';
var apacheChart = ApacheChart.createChart(type, model, chartId, isPerspective, legendPosition);apacheChart.setYMajorGridLineCount(3);
apacheChart.setYMinorGridLineCount(-1);
apacheChart.setXMajorGridLineCount(-1);
apacheChart.setGradientsUsed(true);
apacheChart.setAnimationDuration(1000);
apacheChart.setTooltipsVisible(true);
apacheChart.setMaxPrecision(0);
apacheChart.setFormName('formId');
apacheChart.setErrorHtml('<H4>Unable to load SVG plugin. Please install the plugin from <a href=\'#\' onclick=\"window.open(\'http://www.adobe.com/svg/viewer/install/main.html\')\">Adobe</a><H4>');
apacheChart.setStatusHtml('<H4><H4>Please Wait. Attempting to load SVG document...</H4><H4>');
apacheChart.draw();

        </script>
      </div>
</results>
