<results>
      <a
           class="OraLink"
           onclick="submitForm('formId',1,{source:'mainId'});return false;"
           href="uri-attr:encoded-action-url:#"
           id="uri-attr:mainId"
           name="uri-attr:mainId"
          >
        LinkText
      </a>
<!--AttributeTest[accessKey,i]-->

      <a
           class="OraLink"
           onclick="submitForm('formId',1,{source:'mainId'});return false;"
           href="uri-attr:encoded-action-url:#"
           id="uri-attr:mainId"
           name="uri-attr:mainId"
          >
        LinkText
      </a>
<!--AttributeTest[disabled,false]-->

      <a
           class="OraLink"
           onclick="submitForm('formId',1,{source:'mainId'});return false;"
           href="uri-attr:encoded-action-url:#"
           id="uri-attr:mainId"
           name="uri-attr:mainId"
          >
        LinkText
      </a>
<!--AttributeTest[disabled,true]-->

      <a
           class="OraLinkDisabled"
           id="uri-attr:mainId"
           name="uri-attr:mainId"
          >
        LinkText
      </a>
<!--AttributeTest[immediate,false]-->

      <a
           class="OraLink"
           onclick="submitForm('formId',1,{source:'mainId'});return false;"
           href="uri-attr:encoded-action-url:#"
           id="uri-attr:mainId"
           name="uri-attr:mainId"
          >
        LinkText
      </a>
<!--AttributeTest[immediate,true]-->

      <a
           class="OraLink"
           onclick="submitForm('formId',0,{source:'mainId'});return false;"
           href="uri-attr:encoded-action-url:#"
           id="uri-attr:mainId"
           name="uri-attr:mainId"
          >
        LinkText
      </a>
<!--AttributeTest[partialSubmit,false]-->

      <a
           class="OraLink"
           onclick="submitForm('formId',1,{source:'mainId'});return false;"
           href="uri-attr:encoded-action-url:#"
           id="uri-attr:mainId"
           name="uri-attr:mainId"
          >
        LinkText
      </a>
<!--AttributeTest[partialSubmit,true]-->

      <script
           type="text/javascript"
          >
        var _pprUpDatemode=false;function _adfspu(f,v,e,s,o){_pprUpdateMode=true;if(!o)o=new Object();if(e)o.event=e;if(s)o.source=s;_submitPartialChange(f,v,o);}
      </script>
      <a
           class="OraLink"
           onclick="TrPage._autoSubmit('formId','mainId',null,1);return false;"
           href="uri-attr:encoded-action-url:#"
           id="uri-attr:mainId"
           name="uri-attr:mainId"
          >
        LinkText
      </a>
<!--AttributeTest[textAndAccessKey,L&inkText]-->

      <a
           class="OraLink"
           onclick="submitForm('formId',1,{source:'mainId'});return false;"
           href="uri-attr:encoded-action-url:#"
           id="uri-attr:mainId"
           name="uri-attr:mainId"
          >
        LinkText
      </a>
<!--AttributeTest[windowHeight,100]-->

      <a
           class="OraLink"
           onclick="submitForm('formId',1,{source:'mainId'});return false;"
           href="uri-attr:encoded-action-url:#"
           id="uri-attr:mainId"
           name="uri-attr:mainId"
          >
        LinkText
      </a>
<!--AttributeTest[windowWidth,200]-->

      <a
           class="OraLink"
           onclick="submitForm('formId',1,{source:'mainId'});return false;"
           href="uri-attr:encoded-action-url:#"
           id="uri-attr:mainId"
           name="uri-attr:mainId"
          >
        LinkText
      </a>
<!--AttributeTest[id,myid]-->

      <a
           class="OraLink"
           onclick="submitForm('formId',1,{source:'myid'});return false;"
           href="uri-attr:encoded-action-url:#"
           id="uri-attr:myid"
           name="uri-attr:myid"
          >
        LinkText
      </a>
<!--AttributeTest[shortDesc,my button]-->

      <a
           class="OraLink"
           onclick="submitForm('formId',1,{source:'mainId'});return false;"
           title="my button"
           href="uri-attr:encoded-action-url:#"
           id="uri-attr:mainId"
           name="uri-attr:mainId"
          >
        LinkText
      </a>
<!--AttributeTest[styleClass,mystyle]-->

      <a
           class="mystyle OraLink"
           onclick="submitForm('formId',1,{source:'mainId'});return false;"
           href="uri-attr:encoded-action-url:#"
           id="uri-attr:mainId"
           name="uri-attr:mainId"
          >
        LinkText
      </a>
<!--AttributeTest[onblur,null]-->

      <a
           class="OraLink"
           onblur="test-onblur"
           onclick="submitForm('formId',1,{source:'mainId'});return false;"
           href="uri-attr:encoded-action-url:#"
           id="uri-attr:mainId"
           name="uri-attr:mainId"
          >
        LinkText
      </a>
<!--AttributeTest[onclick,null]-->

      <a
           class="OraLink"
           onclick="return _chain('test-onclick','submitForm(\'formId\',1,{source:\'mainId\'});return false;',this,null,true)"
           href="uri-attr:encoded-action-url:#"
           id="uri-attr:mainId"
           name="uri-attr:mainId"
          >
        LinkText
      </a>
<!--AttributeTest[ondblclick,null]-->

      <a
           class="OraLink"
           onclick="submitForm('formId',1,{source:'mainId'});return false;"
           ondblclick="test-ondblclick"
           href="uri-attr:encoded-action-url:#"
           id="uri-attr:mainId"
           name="uri-attr:mainId"
          >
        LinkText
      </a>
<!--AttributeTest[onfocus,null]-->

      <a
           class="OraLink"
           onclick="submitForm('formId',1,{source:'mainId'});return false;"
           onfocus="test-onfocus"
           href="uri-attr:encoded-action-url:#"
           id="uri-attr:mainId"
           name="uri-attr:mainId"
          >
        LinkText
      </a>
<!--AttributeTest[onkeydown,null]-->

      <a
           class="OraLink"
           onclick="submitForm('formId',1,{source:'mainId'});return false;"
           onkeydown="test-onkeydown"
           href="uri-attr:encoded-action-url:#"
           id="uri-attr:mainId"
           name="uri-attr:mainId"
          >
        LinkText
      </a>
<!--AttributeTest[onkeypress,null]-->

      <a
           class="OraLink"
           onclick="submitForm('formId',1,{source:'mainId'});return false;"
           onkeypress="test-onkeypress"
           href="uri-attr:encoded-action-url:#"
           id="uri-attr:mainId"
           name="uri-attr:mainId"
          >
        LinkText
      </a>
<!--AttributeTest[onkeyup,null]-->

      <a
           class="OraLink"
           onclick="submitForm('formId',1,{source:'mainId'});return false;"
           onkeyup="test-onkeyup"
           href="uri-attr:encoded-action-url:#"
           id="uri-attr:mainId"
           name="uri-attr:mainId"
          >
        LinkText
      </a>
<!--AttributeTest[onmousedown,null]-->

      <a
           class="OraLink"
           onclick="submitForm('formId',1,{source:'mainId'});return false;"
           onmousedown="test-onmousedown"
           href="uri-attr:encoded-action-url:#"
           id="uri-attr:mainId"
           name="uri-attr:mainId"
          >
        LinkText
      </a>
<!--AttributeTest[onmousemove,null]-->

      <a
           class="OraLink"
           onclick="submitForm('formId',1,{source:'mainId'});return false;"
           onmousemove="test-onmousemove"
           href="uri-attr:encoded-action-url:#"
           id="uri-attr:mainId"
           name="uri-attr:mainId"
          >
        LinkText
      </a>
<!--AttributeTest[onmouseout,null]-->

      <a
           class="OraLink"
           onclick="submitForm('formId',1,{source:'mainId'});return false;"
           onmouseout="test-onmouseout"
           href="uri-attr:encoded-action-url:#"
           id="uri-attr:mainId"
           name="uri-attr:mainId"
          >
        LinkText
      </a>
<!--AttributeTest[onmouseover,null]-->

      <a
           class="OraLink"
           onclick="submitForm('formId',1,{source:'mainId'});return false;"
           onmouseover="test-onmouseover"
           href="uri-attr:encoded-action-url:#"
           id="uri-attr:mainId"
           name="uri-attr:mainId"
          >
        LinkText
      </a>
<!--AttributeTest[onmouseup,null]-->

      <a
           class="OraLink"
           onclick="submitForm('formId',1,{source:'mainId'});return false;"
           onmouseup="test-onmouseup"
           href="uri-attr:encoded-action-url:#"
           id="uri-attr:mainId"
           name="uri-attr:mainId"
          >
        LinkText
      </a>
</results>
