<results>
      <div
           id="mainId"
          >
        
        <table
             border="0"
             cellpadding="0"
             cellspacing="0"
             summary=""
             width="100%"
            >
          
          <tr
              >
            
            <td
                >
              
              <div
                   class="af_table_control-bar-top"
                  >
                
                <div
                     valign="middle"
                    >
                  
                  <div
                       id="mainId-nb"
                      >
                    
                    <table
                         border="0"
                         cellpadding="0"
                         cellspacing="0"
                         summary=""
                        >
                      
                      <tr
                          >
                        
                        <td
                             nowrap="nowrap"
                             valign="middle"
                            >
                          
                          <span
                               class="OraNavBarInactiveLink"
                              >
                            Previous
                          </span>
                        </td>
                        <td
                            >
                          &#xa0;
                        </td>
                        <td
                             nowrap="nowrap"
                             valign="middle"
                            >
                          
                          <select
                               class="AFFieldText"
                               id="mainId-nb__xc_c"
                               onchange="_navChoiceSubmit(this, 'formId','goto','mainId',1)"
                               onfocus="this._lastValue = this.selectedIndex"
                               title="Select record set"
                              >
                            
                            <option
                                 value="all"
                                >
                              Show All 6
                            </option>
                            <option
                                 selected="selected"
                                 value="1"
                                >
                              1-5 of 6
                            </option>
                            <option
                                 value="6"
                                >
                              6-6 of 6
                            </option>
                          </select>
                          <script
                               type="text/javascript"
                              >
                            _setSelectIndexById("mainId-nb__xc_c",1)
                          </script>
                        </td>
                        <td
                            >
                          &#xa0;
                        </td>
                        <td
                             nowrap="nowrap"
                             valign="middle"
                            >
                          
                          <a
                               class="OraNavBarActiveLink"
                               onclick="_navSubmit('formId', 'goto', 'mainId',1,'6');return false"
                               href="uri-attr:#"
                              >
                            Next 1
                          </a>
                        </td>
                      </tr>
                    </table>
                  </div>
                </div>
              </div>
            </td>
          </tr>
        </table>
        <table
             border="1"
             cellpadding="2"
             cellspacing="0"
             class="af_table_content"
             summary=""
             width="100%"
            >
          
          <tr
              >
            
            <th
                 class="af_column_header-text"
                 scope="col"
                >
              StringHeader
            </th>
            <th
                 class="af_column_header-text OraTableBorder0001"
                 scope="col"
                >
              IntHeader
            </th>
          </tr>
          <tr
              >
            
            <td
                 class="af_column_cell-text OraTableBorder1111"
                >
              
              <input
                   class="af_inputText_content"
                   id="mainId:0:_idXXX"
                   name="mainId:0:_idXXX"
                   size="11"
                   title="testShort"
                   type="text"
                   value=""
                  >
                
              </input>
            </td>
            <td
                 class="af_column_cell-text OraTableBorder1111"
                >
              
              <input
                   class="af_inputText_content"
                   id="mainId:0:_idXXX"
                   name="mainId:0:_idXXX"
                   size="11"
                   type="text"
                  >
                
              </input>
            </td>
          </tr>
          <tr
              >
            
            <td
                 class="af_column_cell-text OraTableBorder1111"
                >
              
              <input
                   class="af_inputText_content"
                   id="mainId:1:_idXXX"
                   name="mainId:1:_idXXX"
                   size="11"
                   title="testShort"
                   type="text"
                   value=""
                  >
                
              </input>
            </td>
            <td
                 class="af_column_cell-text OraTableBorder1111"
                >
              
              <input
                   class="af_inputText_content"
                   id="mainId:1:_idXXX"
                   name="mainId:1:_idXXX"
                   size="11"
                   type="text"
                  >
                
              </input>
            </td>
          </tr>
          <tr
              >
            
            <td
                 class="af_column_cell-text OraTableBorder1111"
                >
              
              <input
                   class="af_inputText_content"
                   id="mainId:2:_idXXX"
                   name="mainId:2:_idXXX"
                   size="11"
                   title="testShort"
                   type="text"
                   value=""
                  >
                
              </input>
            </td>
            <td
                 class="af_column_cell-text OraTableBorder1111"
                >
              
              <input
                   class="af_inputText_content"
                   id="mainId:2:_idXXX"
                   name="mainId:2:_idXXX"
                   size="11"
                   type="text"
                  >
                
              </input>
            </td>
          </tr>
          <tr
              >
            
            <td
                 class="af_column_cell-text OraTableBorder1111"
                >
              
              <input
                   class="af_inputText_content"
                   id="mainId:3:_idXXX"
                   name="mainId:3:_idXXX"
                   size="11"
                   title="testShort"
                   type="text"
                   value=""
                  >
                
              </input>
            </td>
            <td
                 class="af_column_cell-text OraTableBorder1111"
                >
              
              <input
                   class="af_inputText_content"
                   id="mainId:3:_idXXX"
                   name="mainId:3:_idXXX"
                   size="11"
                   type="text"
                  >
                
              </input>
            </td>
          </tr>
          <tr
              >
            
            <td
                 class="af_column_cell-text OraTableBorder1111"
                >
              
              <input
                   class="af_inputText_content"
                   id="mainId:4:_idXXX"
                   name="mainId:4:_idXXX"
                   size="11"
                   title="testShort"
                   type="text"
                   value=""
                  >
                
              </input>
            </td>
            <td
                 class="af_column_cell-text OraTableBorder1111"
                >
              
              <input
                   class="af_inputText_content"
                   id="mainId:4:_idXXX"
                   name="mainId:4:_idXXX"
                   size="11"
                   type="text"
                  >
                
              </input>
            </td>
          </tr>
        </table>
        <script
             type="text/javascript"
            >
          _uixt_mainId=new CollectionComponent('formId','mainId');
        </script>
        <input
             name="mainId:rangeStart"
             type="hidden"
             value="0"
            >
          
        </input>
      </div>
</results>
