<results>
  <div
       id="mainId"
      >
    
    <div
        >
      
      <a
           class="OraLink"
           href="uri-attr:encoded-action-url:http://www.oracle.com"
          >
        http://www.oracle.com
      </a>
      <br
          >
        
      </br>
    </div>
    <br
        >
      
    </br>
    <div
        >
      
      <a
           class="OraLink"
           href="uri-attr:encoded-action-url:http://www.oracle.com"
          >
        http://www.oracle.com
      </a>
      <br
          >
        
      </br>
      <a
           class="OraLink"
           href="uri-attr:encoded-action-url:http://www.oracle.com"
          >
        http://www.oracle.com
      </a>
      <br
          >
        
      </br>
    </div>
    <br
        >
      
    </br>
    <a
         class="OraLink"
         href="uri-attr:encoded-action-url:http://www.oracle.com"
        >
      http://www.oracle.com
    </a>
    <br
        >
      
    </br>
    <a
         class="OraLink"
         href="uri-attr:encoded-action-url:http://www.oracle.com"
        >
      http://www.oracle.com
    </a>
    <br
        >
      
    </br>
    <a
         class="OraLink"
         href="uri-attr:encoded-action-url:http://www.oracle.com"
        >
      http://www.oracle.com
    </a>
    <br
        >
      
    </br>
    <div
        >
      
      <a
           class="OraLink"
           href="uri-attr:encoded-action-url:http://www.oracle.com"
          >
        http://www.oracle.com
      </a>
      <br
          >
        
      </br>
      <a
           class="OraLink"
           href="uri-attr:encoded-action-url:http://www.oracle.com"
          >
        http://www.oracle.com
      </a>
      <br
          >
        
      </br>
    </div>
    <br
        >
      
    </br>
    <a
         class="OraLink"
         href="uri-attr:encoded-action-url:http://www.oracle.com"
        >
      http://www.oracle.com
    </a>
    <br
        >
      
    </br>
  </div>
<!--AttributeTest[id,myFrameBorderId]-->

  <div
       id="myFrameBorderId"
      >
    
    <div
        >
      
      <a
           class="OraLink"
           href="uri-attr:encoded-action-url:http://www.oracle.com"
          >
        http://www.oracle.com
      </a>
      <br
          >
        
      </br>
    </div>
    <br
        >
      
    </br>
    <div
        >
      
      <a
           class="OraLink"
           href="uri-attr:encoded-action-url:http://www.oracle.com"
          >
        http://www.oracle.com
      </a>
      <br
          >
        
      </br>
      <a
           class="OraLink"
           href="uri-attr:encoded-action-url:http://www.oracle.com"
          >
        http://www.oracle.com
      </a>
      <br
          >
        
      </br>
    </div>
    <br
        >
      
    </br>
    <a
         class="OraLink"
         href="uri-attr:encoded-action-url:http://www.oracle.com"
        >
      http://www.oracle.com
    </a>
    <br
        >
      
    </br>
    <a
         class="OraLink"
         href="uri-attr:encoded-action-url:http://www.oracle.com"
        >
      http://www.oracle.com
    </a>
    <br
        >
      
    </br>
    <a
         class="OraLink"
         href="uri-attr:encoded-action-url:http://www.oracle.com"
        >
      http://www.oracle.com
    </a>
    <br
        >
      
    </br>
    <div
        >
      
      <a
           class="OraLink"
           href="uri-attr:encoded-action-url:http://www.oracle.com"
          >
        http://www.oracle.com
      </a>
      <br
          >
        
      </br>
      <a
           class="OraLink"
           href="uri-attr:encoded-action-url:http://www.oracle.com"
          >
        http://www.oracle.com
      </a>
      <br
          >
        
      </br>
    </div>
    <br
        >
      
    </br>
    <a
         class="OraLink"
         href="uri-attr:encoded-action-url:http://www.oracle.com"
        >
      http://www.oracle.com
    </a>
    <br
        >
      
    </br>
  </div>
<!--AttributeTest[inlineStyle,border:dashed]-->

  <div
       id="mainId"
       style="border:dashed"
      >
    
    <div
        >
      
      <a
           class="OraLink"
           href="uri-attr:encoded-action-url:http://www.oracle.com"
          >
        http://www.oracle.com
      </a>
      <br
          >
        
      </br>
    </div>
    <br
        >
      
    </br>
    <div
        >
      
      <a
           class="OraLink"
           href="uri-attr:encoded-action-url:http://www.oracle.com"
          >
        http://www.oracle.com
      </a>
      <br
          >
        
      </br>
      <a
           class="OraLink"
           href="uri-attr:encoded-action-url:http://www.oracle.com"
          >
        http://www.oracle.com
      </a>
      <br
          >
        
      </br>
    </div>
    <br
        >
      
    </br>
    <a
         class="OraLink"
         href="uri-attr:encoded-action-url:http://www.oracle.com"
        >
      http://www.oracle.com
    </a>
    <br
        >
      
    </br>
    <a
         class="OraLink"
         href="uri-attr:encoded-action-url:http://www.oracle.com"
        >
      http://www.oracle.com
    </a>
    <br
        >
      
    </br>
    <a
         class="OraLink"
         href="uri-attr:encoded-action-url:http://www.oracle.com"
        >
      http://www.oracle.com
    </a>
    <br
        >
      
    </br>
    <div
        >
      
      <a
           class="OraLink"
           href="uri-attr:encoded-action-url:http://www.oracle.com"
          >
        http://www.oracle.com
      </a>
      <br
          >
        
      </br>
      <a
           class="OraLink"
           href="uri-attr:encoded-action-url:http://www.oracle.com"
          >
        http://www.oracle.com
      </a>
      <br
          >
        
      </br>
    </div>
    <br
        >
      
    </br>
    <a
         class="OraLink"
         href="uri-attr:encoded-action-url:http://www.oracle.com"
        >
      http://www.oracle.com
    </a>
    <br
        >
      
    </br>
  </div>
<!--AttributeTest[shortDesc,myShortDesc]-->

  <div
       id="mainId"
       title="myShortDesc"
      >
    
    <div
        >
      
      <a
           class="OraLink"
           href="uri-attr:encoded-action-url:http://www.oracle.com"
          >
        http://www.oracle.com
      </a>
      <br
          >
        
      </br>
    </div>
    <br
        >
      
    </br>
    <div
        >
      
      <a
           class="OraLink"
           href="uri-attr:encoded-action-url:http://www.oracle.com"
          >
        http://www.oracle.com
      </a>
      <br
          >
        
      </br>
      <a
           class="OraLink"
           href="uri-attr:encoded-action-url:http://www.oracle.com"
          >
        http://www.oracle.com
      </a>
      <br
          >
        
      </br>
    </div>
    <br
        >
      
    </br>
    <a
         class="OraLink"
         href="uri-attr:encoded-action-url:http://www.oracle.com"
        >
      http://www.oracle.com
    </a>
    <br
        >
      
    </br>
    <a
         class="OraLink"
         href="uri-attr:encoded-action-url:http://www.oracle.com"
        >
      http://www.oracle.com
    </a>
    <br
        >
      
    </br>
    <a
         class="OraLink"
         href="uri-attr:encoded-action-url:http://www.oracle.com"
        >
      http://www.oracle.com
    </a>
    <br
        >
      
    </br>
    <div
        >
      
      <a
           class="OraLink"
           href="uri-attr:encoded-action-url:http://www.oracle.com"
          >
        http://www.oracle.com
      </a>
      <br
          >
        
      </br>
      <a
           class="OraLink"
           href="uri-attr:encoded-action-url:http://www.oracle.com"
          >
        http://www.oracle.com
      </a>
      <br
          >
        
      </br>
    </div>
    <br
        >
      
    </br>
    <a
         class="OraLink"
         href="uri-attr:encoded-action-url:http://www.oracle.com"
        >
      http://www.oracle.com
    </a>
    <br
        >
      
    </br>
  </div>
<!--AttributeTest[styleClass,myStyle]-->

  <div
       class="myStyle"
       id="mainId"
      >
    
    <div
        >
      
      <a
           class="OraLink"
           href="uri-attr:encoded-action-url:http://www.oracle.com"
          >
        http://www.oracle.com
      </a>
      <br
          >
        
      </br>
    </div>
    <br
        >
      
    </br>
    <div
        >
      
      <a
           class="OraLink"
           href="uri-attr:encoded-action-url:http://www.oracle.com"
          >
        http://www.oracle.com
      </a>
      <br
          >
        
      </br>
      <a
           class="OraLink"
           href="uri-attr:encoded-action-url:http://www.oracle.com"
          >
        http://www.oracle.com
      </a>
      <br
          >
        
      </br>
    </div>
    <br
        >
      
    </br>
    <a
         class="OraLink"
         href="uri-attr:encoded-action-url:http://www.oracle.com"
        >
      http://www.oracle.com
    </a>
    <br
        >
      
    </br>
    <a
         class="OraLink"
         href="uri-attr:encoded-action-url:http://www.oracle.com"
        >
      http://www.oracle.com
    </a>
    <br
        >
      
    </br>
    <a
         class="OraLink"
         href="uri-attr:encoded-action-url:http://www.oracle.com"
        >
      http://www.oracle.com
    </a>
    <br
        >
      
    </br>
    <div
        >
      
      <a
           class="OraLink"
           href="uri-attr:encoded-action-url:http://www.oracle.com"
          >
        http://www.oracle.com
      </a>
      <br
          >
        
      </br>
      <a
           class="OraLink"
           href="uri-attr:encoded-action-url:http://www.oracle.com"
          >
        http://www.oracle.com
      </a>
      <br
          >
        
      </br>
    </div>
    <br
        >
      
    </br>
    <a
         class="OraLink"
         href="uri-attr:encoded-action-url:http://www.oracle.com"
        >
      http://www.oracle.com
    </a>
    <br
        >
      
    </br>
  </div>
<!--AttributeTest[frameSpacing,2]-->

  <div
       id="mainId"
      >
    
    <div
        >
      
      <a
           class="OraLink"
           href="uri-attr:encoded-action-url:http://www.oracle.com"
          >
        http://www.oracle.com
      </a>
      <br
          >
        
      </br>
    </div>
    <br
        >
      
    </br>
    <div
        >
      
      <a
           class="OraLink"
           href="uri-attr:encoded-action-url:http://www.oracle.com"
          >
        http://www.oracle.com
      </a>
      <br
          >
        
      </br>
      <a
           class="OraLink"
           href="uri-attr:encoded-action-url:http://www.oracle.com"
          >
        http://www.oracle.com
      </a>
      <br
          >
        
      </br>
    </div>
    <br
        >
      
    </br>
    <a
         class="OraLink"
         href="uri-attr:encoded-action-url:http://www.oracle.com"
        >
      http://www.oracle.com
    </a>
    <br
        >
      
    </br>
    <a
         class="OraLink"
         href="uri-attr:encoded-action-url:http://www.oracle.com"
        >
      http://www.oracle.com
    </a>
    <br
        >
      
    </br>
    <a
         class="OraLink"
         href="uri-attr:encoded-action-url:http://www.oracle.com"
        >
      http://www.oracle.com
    </a>
    <br
        >
      
    </br>
    <div
        >
      
      <a
           class="OraLink"
           href="uri-attr:encoded-action-url:http://www.oracle.com"
          >
        http://www.oracle.com
      </a>
      <br
          >
        
      </br>
      <a
           class="OraLink"
           href="uri-attr:encoded-action-url:http://www.oracle.com"
          >
        http://www.oracle.com
      </a>
      <br
          >
        
      </br>
    </div>
    <br
        >
      
    </br>
    <a
         class="OraLink"
         href="uri-attr:encoded-action-url:http://www.oracle.com"
        >
      http://www.oracle.com
    </a>
    <br
        >
      
    </br>
  </div>
<!--AttributeTest[borderWidth,3]-->

  <div
       id="mainId"
      >
    
    <div
        >
      
      <a
           class="OraLink"
           href="uri-attr:encoded-action-url:http://www.oracle.com"
          >
        http://www.oracle.com
      </a>
      <br
          >
        
      </br>
    </div>
    <br
        >
      
    </br>
    <div
        >
      
      <a
           class="OraLink"
           href="uri-attr:encoded-action-url:http://www.oracle.com"
          >
        http://www.oracle.com
      </a>
      <br
          >
        
      </br>
      <a
           class="OraLink"
           href="uri-attr:encoded-action-url:http://www.oracle.com"
          >
        http://www.oracle.com
      </a>
      <br
          >
        
      </br>
    </div>
    <br
        >
      
    </br>
    <a
         class="OraLink"
         href="uri-attr:encoded-action-url:http://www.oracle.com"
        >
      http://www.oracle.com
    </a>
    <br
        >
      
    </br>
    <a
         class="OraLink"
         href="uri-attr:encoded-action-url:http://www.oracle.com"
        >
      http://www.oracle.com
    </a>
    <br
        >
      
    </br>
    <a
         class="OraLink"
         href="uri-attr:encoded-action-url:http://www.oracle.com"
        >
      http://www.oracle.com
    </a>
    <br
        >
      
    </br>
    <div
        >
      
      <a
           class="OraLink"
           href="uri-attr:encoded-action-url:http://www.oracle.com"
          >
        http://www.oracle.com
      </a>
      <br
          >
        
      </br>
      <a
           class="OraLink"
           href="uri-attr:encoded-action-url:http://www.oracle.com"
          >
        http://www.oracle.com
      </a>
      <br
          >
        
      </br>
    </div>
    <br
        >
      
    </br>
    <a
         class="OraLink"
         href="uri-attr:encoded-action-url:http://www.oracle.com"
        >
      http://www.oracle.com
    </a>
    <br
        >
      
    </br>
  </div>
<!--AttributeTest[frameBorderWidth,4]-->

  <div
       id="mainId"
      >
    
    <div
        >
      
      <a
           class="OraLink"
           href="uri-attr:encoded-action-url:http://www.oracle.com"
          >
        http://www.oracle.com
      </a>
      <br
          >
        
      </br>
    </div>
    <br
        >
      
    </br>
    <div
        >
      
      <a
           class="OraLink"
           href="uri-attr:encoded-action-url:http://www.oracle.com"
          >
        http://www.oracle.com
      </a>
      <br
          >
        
      </br>
      <a
           class="OraLink"
           href="uri-attr:encoded-action-url:http://www.oracle.com"
          >
        http://www.oracle.com
      </a>
      <br
          >
        
      </br>
    </div>
    <br
        >
      
    </br>
    <a
         class="OraLink"
         href="uri-attr:encoded-action-url:http://www.oracle.com"
        >
      http://www.oracle.com
    </a>
    <br
        >
      
    </br>
    <a
         class="OraLink"
         href="uri-attr:encoded-action-url:http://www.oracle.com"
        >
      http://www.oracle.com
    </a>
    <br
        >
      
    </br>
    <a
         class="OraLink"
         href="uri-attr:encoded-action-url:http://www.oracle.com"
        >
      http://www.oracle.com
    </a>
    <br
        >
      
    </br>
    <div
        >
      
      <a
           class="OraLink"
           href="uri-attr:encoded-action-url:http://www.oracle.com"
          >
        http://www.oracle.com
      </a>
      <br
          >
        
      </br>
      <a
           class="OraLink"
           href="uri-attr:encoded-action-url:http://www.oracle.com"
          >
        http://www.oracle.com
      </a>
      <br
          >
        
      </br>
    </div>
    <br
        >
      
    </br>
    <a
         class="OraLink"
         href="uri-attr:encoded-action-url:http://www.oracle.com"
        >
      http://www.oracle.com
    </a>
    <br
        >
      
    </br>
  </div>
<!--AttributeTest[onload,null]-->

  <div
       id="mainId"
      >
    
    <div
        >
      
      <a
           class="OraLink"
           href="uri-attr:encoded-action-url:http://www.oracle.com"
          >
        http://www.oracle.com
      </a>
      <br
          >
        
      </br>
    </div>
    <br
        >
      
    </br>
    <div
        >
      
      <a
           class="OraLink"
           href="uri-attr:encoded-action-url:http://www.oracle.com"
          >
        http://www.oracle.com
      </a>
      <br
          >
        
      </br>
      <a
           class="OraLink"
           href="uri-attr:encoded-action-url:http://www.oracle.com"
          >
        http://www.oracle.com
      </a>
      <br
          >
        
      </br>
    </div>
    <br
        >
      
    </br>
    <a
         class="OraLink"
         href="uri-attr:encoded-action-url:http://www.oracle.com"
        >
      http://www.oracle.com
    </a>
    <br
        >
      
    </br>
    <a
         class="OraLink"
         href="uri-attr:encoded-action-url:http://www.oracle.com"
        >
      http://www.oracle.com
    </a>
    <br
        >
      
    </br>
    <a
         class="OraLink"
         href="uri-attr:encoded-action-url:http://www.oracle.com"
        >
      http://www.oracle.com
    </a>
    <br
        >
      
    </br>
    <div
        >
      
      <a
           class="OraLink"
           href="uri-attr:encoded-action-url:http://www.oracle.com"
          >
        http://www.oracle.com
      </a>
      <br
          >
        
      </br>
      <a
           class="OraLink"
           href="uri-attr:encoded-action-url:http://www.oracle.com"
          >
        http://www.oracle.com
      </a>
      <br
          >
        
      </br>
    </div>
    <br
        >
      
    </br>
    <a
         class="OraLink"
         href="uri-attr:encoded-action-url:http://www.oracle.com"
        >
      http://www.oracle.com
    </a>
    <br
        >
      
    </br>
  </div>
<!--AttributeTest[onunload,null]-->

  <div
       id="mainId"
      >
    
    <div
        >
      
      <a
           class="OraLink"
           href="uri-attr:encoded-action-url:http://www.oracle.com"
          >
        http://www.oracle.com
      </a>
      <br
          >
        
      </br>
    </div>
    <br
        >
      
    </br>
    <div
        >
      
      <a
           class="OraLink"
           href="uri-attr:encoded-action-url:http://www.oracle.com"
          >
        http://www.oracle.com
      </a>
      <br
          >
        
      </br>
      <a
           class="OraLink"
           href="uri-attr:encoded-action-url:http://www.oracle.com"
          >
        http://www.oracle.com
      </a>
      <br
          >
        
      </br>
    </div>
    <br
        >
      
    </br>
    <a
         class="OraLink"
         href="uri-attr:encoded-action-url:http://www.oracle.com"
        >
      http://www.oracle.com
    </a>
    <br
        >
      
    </br>
    <a
         class="OraLink"
         href="uri-attr:encoded-action-url:http://www.oracle.com"
        >
      http://www.oracle.com
    </a>
    <br
        >
      
    </br>
    <a
         class="OraLink"
         href="uri-attr:encoded-action-url:http://www.oracle.com"
        >
      http://www.oracle.com
    </a>
    <br
        >
      
    </br>
    <div
        >
      
      <a
           class="OraLink"
           href="uri-attr:encoded-action-url:http://www.oracle.com"
          >
        http://www.oracle.com
      </a>
      <br
          >
        
      </br>
      <a
           class="OraLink"
           href="uri-attr:encoded-action-url:http://www.oracle.com"
          >
        http://www.oracle.com
      </a>
      <br
          >
        
      </br>
    </div>
    <br
        >
      
    </br>
    <a
         class="OraLink"
         href="uri-attr:encoded-action-url:http://www.oracle.com"
        >
      http://www.oracle.com
    </a>
    <br
        >
      
    </br>
  </div>
</results>
