<results>
      <button
           class="af_goButton"
           onclick="document.location='encoded-action-url:http://www.oracle.com'"
           type="button"
           id="uri-attr:mainId"
           name="uri-attr:mainId"
          >
        ButtonText
      </button>
<!--AttributeTest[accessKey,u]-->

      <button
           class="af_goButton"
           onclick="document.location='encoded-action-url:http://www.oracle.com'"
           type="button"
           id="uri-attr:mainId"
           name="uri-attr:mainId"
          >
        ButtonText
      </button>
<!--AttributeTest[disabled,false]-->

      <button
           class="af_goButton"
           onclick="document.location='encoded-action-url:http://www.oracle.com'"
           type="button"
           id="uri-attr:mainId"
           name="uri-attr:mainId"
          >
        ButtonText
      </button>
<!--AttributeTest[disabled,true]-->

      <button
           class="af_goButton p_AFDisabled"
           disabled="disabled"
           type="button"
           id="uri-attr:mainId"
           name="uri-attr:mainId"
          >
        ButtonText
      </button>
<!--AttributeTest[targetFrame,mytarget]-->

      <button
           class="af_goButton"
           onclick="top[mytarget].location='encoded-action-url:http://www.oracle.com'"
           type="button"
           id="uri-attr:mainId"
           name="uri-attr:mainId"
          >
        ButtonText
      </button>
<!--AttributeTest[id,myid]-->

      <button
           class="af_goButton"
           onclick="document.location='encoded-action-url:http://www.oracle.com'"
           type="button"
           id="uri-attr:myid"
           name="uri-attr:myid"
          >
        ButtonText
      </button>
<!--AttributeTest[shortDesc,my button]-->

      <button
           class="af_goButton"
           onclick="document.location='encoded-action-url:http://www.oracle.com'"
           title="my button"
           type="button"
           id="uri-attr:mainId"
           name="uri-attr:mainId"
          >
        ButtonText
      </button>
<!--AttributeTest[styleClass,mystyle]-->

      <button
           class="mystyle af_goButton"
           onclick="document.location='encoded-action-url:http://www.oracle.com'"
           type="button"
           id="uri-attr:mainId"
           name="uri-attr:mainId"
          >
        ButtonText
      </button>
<!--AttributeTest[icon,/foo.gif]-->

      <button
           class="af_goButton"
           onclick="document.location='encoded-action-url:http://www.oracle.com'"
           type="button"
           id="uri-attr:mainId"
           name="uri-attr:mainId"
          >
        ButtonText
        <img
             src="uri-attr:encoded-resource-url:/test-context-path/foo.gif"
            >
          
        </img>
      </button>
<!--AttributeTest[onblur,null]-->

      <button
           class="af_goButton"
           onblur="test-onblur"
           onclick="document.location='encoded-action-url:http://www.oracle.com'"
           type="button"
           id="uri-attr:mainId"
           name="uri-attr:mainId"
          >
        ButtonText
      </button>
<!--AttributeTest[onclick,null]-->

      <button
           class="af_goButton"
           onclick="return _chain('test-onclick','document.location=\'encoded-action-url:http://www.oracle.com\'',this,event,true)"
           type="button"
           id="uri-attr:mainId"
           name="uri-attr:mainId"
          >
        ButtonText
      </button>
<!--AttributeTest[ondblclick,null]-->

      <button
           class="af_goButton"
           onclick="document.location='encoded-action-url:http://www.oracle.com'"
           ondblclick="test-ondblclick"
           type="button"
           id="uri-attr:mainId"
           name="uri-attr:mainId"
          >
        ButtonText
      </button>
<!--AttributeTest[onfocus,null]-->

      <button
           class="af_goButton"
           onclick="document.location='encoded-action-url:http://www.oracle.com'"
           onfocus="test-onfocus"
           type="button"
           id="uri-attr:mainId"
           name="uri-attr:mainId"
          >
        ButtonText
      </button>
<!--AttributeTest[onkeydown,null]-->

      <button
           class="af_goButton"
           onclick="document.location='encoded-action-url:http://www.oracle.com'"
           onkeydown="test-onkeydown"
           type="button"
           id="uri-attr:mainId"
           name="uri-attr:mainId"
          >
        ButtonText
      </button>
<!--AttributeTest[onkeypress,null]-->

      <button
           class="af_goButton"
           onclick="document.location='encoded-action-url:http://www.oracle.com'"
           onkeypress="test-onkeypress"
           type="button"
           id="uri-attr:mainId"
           name="uri-attr:mainId"
          >
        ButtonText
      </button>
<!--AttributeTest[onkeyup,null]-->

      <button
           class="af_goButton"
           onclick="document.location='encoded-action-url:http://www.oracle.com'"
           onkeyup="test-onkeyup"
           type="button"
           id="uri-attr:mainId"
           name="uri-attr:mainId"
          >
        ButtonText
      </button>
<!--AttributeTest[onmousedown,null]-->

      <button
           class="af_goButton"
           onclick="document.location='encoded-action-url:http://www.oracle.com'"
           onmousedown="test-onmousedown"
           type="button"
           id="uri-attr:mainId"
           name="uri-attr:mainId"
          >
        ButtonText
      </button>
<!--AttributeTest[onmousemove,null]-->

      <button
           class="af_goButton"
           onclick="document.location='encoded-action-url:http://www.oracle.com'"
           onmousemove="test-onmousemove"
           type="button"
           id="uri-attr:mainId"
           name="uri-attr:mainId"
          >
        ButtonText
      </button>
<!--AttributeTest[onmouseout,null]-->

      <button
           class="af_goButton"
           onclick="document.location='encoded-action-url:http://www.oracle.com'"
           onmouseout="test-onmouseout"
           type="button"
           id="uri-attr:mainId"
           name="uri-attr:mainId"
          >
        ButtonText
      </button>
<!--AttributeTest[onmouseover,null]-->

      <button
           class="af_goButton"
           onclick="document.location='encoded-action-url:http://www.oracle.com'"
           onmouseover="test-onmouseover"
           type="button"
           id="uri-attr:mainId"
           name="uri-attr:mainId"
          >
        ButtonText
      </button>
<!--AttributeTest[onmouseup,null]-->

      <button
           class="af_goButton"
           onclick="document.location='encoded-action-url:http://www.oracle.com'"
           onmouseup="test-onmouseup"
           type="button"
           id="uri-attr:mainId"
           name="uri-attr:mainId"
          >
        ButtonText
      </button>
</results>
