<results>
      <span
           class="af_inputColor"
          >
        
        <input
             class="af_inputColor_content"
             id="mainId"
             name="mainId"
             onblur="_fixCFF(this);"
             size="11"
             type="text"
            >
          
        </input>
      </span>
<!--AttributeTest[chooseId,null]-->

      <span
           class="af_inputColor"
          >
        
        <input
             class="af_inputColor_content"
             id="mainId"
             name="mainId"
             onblur="_fixCFF(this);"
             size="11"
             type="text"
            >
          
        </input>
      </span>
<!--AttributeTest[compact,false]-->

      <span
           class="af_inputColor"
          >
        
        <input
             class="af_inputColor_content"
             id="mainId"
             name="mainId"
             onblur="_fixCFF(this);"
             size="11"
             type="text"
            >
          
        </input>
      </span>
<!--AttributeTest[compact,true]-->

      <span
           class="af_inputColor"
          >
        
        <input
             class="af_inputColor_content"
             id="mainId"
             name="mainId"
             onblur="_fixCFF(this);"
             size="11"
             type="text"
            >
          
        </input>
      </span>
<!--AttributeTest[disabled,false]-->

      <span
           class="af_inputColor"
          >
        
        <input
             class="af_inputColor_content"
             id="mainId"
             name="mainId"
             onblur="_fixCFF(this);"
             size="11"
             type="text"
            >
          
        </input>
      </span>
<!--AttributeTest[disabled,true]-->

      <span
           class="af_inputColor p_AFDisabled"
          >
        
        <input
             class="af_inputColor_content"
             disabled="disabled"
             id="mainId"
             name="mainId"
             onblur="_fixCFF(this);"
             size="11"
             type="text"
            >
          
        </input>
      </span>
<!--AttributeTest[label,null]-->

      <span
           class="af_inputColor"
          >
        
        <input
             class="af_inputColor_content"
             id="mainId"
             name="mainId"
             onblur="_fixCFF(this);"
             size="11"
             type="text"
            >
          
        </input>
      </span>
<!--AttributeTest[readOnly,false]-->

      <span
           class="af_inputColor"
          >
        
        <input
             class="af_inputColor_content"
             id="mainId"
             name="mainId"
             onblur="_fixCFF(this);"
             size="11"
             type="text"
            >
          
        </input>
      </span>
<!--AttributeTest[readOnly,true]-->

      <span
           class="af_inputColor p_AFReadOnly"
          >
        
        <div
             class="af_inputColor_content"
             id="mainId"
            >
          
        </div>
      </span>
<!--AttributeTest[id,null]-->

      <span
           class="af_inputColor"
          >
        
        <input
             class="af_inputColor_content"
             id="test-id"
             name="test-id"
             onblur="_fixCFF(this);"
             size="11"
             type="text"
            >
          
        </input>
      </span>
<!--AttributeTest[inlineStyle,background-color:red]-->

      <span
           class="af_inputColor"
           style="background-color:red"
          >
        
        <input
             class="af_inputColor_content"
             id="mainId"
             name="mainId"
             onblur="_fixCFF(this);"
             size="11"
             type="text"
            >
          
        </input>
      </span>
<!--AttributeTest[shortDesc,null]-->

      <span
           class="af_inputColor"
          >
        
        <input
             class="af_inputColor_content"
             id="mainId"
             name="mainId"
             onblur="_fixCFF(this);"
             size="11"
             title="test-shortDesc"
             type="text"
            >
          
        </input>
      </span>
<!--AttributeTest[onblur,null]-->

      <span
           class="af_inputColor"
          >
        
        <input
             class="af_inputColor_content"
             id="mainId"
             name="mainId"
             onblur="return _chain('_fixCFF(this);','test-onblur',this,null)"
             size="11"
             type="text"
            >
          
        </input>
      </span>
<!--AttributeTest[ondblclick,null]-->

      <span
           class="af_inputColor"
          >
        
        <input
             class="af_inputColor_content"
             id="mainId"
             name="mainId"
             onblur="_fixCFF(this);"
             ondblclick="test-ondblclick"
             size="11"
             type="text"
            >
          
        </input>
      </span>
<!--AttributeTest[onkeydown,null]-->

      <span
           class="af_inputColor"
          >
        
        <input
             class="af_inputColor_content"
             id="mainId"
             name="mainId"
             onblur="_fixCFF(this);"
             onkeydown="test-onkeydown"
             size="11"
             type="text"
            >
          
        </input>
      </span>
<!--AttributeTest[onkeypress,null]-->

      <span
           class="af_inputColor"
          >
        
        <input
             class="af_inputColor_content"
             id="mainId"
             name="mainId"
             onblur="_fixCFF(this);"
             onkeypress="test-onkeypress"
             size="11"
             type="text"
            >
          
        </input>
      </span>
<!--AttributeTest[onmousedown,null]-->

      <span
           class="af_inputColor"
          >
        
        <input
             class="af_inputColor_content"
             id="mainId"
             name="mainId"
             onblur="_fixCFF(this);"
             onmousedown="test-onmousedown"
             size="11"
             type="text"
            >
          
        </input>
      </span>
<!--AttributeTest[onmousemove,null]-->

      <span
           class="af_inputColor"
          >
        
        <input
             class="af_inputColor_content"
             id="mainId"
             name="mainId"
             onblur="_fixCFF(this);"
             onmousemove="test-onmousemove"
             size="11"
             type="text"
            >
          
        </input>
      </span>
<!--AttributeTest[onmouseout,null]-->

      <span
           class="af_inputColor"
          >
        
        <input
             class="af_inputColor_content"
             id="mainId"
             name="mainId"
             onblur="_fixCFF(this);"
             onmouseout="test-onmouseout"
             size="11"
             type="text"
            >
          
        </input>
      </span>
<!--AttributeTest[onmouseover,null]-->

      <span
           class="af_inputColor"
          >
        
        <input
             class="af_inputColor_content"
             id="mainId"
             name="mainId"
             onblur="_fixCFF(this);"
             onmouseover="test-onmouseover"
             size="11"
             type="text"
            >
          
        </input>
      </span>
<!--AttributeTest[onmouseup,null]-->

      <span
           class="af_inputColor"
          >
        
        <input
             class="af_inputColor_content"
             id="mainId"
             name="mainId"
             onblur="_fixCFF(this);"
             onmouseup="test-onmouseup"
             size="11"
             type="text"
            >
          
        </input>
      </span>
</results>
