<results>
      <object
           classid="clsid:22D6F312-B0F6-11D0-94AB-0080C74C7E95"
           codebase="http://activex.microsoft.com/activex/controls/mplayer/en/nsmp2inf.cab#Version=6,0,02,902"
           id="mainId"
           type="application/x-oleobject"
          >
        
        <param
             name="filename"
             value="uri-attr:encoded-resource-url:/test-context-path/components/images/seattle.wmv"
            >
          
        </param>
        <param
             name="autostart"
             value="0"
            >
          
        </param>
        <a
             type="application/x-oleobject"
             href="uri-attr:encoded-action-url:/test-context-path/components/images/seattle.wmv"
            >
          
        </a>
      </object>
<!--AttributeTest[autostart,false]-->

      <object
           classid="clsid:22D6F312-B0F6-11D0-94AB-0080C74C7E95"
           codebase="http://activex.microsoft.com/activex/controls/mplayer/en/nsmp2inf.cab#Version=6,0,02,902"
           id="mainId"
           type="application/x-oleobject"
          >
        
        <param
             name="filename"
             value="uri-attr:encoded-resource-url:/test-context-path/components/images/seattle.wmv"
            >
          
        </param>
        <param
             name="autostart"
             value="0"
            >
          
        </param>
        <a
             type="application/x-oleobject"
             href="uri-attr:encoded-action-url:/test-context-path/components/images/seattle.wmv"
            >
          
        </a>
      </object>
<!--AttributeTest[autostart,true]-->

      <object
           classid="clsid:22D6F312-B0F6-11D0-94AB-0080C74C7E95"
           codebase="http://activex.microsoft.com/activex/controls/mplayer/en/nsmp2inf.cab#Version=6,0,02,902"
           id="mainId"
           type="application/x-oleobject"
          >
        
        <param
             name="filename"
             value="uri-attr:encoded-resource-url:/test-context-path/components/images/seattle.wmv"
            >
          
        </param>
        <a
             type="application/x-oleobject"
             href="uri-attr:encoded-action-url:/test-context-path/components/images/seattle.wmv"
            >
          
        </a>
      </object>
<!--AttributeTest[contentType,null]-->

      <a
           id="mainId"
           type="test-contentType"
           href="uri-attr:encoded-action-url:/test-context-path/components/images/seattle.wmv"
          >
        
      </a>
<!--AttributeTest[controls,none]-->

      <object
           classid="clsid:22D6F312-B0F6-11D0-94AB-0080C74C7E95"
           codebase="http://activex.microsoft.com/activex/controls/mplayer/en/nsmp2inf.cab#Version=6,0,02,902"
           id="mainId"
           type="application/x-oleobject"
          >
        
        <param
             name="filename"
             value="uri-attr:encoded-resource-url:/test-context-path/components/images/seattle.wmv"
            >
          
        </param>
        <param
             name="autostart"
             value="0"
            >
          
        </param>
        <param
             name="showcontrols"
             value="false"
            >
          
        </param>
        <a
             type="application/x-oleobject"
             href="uri-attr:encoded-action-url:/test-context-path/components/images/seattle.wmv"
            >
          
        </a>
      </object>
<!--AttributeTest[controls,noneVisible]-->

      <object
           classid="clsid:22D6F312-B0F6-11D0-94AB-0080C74C7E95"
           codebase="http://activex.microsoft.com/activex/controls/mplayer/en/nsmp2inf.cab#Version=6,0,02,902"
           id="mainId"
           type="application/x-oleobject"
          >
        
        <param
             name="filename"
             value="uri-attr:encoded-resource-url:/test-context-path/components/images/seattle.wmv"
            >
          
        </param>
        <param
             name="autostart"
             value="0"
            >
          
        </param>
        <param
             name="showcontrols"
             value="false"
            >
          
        </param>
        <a
             type="application/x-oleobject"
             href="uri-attr:encoded-action-url:/test-context-path/components/images/seattle.wmv"
            >
          
        </a>
      </object>
<!--AttributeTest[controls,minimal]-->

      <object
           classid="clsid:22D6F312-B0F6-11D0-94AB-0080C74C7E95"
           codebase="http://activex.microsoft.com/activex/controls/mplayer/en/nsmp2inf.cab#Version=6,0,02,902"
           height="171"
           id="mainId"
           type="application/x-oleobject"
           width="200"
          >
        
        <param
             name="filename"
             value="uri-attr:encoded-resource-url:/test-context-path/components/images/seattle.wmv"
            >
          
        </param>
        <param
             name="autostart"
             value="0"
            >
          
        </param>
        <param
             name="showcontrols"
             value="true"
            >
          
        </param>
        <param
             name="showaudiocontrols"
             value="false"
            >
          
        </param>
        <param
             name="showpositioncontrols"
             value="false"
            >
          
        </param>
        <param
             name="showtracker"
             value="false"
            >
          
        </param>
        <a
             type="application/x-oleobject"
             href="uri-attr:encoded-action-url:/test-context-path/components/images/seattle.wmv"
            >
          
        </a>
      </object>
<!--AttributeTest[controls,typical]-->

      <object
           classid="clsid:22D6F312-B0F6-11D0-94AB-0080C74C7E95"
           codebase="http://activex.microsoft.com/activex/controls/mplayer/en/nsmp2inf.cab#Version=6,0,02,902"
           id="mainId"
           type="application/x-oleobject"
          >
        
        <param
             name="filename"
             value="uri-attr:encoded-resource-url:/test-context-path/components/images/seattle.wmv"
            >
          
        </param>
        <param
             name="autostart"
             value="0"
            >
          
        </param>
        <a
             type="application/x-oleobject"
             href="uri-attr:encoded-action-url:/test-context-path/components/images/seattle.wmv"
            >
          
        </a>
      </object>
<!--AttributeTest[controls,all]-->

      <object
           classid="clsid:22D6F312-B0F6-11D0-94AB-0080C74C7E95"
           codebase="http://activex.microsoft.com/activex/controls/mplayer/en/nsmp2inf.cab#Version=6,0,02,902"
           id="mainId"
           type="application/x-oleobject"
          >
        
        <param
             name="filename"
             value="uri-attr:encoded-resource-url:/test-context-path/components/images/seattle.wmv"
            >
          
        </param>
        <param
             name="autostart"
             value="0"
            >
          
        </param>
        <param
             name="showdisplay"
             value="true"
            >
          
        </param>
        <param
             name="showgotobar"
             value="true"
            >
          
        </param>
        <param
             name="showstatusbar"
             value="true"
            >
          
        </param>
        <a
             type="application/x-oleobject"
             href="uri-attr:encoded-action-url:/test-context-path/components/images/seattle.wmv"
            >
          
        </a>
      </object>
<!--AttributeTest[innerWidth,160,AttributeTest[width,190]]-->

      <object
           classid="clsid:22D6F312-B0F6-11D0-94AB-0080C74C7E95"
           codebase="http://activex.microsoft.com/activex/controls/mplayer/en/nsmp2inf.cab#Version=6,0,02,902"
           id="mainId"
           type="application/x-oleobject"
           width="190"
          >
        
        <param
             name="filename"
             value="uri-attr:encoded-resource-url:/test-context-path/components/images/seattle.wmv"
            >
          
        </param>
        <param
             name="autostart"
             value="0"
            >
          
        </param>
        <a
             type="application/x-oleobject"
             href="uri-attr:encoded-action-url:/test-context-path/components/images/seattle.wmv"
            >
          
        </a>
      </object>
<!--AttributeTest[innerHeight,112,AttributeTest[height,130]]-->

      <object
           classid="clsid:22D6F312-B0F6-11D0-94AB-0080C74C7E95"
           codebase="http://activex.microsoft.com/activex/controls/mplayer/en/nsmp2inf.cab#Version=6,0,02,902"
           height="130"
           id="mainId"
           type="application/x-oleobject"
          >
        
        <param
             name="filename"
             value="uri-attr:encoded-resource-url:/test-context-path/components/images/seattle.wmv"
            >
          
        </param>
        <param
             name="autostart"
             value="0"
            >
          
        </param>
        <a
             type="application/x-oleobject"
             href="uri-attr:encoded-action-url:/test-context-path/components/images/seattle.wmv"
            >
          
        </a>
      </object>
<!--AttributeTest[width,160]-->

      <object
           classid="clsid:22D6F312-B0F6-11D0-94AB-0080C74C7E95"
           codebase="http://activex.microsoft.com/activex/controls/mplayer/en/nsmp2inf.cab#Version=6,0,02,902"
           id="mainId"
           type="application/x-oleobject"
           width="160"
          >
        
        <param
             name="filename"
             value="uri-attr:encoded-resource-url:/test-context-path/components/images/seattle.wmv"
            >
          
        </param>
        <param
             name="autostart"
             value="0"
            >
          
        </param>
        <a
             type="application/x-oleobject"
             href="uri-attr:encoded-action-url:/test-context-path/components/images/seattle.wmv"
            >
          
        </a>
      </object>
<!--AttributeTest[height,112]-->

      <object
           classid="clsid:22D6F312-B0F6-11D0-94AB-0080C74C7E95"
           codebase="http://activex.microsoft.com/activex/controls/mplayer/en/nsmp2inf.cab#Version=6,0,02,902"
           height="112"
           id="mainId"
           type="application/x-oleobject"
          >
        
        <param
             name="filename"
             value="uri-attr:encoded-resource-url:/test-context-path/components/images/seattle.wmv"
            >
          
        </param>
        <param
             name="autostart"
             value="0"
            >
          
        </param>
        <a
             type="application/x-oleobject"
             href="uri-attr:encoded-action-url:/test-context-path/components/images/seattle.wmv"
            >
          
        </a>
      </object>
<!--AttributeTest[player,real]-->

      <object
           classid="clsid:CFCDAA03-8BE4-11cf-B84B-0020AFBBCCFA"
           codebase="http://www.real.com/player/"
           height="150"
           id="mainId"
           width="220"
          >
        
        <param
             name="src"
             value="uri-attr:encoded-resource-url:/test-context-path/components/images/seattle.wmv"
            >
          
        </param>
        <param
             name="console"
             value="mainId"
            >
          
        </param>
        <param
             name="controls"
             value="ImageWindow"
            >
          
        </param>
        <param
             name="maintainAspect"
             value="true"
            >
          
        </param>
        <a
             href="uri-attr:encoded-action-url:/test-context-path/components/images/seattle.wmv"
            >
          
        </a>
      </object>
      <div
          >
        
      </div>
      <object
           classid="clsid:CFCDAA03-8BE4-11cf-B84B-0020AFBBCCFA"
           codebase="http://www.real.com/player/"
           height="36"
           width="220"
          >
        
        <param
             name="console"
             value="mainId"
            >
          
        </param>
        <param
             name="controls"
             value="ControlPanel"
            >
          
        </param>
      </object>
<!--AttributeTest[id,null]-->

      <object
           classid="clsid:22D6F312-B0F6-11D0-94AB-0080C74C7E95"
           codebase="http://activex.microsoft.com/activex/controls/mplayer/en/nsmp2inf.cab#Version=6,0,02,902"
           id="test-id"
           type="application/x-oleobject"
          >
        
        <param
             name="filename"
             value="uri-attr:encoded-resource-url:/test-context-path/components/images/seattle.wmv"
            >
          
        </param>
        <param
             name="autostart"
             value="0"
            >
          
        </param>
        <a
             type="application/x-oleobject"
             href="uri-attr:encoded-action-url:/test-context-path/components/images/seattle.wmv"
            >
          
        </a>
      </object>
<!--AttributeTest[rendered,false]-->

<!--AttributeTest[rendered,true]-->

      <object
           classid="clsid:22D6F312-B0F6-11D0-94AB-0080C74C7E95"
           codebase="http://activex.microsoft.com/activex/controls/mplayer/en/nsmp2inf.cab#Version=6,0,02,902"
           id="mainId"
           type="application/x-oleobject"
          >
        
        <param
             name="filename"
             value="uri-attr:encoded-resource-url:/test-context-path/components/images/seattle.wmv"
            >
          
        </param>
        <param
             name="autostart"
             value="0"
            >
          
        </param>
        <a
             type="application/x-oleobject"
             href="uri-attr:encoded-action-url:/test-context-path/components/images/seattle.wmv"
            >
          
        </a>
      </object>
<!--AttributeTest[shortDesc,null]-->

      <object
           classid="clsid:22D6F312-B0F6-11D0-94AB-0080C74C7E95"
           codebase="http://activex.microsoft.com/activex/controls/mplayer/en/nsmp2inf.cab#Version=6,0,02,902"
           id="mainId"
           title="test-shortDesc"
           type="application/x-oleobject"
          >
        
        <param
             name="filename"
             value="uri-attr:encoded-resource-url:/test-context-path/components/images/seattle.wmv"
            >
          
        </param>
        <param
             name="autostart"
             value="0"
            >
          
        </param>
        <a
             type="application/x-oleobject"
             href="uri-attr:encoded-action-url:/test-context-path/components/images/seattle.wmv"
            >
          test-shortDesc
        </a>
      </object>
<!--AttributeTest[onclick,null]-->

      <object
           classid="clsid:22D6F312-B0F6-11D0-94AB-0080C74C7E95"
           codebase="http://activex.microsoft.com/activex/controls/mplayer/en/nsmp2inf.cab#Version=6,0,02,902"
           id="mainId"
           onclick="test-onclick"
           type="application/x-oleobject"
          >
        
        <param
             name="filename"
             value="uri-attr:encoded-resource-url:/test-context-path/components/images/seattle.wmv"
            >
          
        </param>
        <param
             name="autostart"
             value="0"
            >
          
        </param>
        <a
             type="application/x-oleobject"
             href="uri-attr:encoded-action-url:/test-context-path/components/images/seattle.wmv"
            >
          
        </a>
      </object>
<!--AttributeTest[ondblclick,null]-->

      <object
           classid="clsid:22D6F312-B0F6-11D0-94AB-0080C74C7E95"
           codebase="http://activex.microsoft.com/activex/controls/mplayer/en/nsmp2inf.cab#Version=6,0,02,902"
           id="mainId"
           ondblclick="test-ondblclick"
           type="application/x-oleobject"
          >
        
        <param
             name="filename"
             value="uri-attr:encoded-resource-url:/test-context-path/components/images/seattle.wmv"
            >
          
        </param>
        <param
             name="autostart"
             value="0"
            >
          
        </param>
        <a
             type="application/x-oleobject"
             href="uri-attr:encoded-action-url:/test-context-path/components/images/seattle.wmv"
            >
          
        </a>
      </object>
<!--AttributeTest[onkeydown,null]-->

      <object
           classid="clsid:22D6F312-B0F6-11D0-94AB-0080C74C7E95"
           codebase="http://activex.microsoft.com/activex/controls/mplayer/en/nsmp2inf.cab#Version=6,0,02,902"
           id="mainId"
           onkeydown="test-onkeydown"
           type="application/x-oleobject"
          >
        
        <param
             name="filename"
             value="uri-attr:encoded-resource-url:/test-context-path/components/images/seattle.wmv"
            >
          
        </param>
        <param
             name="autostart"
             value="0"
            >
          
        </param>
        <a
             type="application/x-oleobject"
             href="uri-attr:encoded-action-url:/test-context-path/components/images/seattle.wmv"
            >
          
        </a>
      </object>
<!--AttributeTest[onkeypress,null]-->

      <object
           classid="clsid:22D6F312-B0F6-11D0-94AB-0080C74C7E95"
           codebase="http://activex.microsoft.com/activex/controls/mplayer/en/nsmp2inf.cab#Version=6,0,02,902"
           id="mainId"
           onkeypress="test-onkeypress"
           type="application/x-oleobject"
          >
        
        <param
             name="filename"
             value="uri-attr:encoded-resource-url:/test-context-path/components/images/seattle.wmv"
            >
          
        </param>
        <param
             name="autostart"
             value="0"
            >
          
        </param>
        <a
             type="application/x-oleobject"
             href="uri-attr:encoded-action-url:/test-context-path/components/images/seattle.wmv"
            >
          
        </a>
      </object>
<!--AttributeTest[onkeyup,null]-->

      <object
           classid="clsid:22D6F312-B0F6-11D0-94AB-0080C74C7E95"
           codebase="http://activex.microsoft.com/activex/controls/mplayer/en/nsmp2inf.cab#Version=6,0,02,902"
           id="mainId"
           onkeyup="test-onkeyup"
           type="application/x-oleobject"
          >
        
        <param
             name="filename"
             value="uri-attr:encoded-resource-url:/test-context-path/components/images/seattle.wmv"
            >
          
        </param>
        <param
             name="autostart"
             value="0"
            >
          
        </param>
        <a
             type="application/x-oleobject"
             href="uri-attr:encoded-action-url:/test-context-path/components/images/seattle.wmv"
            >
          
        </a>
      </object>
<!--AttributeTest[onmousedown,null]-->

      <object
           classid="clsid:22D6F312-B0F6-11D0-94AB-0080C74C7E95"
           codebase="http://activex.microsoft.com/activex/controls/mplayer/en/nsmp2inf.cab#Version=6,0,02,902"
           id="mainId"
           onmousedown="test-onmousedown"
           type="application/x-oleobject"
          >
        
        <param
             name="filename"
             value="uri-attr:encoded-resource-url:/test-context-path/components/images/seattle.wmv"
            >
          
        </param>
        <param
             name="autostart"
             value="0"
            >
          
        </param>
        <a
             type="application/x-oleobject"
             href="uri-attr:encoded-action-url:/test-context-path/components/images/seattle.wmv"
            >
          
        </a>
      </object>
<!--AttributeTest[onmousemove,null]-->

      <object
           classid="clsid:22D6F312-B0F6-11D0-94AB-0080C74C7E95"
           codebase="http://activex.microsoft.com/activex/controls/mplayer/en/nsmp2inf.cab#Version=6,0,02,902"
           id="mainId"
           onmousemove="test-onmousemove"
           type="application/x-oleobject"
          >
        
        <param
             name="filename"
             value="uri-attr:encoded-resource-url:/test-context-path/components/images/seattle.wmv"
            >
          
        </param>
        <param
             name="autostart"
             value="0"
            >
          
        </param>
        <a
             type="application/x-oleobject"
             href="uri-attr:encoded-action-url:/test-context-path/components/images/seattle.wmv"
            >
          
        </a>
      </object>
<!--AttributeTest[onmouseout,null]-->

      <object
           classid="clsid:22D6F312-B0F6-11D0-94AB-0080C74C7E95"
           codebase="http://activex.microsoft.com/activex/controls/mplayer/en/nsmp2inf.cab#Version=6,0,02,902"
           id="mainId"
           onmouseout="test-onmouseout"
           type="application/x-oleobject"
          >
        
        <param
             name="filename"
             value="uri-attr:encoded-resource-url:/test-context-path/components/images/seattle.wmv"
            >
          
        </param>
        <param
             name="autostart"
             value="0"
            >
          
        </param>
        <a
             type="application/x-oleobject"
             href="uri-attr:encoded-action-url:/test-context-path/components/images/seattle.wmv"
            >
          
        </a>
      </object>
<!--AttributeTest[onmouseover,null]-->

      <object
           classid="clsid:22D6F312-B0F6-11D0-94AB-0080C74C7E95"
           codebase="http://activex.microsoft.com/activex/controls/mplayer/en/nsmp2inf.cab#Version=6,0,02,902"
           id="mainId"
           onmouseover="test-onmouseover"
           type="application/x-oleobject"
          >
        
        <param
             name="filename"
             value="uri-attr:encoded-resource-url:/test-context-path/components/images/seattle.wmv"
            >
          
        </param>
        <param
             name="autostart"
             value="0"
            >
          
        </param>
        <a
             type="application/x-oleobject"
             href="uri-attr:encoded-action-url:/test-context-path/components/images/seattle.wmv"
            >
          
        </a>
      </object>
<!--AttributeTest[onmouseup,null]-->

      <object
           classid="clsid:22D6F312-B0F6-11D0-94AB-0080C74C7E95"
           codebase="http://activex.microsoft.com/activex/controls/mplayer/en/nsmp2inf.cab#Version=6,0,02,902"
           id="mainId"
           onmouseup="test-onmouseup"
           type="application/x-oleobject"
          >
        
        <param
             name="filename"
             value="uri-attr:encoded-resource-url:/test-context-path/components/images/seattle.wmv"
            >
          
        </param>
        <param
             name="autostart"
             value="0"
            >
          
        </param>
        <a
             type="application/x-oleobject"
             href="uri-attr:encoded-action-url:/test-context-path/components/images/seattle.wmv"
            >
          
        </a>
      </object>
</results>
