<results>
      <div
           class="af_navigationPane"
           id="mainId"
          >
        
        <select
             class="af_navigationPane_choice-options"
             id="mainId_af_choice_select"
            >
          
          <option
               selected="selected"
               value="submitForm('formId',1,{source:'mainId:0:stamp'});"
               id="uri-attr:mainId:0:stamp"
               name="uri-attr:mainId:0:stamp"
              >
            First
          </option>
          <option
               value="submitForm('formId',1,{source:'mainId:1:stamp'});"
               id="uri-attr:mainId:1:stamp"
               name="uri-attr:mainId:1:stamp"
              >
            Second
          </option>
          <option
               value="submitForm('formId',1,{source:'mainId:2:stamp'});"
               id="uri-attr:mainId:2:stamp"
               name="uri-attr:mainId:2:stamp"
              >
            Third
          </option>
        </select>
        <span
             style="width: 5px;"
            >
           
        </span>
        <input
             class="af_navigationPane_choice-button"
             onclick="var navLevelSelect = document.getElementById('mainId_af_choice_select'); eval(navLevelSelect.options[navLevelSelect.selectedIndex].value); return false;"
             type="submit"
             value="Go"
            >
          
        </input>
      </div>
<!--AttributeTest[disabled,false]-->

      <div
           class="af_navigationPane"
           id="mainId"
          >
        
        <select
             class="af_navigationPane_choice-options"
             id="mainId_af_choice_select"
            >
          
          <option
               selected="selected"
               value="submitForm('formId',1,{source:'mainId:0:stamp'});"
               id="uri-attr:mainId:0:stamp"
               name="uri-attr:mainId:0:stamp"
              >
            First
          </option>
          <option
               value="submitForm('formId',1,{source:'mainId:1:stamp'});"
               id="uri-attr:mainId:1:stamp"
               name="uri-attr:mainId:1:stamp"
              >
            Second
          </option>
          <option
               value="submitForm('formId',1,{source:'mainId:2:stamp'});"
               id="uri-attr:mainId:2:stamp"
               name="uri-attr:mainId:2:stamp"
              >
            Third
          </option>
        </select>
        <span
             style="width: 5px;"
            >
           
        </span>
        <input
             class="af_navigationPane_choice-button"
             onclick="var navLevelSelect = document.getElementById('mainId_af_choice_select'); eval(navLevelSelect.options[navLevelSelect.selectedIndex].value); return false;"
             type="submit"
             value="Go"
            >
          
        </input>
      </div>
<!--AttributeTest[disabled,true]-->

      <div
           class="af_navigationPane"
           id="mainId"
          >
        
        <select
             class="af_navigationPane_choice-options"
             disabled="disabled"
             id="mainId_af_choice_select"
            >
          
          <option
               selected="selected"
               value="submitForm('formId',1,{source:'mainId:0:stamp'});"
               id="uri-attr:mainId:0:stamp"
               name="uri-attr:mainId:0:stamp"
              >
            First
          </option>
          <option
               value="submitForm('formId',1,{source:'mainId:1:stamp'});"
               id="uri-attr:mainId:1:stamp"
               name="uri-attr:mainId:1:stamp"
              >
            Second
          </option>
          <option
               value="submitForm('formId',1,{source:'mainId:2:stamp'});"
               id="uri-attr:mainId:2:stamp"
               name="uri-attr:mainId:2:stamp"
              >
            Third
          </option>
        </select>
        <span
             style="width: 5px;"
            >
           
        </span>
        <input
             class="af_navigationPane_choice-button"
             onclick="var navLevelSelect = document.getElementById('mainId_af_choice_select'); eval(navLevelSelect.options[navLevelSelect.selectedIndex].value); return false;"
             type="submit"
             value="Go"
            >
          
        </input>
      </div>
<!--AttributeTest[title,the title]-->

      <div
           class="af_navigationPane"
           id="mainId"
          >
        
        <span
             class="af_navigationPane_choice-label"
            >
          the title
        </span>
        <span
             style="width: 5px;"
            >
           
        </span>
        <select
             class="af_navigationPane_choice-options"
             id="mainId_af_choice_select"
            >
          
          <option
               selected="selected"
               value="submitForm('formId',1,{source:'mainId:0:stamp'});"
               id="uri-attr:mainId:0:stamp"
               name="uri-attr:mainId:0:stamp"
              >
            First
          </option>
          <option
               value="submitForm('formId',1,{source:'mainId:1:stamp'});"
               id="uri-attr:mainId:1:stamp"
               name="uri-attr:mainId:1:stamp"
              >
            Second
          </option>
          <option
               value="submitForm('formId',1,{source:'mainId:2:stamp'});"
               id="uri-attr:mainId:2:stamp"
               name="uri-attr:mainId:2:stamp"
              >
            Third
          </option>
        </select>
        <span
             style="width: 5px;"
            >
           
        </span>
        <input
             class="af_navigationPane_choice-button"
             onclick="var navLevelSelect = document.getElementById('mainId_af_choice_select'); eval(navLevelSelect.options[navLevelSelect.selectedIndex].value); return false;"
             type="submit"
             value="Go"
            >
          
        </input>
      </div>
<!--AttributeTest[id,myid]-->

      <div
           class="af_navigationPane"
           id="myid"
          >
        
        <select
             class="af_navigationPane_choice-options"
             id="myid_af_choice_select"
            >
          
          <option
               selected="selected"
               value="submitForm('formId',1,{source:'myid:0:stamp'});"
               id="uri-attr:myid:0:stamp"
               name="uri-attr:myid:0:stamp"
              >
            First
          </option>
          <option
               value="submitForm('formId',1,{source:'myid:1:stamp'});"
               id="uri-attr:myid:1:stamp"
               name="uri-attr:myid:1:stamp"
              >
            Second
          </option>
          <option
               value="submitForm('formId',1,{source:'myid:2:stamp'});"
               id="uri-attr:myid:2:stamp"
               name="uri-attr:myid:2:stamp"
              >
            Third
          </option>
        </select>
        <span
             style="width: 5px;"
            >
           
        </span>
        <input
             class="af_navigationPane_choice-button"
             onclick="var navLevelSelect = document.getElementById('myid_af_choice_select'); eval(navLevelSelect.options[navLevelSelect.selectedIndex].value); return false;"
             type="submit"
             value="Go"
            >
          
        </input>
      </div>
<!--AttributeTest[shortDesc,my short desc]-->

      <div
           class="af_navigationPane"
           id="mainId"
           title="my short desc"
          >
        
        <span
             class="af_navigationPane_choice-label"
            >
          my short desc
        </span>
        <span
             style="width: 5px;"
            >
           
        </span>
        <select
             class="af_navigationPane_choice-options"
             id="mainId_af_choice_select"
            >
          
          <option
               selected="selected"
               value="submitForm('formId',1,{source:'mainId:0:stamp'});"
               id="uri-attr:mainId:0:stamp"
               name="uri-attr:mainId:0:stamp"
              >
            First
          </option>
          <option
               value="submitForm('formId',1,{source:'mainId:1:stamp'});"
               id="uri-attr:mainId:1:stamp"
               name="uri-attr:mainId:1:stamp"
              >
            Second
          </option>
          <option
               value="submitForm('formId',1,{source:'mainId:2:stamp'});"
               id="uri-attr:mainId:2:stamp"
               name="uri-attr:mainId:2:stamp"
              >
            Third
          </option>
        </select>
        <span
             style="width: 5px;"
            >
           
        </span>
        <input
             class="af_navigationPane_choice-button"
             onclick="var navLevelSelect = document.getElementById('mainId_af_choice_select'); eval(navLevelSelect.options[navLevelSelect.selectedIndex].value); return false;"
             type="submit"
             value="Go"
            >
          
        </input>
      </div>
<!--AttributeTest[styleClass,mystyle]-->

      <div
           class="mystyle af_navigationPane"
           id="mainId"
          >
        
        <select
             class="af_navigationPane_choice-options"
             id="mainId_af_choice_select"
            >
          
          <option
               selected="selected"
               value="submitForm('formId',1,{source:'mainId:0:stamp'});"
               id="uri-attr:mainId:0:stamp"
               name="uri-attr:mainId:0:stamp"
              >
            First
          </option>
          <option
               value="submitForm('formId',1,{source:'mainId:1:stamp'});"
               id="uri-attr:mainId:1:stamp"
               name="uri-attr:mainId:1:stamp"
              >
            Second
          </option>
          <option
               value="submitForm('formId',1,{source:'mainId:2:stamp'});"
               id="uri-attr:mainId:2:stamp"
               name="uri-attr:mainId:2:stamp"
              >
            Third
          </option>
        </select>
        <span
             style="width: 5px;"
            >
           
        </span>
        <input
             class="af_navigationPane_choice-button"
             onclick="var navLevelSelect = document.getElementById('mainId_af_choice_select'); eval(navLevelSelect.options[navLevelSelect.selectedIndex].value); return false;"
             type="submit"
             value="Go"
            >
          
        </input>
      </div>
<!--AttributeTest[onclick,null]-->

      <div
           class="af_navigationPane"
           id="mainId"
           onclick="test-onclick"
          >
        
        <select
             class="af_navigationPane_choice-options"
             id="mainId_af_choice_select"
            >
          
          <option
               selected="selected"
               value="submitForm('formId',1,{source:'mainId:0:stamp'});"
               id="uri-attr:mainId:0:stamp"
               name="uri-attr:mainId:0:stamp"
              >
            First
          </option>
          <option
               value="submitForm('formId',1,{source:'mainId:1:stamp'});"
               id="uri-attr:mainId:1:stamp"
               name="uri-attr:mainId:1:stamp"
              >
            Second
          </option>
          <option
               value="submitForm('formId',1,{source:'mainId:2:stamp'});"
               id="uri-attr:mainId:2:stamp"
               name="uri-attr:mainId:2:stamp"
              >
            Third
          </option>
        </select>
        <span
             style="width: 5px;"
            >
           
        </span>
        <input
             class="af_navigationPane_choice-button"
             onclick="var navLevelSelect = document.getElementById('mainId_af_choice_select'); eval(navLevelSelect.options[navLevelSelect.selectedIndex].value); return false;"
             type="submit"
             value="Go"
            >
          
        </input>
      </div>
<!--AttributeTest[ondblclick,null]-->

      <div
           class="af_navigationPane"
           id="mainId"
           ondblclick="test-ondblclick"
          >
        
        <select
             class="af_navigationPane_choice-options"
             id="mainId_af_choice_select"
            >
          
          <option
               selected="selected"
               value="submitForm('formId',1,{source:'mainId:0:stamp'});"
               id="uri-attr:mainId:0:stamp"
               name="uri-attr:mainId:0:stamp"
              >
            First
          </option>
          <option
               value="submitForm('formId',1,{source:'mainId:1:stamp'});"
               id="uri-attr:mainId:1:stamp"
               name="uri-attr:mainId:1:stamp"
              >
            Second
          </option>
          <option
               value="submitForm('formId',1,{source:'mainId:2:stamp'});"
               id="uri-attr:mainId:2:stamp"
               name="uri-attr:mainId:2:stamp"
              >
            Third
          </option>
        </select>
        <span
             style="width: 5px;"
            >
           
        </span>
        <input
             class="af_navigationPane_choice-button"
             onclick="var navLevelSelect = document.getElementById('mainId_af_choice_select'); eval(navLevelSelect.options[navLevelSelect.selectedIndex].value); return false;"
             type="submit"
             value="Go"
            >
          
        </input>
      </div>
<!--AttributeTest[onkeydown,null]-->

      <div
           class="af_navigationPane"
           id="mainId"
           onkeydown="test-onkeydown"
          >
        
        <select
             class="af_navigationPane_choice-options"
             id="mainId_af_choice_select"
            >
          
          <option
               selected="selected"
               value="submitForm('formId',1,{source:'mainId:0:stamp'});"
               id="uri-attr:mainId:0:stamp"
               name="uri-attr:mainId:0:stamp"
              >
            First
          </option>
          <option
               value="submitForm('formId',1,{source:'mainId:1:stamp'});"
               id="uri-attr:mainId:1:stamp"
               name="uri-attr:mainId:1:stamp"
              >
            Second
          </option>
          <option
               value="submitForm('formId',1,{source:'mainId:2:stamp'});"
               id="uri-attr:mainId:2:stamp"
               name="uri-attr:mainId:2:stamp"
              >
            Third
          </option>
        </select>
        <span
             style="width: 5px;"
            >
           
        </span>
        <input
             class="af_navigationPane_choice-button"
             onclick="var navLevelSelect = document.getElementById('mainId_af_choice_select'); eval(navLevelSelect.options[navLevelSelect.selectedIndex].value); return false;"
             type="submit"
             value="Go"
            >
          
        </input>
      </div>
<!--AttributeTest[onkeypress,null]-->

      <div
           class="af_navigationPane"
           id="mainId"
           onkeypress="test-onkeypress"
          >
        
        <select
             class="af_navigationPane_choice-options"
             id="mainId_af_choice_select"
            >
          
          <option
               selected="selected"
               value="submitForm('formId',1,{source:'mainId:0:stamp'});"
               id="uri-attr:mainId:0:stamp"
               name="uri-attr:mainId:0:stamp"
              >
            First
          </option>
          <option
               value="submitForm('formId',1,{source:'mainId:1:stamp'});"
               id="uri-attr:mainId:1:stamp"
               name="uri-attr:mainId:1:stamp"
              >
            Second
          </option>
          <option
               value="submitForm('formId',1,{source:'mainId:2:stamp'});"
               id="uri-attr:mainId:2:stamp"
               name="uri-attr:mainId:2:stamp"
              >
            Third
          </option>
        </select>
        <span
             style="width: 5px;"
            >
           
        </span>
        <input
             class="af_navigationPane_choice-button"
             onclick="var navLevelSelect = document.getElementById('mainId_af_choice_select'); eval(navLevelSelect.options[navLevelSelect.selectedIndex].value); return false;"
             type="submit"
             value="Go"
            >
          
        </input>
      </div>
<!--AttributeTest[onkeyup,null]-->

      <div
           class="af_navigationPane"
           id="mainId"
           onkeyup="test-onkeyup"
          >
        
        <select
             class="af_navigationPane_choice-options"
             id="mainId_af_choice_select"
            >
          
          <option
               selected="selected"
               value="submitForm('formId',1,{source:'mainId:0:stamp'});"
               id="uri-attr:mainId:0:stamp"
               name="uri-attr:mainId:0:stamp"
              >
            First
          </option>
          <option
               value="submitForm('formId',1,{source:'mainId:1:stamp'});"
               id="uri-attr:mainId:1:stamp"
               name="uri-attr:mainId:1:stamp"
              >
            Second
          </option>
          <option
               value="submitForm('formId',1,{source:'mainId:2:stamp'});"
               id="uri-attr:mainId:2:stamp"
               name="uri-attr:mainId:2:stamp"
              >
            Third
          </option>
        </select>
        <span
             style="width: 5px;"
            >
           
        </span>
        <input
             class="af_navigationPane_choice-button"
             onclick="var navLevelSelect = document.getElementById('mainId_af_choice_select'); eval(navLevelSelect.options[navLevelSelect.selectedIndex].value); return false;"
             type="submit"
             value="Go"
            >
          
        </input>
      </div>
<!--AttributeTest[onmousedown,null]-->

      <div
           class="af_navigationPane"
           id="mainId"
           onmousedown="test-onmousedown"
          >
        
        <select
             class="af_navigationPane_choice-options"
             id="mainId_af_choice_select"
            >
          
          <option
               selected="selected"
               value="submitForm('formId',1,{source:'mainId:0:stamp'});"
               id="uri-attr:mainId:0:stamp"
               name="uri-attr:mainId:0:stamp"
              >
            First
          </option>
          <option
               value="submitForm('formId',1,{source:'mainId:1:stamp'});"
               id="uri-attr:mainId:1:stamp"
               name="uri-attr:mainId:1:stamp"
              >
            Second
          </option>
          <option
               value="submitForm('formId',1,{source:'mainId:2:stamp'});"
               id="uri-attr:mainId:2:stamp"
               name="uri-attr:mainId:2:stamp"
              >
            Third
          </option>
        </select>
        <span
             style="width: 5px;"
            >
           
        </span>
        <input
             class="af_navigationPane_choice-button"
             onclick="var navLevelSelect = document.getElementById('mainId_af_choice_select'); eval(navLevelSelect.options[navLevelSelect.selectedIndex].value); return false;"
             type="submit"
             value="Go"
            >
          
        </input>
      </div>
<!--AttributeTest[onmousemove,null]-->

      <div
           class="af_navigationPane"
           id="mainId"
           onmousemove="test-onmousemove"
          >
        
        <select
             class="af_navigationPane_choice-options"
             id="mainId_af_choice_select"
            >
          
          <option
               selected="selected"
               value="submitForm('formId',1,{source:'mainId:0:stamp'});"
               id="uri-attr:mainId:0:stamp"
               name="uri-attr:mainId:0:stamp"
              >
            First
          </option>
          <option
               value="submitForm('formId',1,{source:'mainId:1:stamp'});"
               id="uri-attr:mainId:1:stamp"
               name="uri-attr:mainId:1:stamp"
              >
            Second
          </option>
          <option
               value="submitForm('formId',1,{source:'mainId:2:stamp'});"
               id="uri-attr:mainId:2:stamp"
               name="uri-attr:mainId:2:stamp"
              >
            Third
          </option>
        </select>
        <span
             style="width: 5px;"
            >
           
        </span>
        <input
             class="af_navigationPane_choice-button"
             onclick="var navLevelSelect = document.getElementById('mainId_af_choice_select'); eval(navLevelSelect.options[navLevelSelect.selectedIndex].value); return false;"
             type="submit"
             value="Go"
            >
          
        </input>
      </div>
<!--AttributeTest[onmouseout,null]-->

      <div
           class="af_navigationPane"
           id="mainId"
           onmouseout="test-onmouseout"
          >
        
        <select
             class="af_navigationPane_choice-options"
             id="mainId_af_choice_select"
            >
          
          <option
               selected="selected"
               value="submitForm('formId',1,{source:'mainId:0:stamp'});"
               id="uri-attr:mainId:0:stamp"
               name="uri-attr:mainId:0:stamp"
              >
            First
          </option>
          <option
               value="submitForm('formId',1,{source:'mainId:1:stamp'});"
               id="uri-attr:mainId:1:stamp"
               name="uri-attr:mainId:1:stamp"
              >
            Second
          </option>
          <option
               value="submitForm('formId',1,{source:'mainId:2:stamp'});"
               id="uri-attr:mainId:2:stamp"
               name="uri-attr:mainId:2:stamp"
              >
            Third
          </option>
        </select>
        <span
             style="width: 5px;"
            >
           
        </span>
        <input
             class="af_navigationPane_choice-button"
             onclick="var navLevelSelect = document.getElementById('mainId_af_choice_select'); eval(navLevelSelect.options[navLevelSelect.selectedIndex].value); return false;"
             type="submit"
             value="Go"
            >
          
        </input>
      </div>
<!--AttributeTest[onmouseover,null]-->

      <div
           class="af_navigationPane"
           id="mainId"
           onmouseover="test-onmouseover"
          >
        
        <select
             class="af_navigationPane_choice-options"
             id="mainId_af_choice_select"
            >
          
          <option
               selected="selected"
               value="submitForm('formId',1,{source:'mainId:0:stamp'});"
               id="uri-attr:mainId:0:stamp"
               name="uri-attr:mainId:0:stamp"
              >
            First
          </option>
          <option
               value="submitForm('formId',1,{source:'mainId:1:stamp'});"
               id="uri-attr:mainId:1:stamp"
               name="uri-attr:mainId:1:stamp"
              >
            Second
          </option>
          <option
               value="submitForm('formId',1,{source:'mainId:2:stamp'});"
               id="uri-attr:mainId:2:stamp"
               name="uri-attr:mainId:2:stamp"
              >
            Third
          </option>
        </select>
        <span
             style="width: 5px;"
            >
           
        </span>
        <input
             class="af_navigationPane_choice-button"
             onclick="var navLevelSelect = document.getElementById('mainId_af_choice_select'); eval(navLevelSelect.options[navLevelSelect.selectedIndex].value); return false;"
             type="submit"
             value="Go"
            >
          
        </input>
      </div>
<!--AttributeTest[onmouseup,null]-->

      <div
           class="af_navigationPane"
           id="mainId"
           onmouseup="test-onmouseup"
          >
        
        <select
             class="af_navigationPane_choice-options"
             id="mainId_af_choice_select"
            >
          
          <option
               selected="selected"
               value="submitForm('formId',1,{source:'mainId:0:stamp'});"
               id="uri-attr:mainId:0:stamp"
               name="uri-attr:mainId:0:stamp"
              >
            First
          </option>
          <option
               value="submitForm('formId',1,{source:'mainId:1:stamp'});"
               id="uri-attr:mainId:1:stamp"
               name="uri-attr:mainId:1:stamp"
              >
            Second
          </option>
          <option
               value="submitForm('formId',1,{source:'mainId:2:stamp'});"
               id="uri-attr:mainId:2:stamp"
               name="uri-attr:mainId:2:stamp"
              >
            Third
          </option>
        </select>
        <span
             style="width: 5px;"
            >
           
        </span>
        <input
             class="af_navigationPane_choice-button"
             onclick="var navLevelSelect = document.getElementById('mainId_af_choice_select'); eval(navLevelSelect.options[navLevelSelect.selectedIndex].value); return false;"
             type="submit"
             value="Go"
            >
          
        </input>
      </div>
</results>
