<results>
      <div
           class="af_outputDocument"
           id="mainId"
          >
        
        <div
             class="titleClass af_outputDocument_title"
            >
          The title facet
        </div>
        <p
             class="af_outputDocument_paragraph"
            >
          First paragraph followed by \r
        </p>
        <div
             class="separatorClass af_outputDocument_separator"
            >
          The paragraph separator
        </div>
        <p
             class="af_outputDocument_paragraph"
            >
          Second paragraph followed by \n
        </p>
        <div
             class="separatorClass af_outputDocument_separator"
            >
          The paragraph separator
        </div>
        <p
             class="af_outputDocument_paragraph"
            >
          Third paragraph followed by \n\r
        </p>
        <div
             class="separatorClass af_outputDocument_separator"
            >
          The paragraph separator
        </div>
        <p
             class="af_outputDocument_paragraph"
            >
          Fourth paragraph
        </p>
      </div>
</results>
