<results>
      <div
           class="af_panelList"
           id="mainId"
          >
        
        <ul
            >
          
          <li
               value="1"
              >
            
            <a
                 href="uri-attr:encoded-action-url:http://www.oracle.com"
                >
              link 1
            </a>
          </li>
          <li
               value="2"
              >
            
            <a
                 href="uri-attr:encoded-action-url:http://www.oracle.com"
                >
              link 2
            </a>
          </li>
          <li
               value="3"
              >
            
            <a
                 href="uri-attr:encoded-action-url:http://www.oracle.com"
                >
              link 3
            </a>
          </li>
          <li
               value="4"
              >
            
            <a
                 href="uri-attr:encoded-action-url:http://www.oracle.com"
                >
              link 4
            </a>
          </li>
          <li
               value="5"
              >
            
            <a
                 href="uri-attr:encoded-action-url:http://www.oracle.com"
                >
              link 5
            </a>
          </li>
          <li
               value="6"
              >
            
            <a
                 href="uri-attr:encoded-action-url:http://www.oracle.com"
                >
              link 6
            </a>
          </li>
          <li
               value="7"
              >
            
            <a
                 href="uri-attr:encoded-action-url:http://www.oracle.com"
                >
              link 7
            </a>
          </li>
          <li
               value="8"
              >
            
            <a
                 href="uri-attr:encoded-action-url:http://www.oracle.com"
                >
              link 8
            </a>
          </li>
        </ul>
      </div>
<!--AttributeTest[rows,2,AttributeTest[maxColumns,2]]-->

      <div
           class="af_panelList"
           id="mainId"
          >
        
        <table
             border="0"
             cellpadding="0"
             cellspacing="0"
             summary=""
             width="100%"
            >
          
          <tr
              >
            
            <td
                 valign="top"
                 width="50%"
                >
              
              <ul
                  >
                
                <li
                     value="1"
                    >
                  
                  <a
                       href="uri-attr:encoded-action-url:http://www.oracle.com"
                      >
                    link 1
                  </a>
                </li>
                <li
                     value="2"
                    >
                  
                  <a
                       href="uri-attr:encoded-action-url:http://www.oracle.com"
                      >
                    link 2
                  </a>
                </li>
                <li
                     value="3"
                    >
                  
                  <a
                       href="uri-attr:encoded-action-url:http://www.oracle.com"
                      >
                    link 3
                  </a>
                </li>
                <li
                     value="4"
                    >
                  
                  <a
                       href="uri-attr:encoded-action-url:http://www.oracle.com"
                      >
                    link 4
                  </a>
                </li>
              </ul>
            </td>
            <td
                 valign="top"
                 width="50%"
                >
              
              <ul
                  >
                
                <li
                     value="5"
                    >
                  
                  <a
                       href="uri-attr:encoded-action-url:http://www.oracle.com"
                      >
                    link 5
                  </a>
                </li>
                <li
                     value="6"
                    >
                  
                  <a
                       href="uri-attr:encoded-action-url:http://www.oracle.com"
                      >
                    link 6
                  </a>
                </li>
                <li
                     value="7"
                    >
                  
                  <a
                       href="uri-attr:encoded-action-url:http://www.oracle.com"
                      >
                    link 7
                  </a>
                </li>
                <li
                     value="8"
                    >
                  
                  <a
                       href="uri-attr:encoded-action-url:http://www.oracle.com"
                      >
                    link 8
                  </a>
                </li>
              </ul>
            </td>
          </tr>
        </table>
      </div>
<!--AttributeTest[id,null]-->

      <div
           class="af_panelList"
           id="test-id"
          >
        
        <ul
            >
          
          <li
               value="1"
              >
            
            <a
                 href="uri-attr:encoded-action-url:http://www.oracle.com"
                >
              link 1
            </a>
          </li>
          <li
               value="2"
              >
            
            <a
                 href="uri-attr:encoded-action-url:http://www.oracle.com"
                >
              link 2
            </a>
          </li>
          <li
               value="3"
              >
            
            <a
                 href="uri-attr:encoded-action-url:http://www.oracle.com"
                >
              link 3
            </a>
          </li>
          <li
               value="4"
              >
            
            <a
                 href="uri-attr:encoded-action-url:http://www.oracle.com"
                >
              link 4
            </a>
          </li>
          <li
               value="5"
              >
            
            <a
                 href="uri-attr:encoded-action-url:http://www.oracle.com"
                >
              link 5
            </a>
          </li>
          <li
               value="6"
              >
            
            <a
                 href="uri-attr:encoded-action-url:http://www.oracle.com"
                >
              link 6
            </a>
          </li>
          <li
               value="7"
              >
            
            <a
                 href="uri-attr:encoded-action-url:http://www.oracle.com"
                >
              link 7
            </a>
          </li>
          <li
               value="8"
              >
            
            <a
                 href="uri-attr:encoded-action-url:http://www.oracle.com"
                >
              link 8
            </a>
          </li>
        </ul>
      </div>
<!--AttributeTest[inlineStyle,null]-->

      <div
           class="af_panelList"
           id="mainId"
           style="test-inlineStyle"
          >
        
        <ul
            >
          
          <li
               value="1"
              >
            
            <a
                 href="uri-attr:encoded-action-url:http://www.oracle.com"
                >
              link 1
            </a>
          </li>
          <li
               value="2"
              >
            
            <a
                 href="uri-attr:encoded-action-url:http://www.oracle.com"
                >
              link 2
            </a>
          </li>
          <li
               value="3"
              >
            
            <a
                 href="uri-attr:encoded-action-url:http://www.oracle.com"
                >
              link 3
            </a>
          </li>
          <li
               value="4"
              >
            
            <a
                 href="uri-attr:encoded-action-url:http://www.oracle.com"
                >
              link 4
            </a>
          </li>
          <li
               value="5"
              >
            
            <a
                 href="uri-attr:encoded-action-url:http://www.oracle.com"
                >
              link 5
            </a>
          </li>
          <li
               value="6"
              >
            
            <a
                 href="uri-attr:encoded-action-url:http://www.oracle.com"
                >
              link 6
            </a>
          </li>
          <li
               value="7"
              >
            
            <a
                 href="uri-attr:encoded-action-url:http://www.oracle.com"
                >
              link 7
            </a>
          </li>
          <li
               value="8"
              >
            
            <a
                 href="uri-attr:encoded-action-url:http://www.oracle.com"
                >
              link 8
            </a>
          </li>
        </ul>
      </div>
<!--AttributeTest[rendered,false]-->

<!--AttributeTest[rendered,true]-->

      <div
           class="af_panelList"
           id="mainId"
          >
        
        <ul
            >
          
          <li
               value="1"
              >
            
            <a
                 href="uri-attr:encoded-action-url:http://www.oracle.com"
                >
              link 1
            </a>
          </li>
          <li
               value="2"
              >
            
            <a
                 href="uri-attr:encoded-action-url:http://www.oracle.com"
                >
              link 2
            </a>
          </li>
          <li
               value="3"
              >
            
            <a
                 href="uri-attr:encoded-action-url:http://www.oracle.com"
                >
              link 3
            </a>
          </li>
          <li
               value="4"
              >
            
            <a
                 href="uri-attr:encoded-action-url:http://www.oracle.com"
                >
              link 4
            </a>
          </li>
          <li
               value="5"
              >
            
            <a
                 href="uri-attr:encoded-action-url:http://www.oracle.com"
                >
              link 5
            </a>
          </li>
          <li
               value="6"
              >
            
            <a
                 href="uri-attr:encoded-action-url:http://www.oracle.com"
                >
              link 6
            </a>
          </li>
          <li
               value="7"
              >
            
            <a
                 href="uri-attr:encoded-action-url:http://www.oracle.com"
                >
              link 7
            </a>
          </li>
          <li
               value="8"
              >
            
            <a
                 href="uri-attr:encoded-action-url:http://www.oracle.com"
                >
              link 8
            </a>
          </li>
        </ul>
      </div>
<!--AttributeTest[shortDesc,null]-->

      <div
           class="af_panelList"
           id="mainId"
           title="test-shortDesc"
          >
        
        <ul
            >
          
          <li
               value="1"
              >
            
            <a
                 href="uri-attr:encoded-action-url:http://www.oracle.com"
                >
              link 1
            </a>
          </li>
          <li
               value="2"
              >
            
            <a
                 href="uri-attr:encoded-action-url:http://www.oracle.com"
                >
              link 2
            </a>
          </li>
          <li
               value="3"
              >
            
            <a
                 href="uri-attr:encoded-action-url:http://www.oracle.com"
                >
              link 3
            </a>
          </li>
          <li
               value="4"
              >
            
            <a
                 href="uri-attr:encoded-action-url:http://www.oracle.com"
                >
              link 4
            </a>
          </li>
          <li
               value="5"
              >
            
            <a
                 href="uri-attr:encoded-action-url:http://www.oracle.com"
                >
              link 5
            </a>
          </li>
          <li
               value="6"
              >
            
            <a
                 href="uri-attr:encoded-action-url:http://www.oracle.com"
                >
              link 6
            </a>
          </li>
          <li
               value="7"
              >
            
            <a
                 href="uri-attr:encoded-action-url:http://www.oracle.com"
                >
              link 7
            </a>
          </li>
          <li
               value="8"
              >
            
            <a
                 href="uri-attr:encoded-action-url:http://www.oracle.com"
                >
              link 8
            </a>
          </li>
        </ul>
      </div>
<!--AttributeTest[styleClass,null]-->

      <div
           class="test-styleClass af_panelList"
           id="mainId"
          >
        
        <ul
            >
          
          <li
               value="1"
              >
            
            <a
                 href="uri-attr:encoded-action-url:http://www.oracle.com"
                >
              link 1
            </a>
          </li>
          <li
               value="2"
              >
            
            <a
                 href="uri-attr:encoded-action-url:http://www.oracle.com"
                >
              link 2
            </a>
          </li>
          <li
               value="3"
              >
            
            <a
                 href="uri-attr:encoded-action-url:http://www.oracle.com"
                >
              link 3
            </a>
          </li>
          <li
               value="4"
              >
            
            <a
                 href="uri-attr:encoded-action-url:http://www.oracle.com"
                >
              link 4
            </a>
          </li>
          <li
               value="5"
              >
            
            <a
                 href="uri-attr:encoded-action-url:http://www.oracle.com"
                >
              link 5
            </a>
          </li>
          <li
               value="6"
              >
            
            <a
                 href="uri-attr:encoded-action-url:http://www.oracle.com"
                >
              link 6
            </a>
          </li>
          <li
               value="7"
              >
            
            <a
                 href="uri-attr:encoded-action-url:http://www.oracle.com"
                >
              link 7
            </a>
          </li>
          <li
               value="8"
              >
            
            <a
                 href="uri-attr:encoded-action-url:http://www.oracle.com"
                >
              link 8
            </a>
          </li>
        </ul>
      </div>
<!--AttributeTest[listStyle,null]-->

      <div
           class="af_panelList"
           id="mainId"
          >
        
        <ul
             style="test-listStyle"
            >
          
          <li
               value="1"
              >
            
            <a
                 href="uri-attr:encoded-action-url:http://www.oracle.com"
                >
              link 1
            </a>
          </li>
          <li
               value="2"
              >
            
            <a
                 href="uri-attr:encoded-action-url:http://www.oracle.com"
                >
              link 2
            </a>
          </li>
          <li
               value="3"
              >
            
            <a
                 href="uri-attr:encoded-action-url:http://www.oracle.com"
                >
              link 3
            </a>
          </li>
          <li
               value="4"
              >
            
            <a
                 href="uri-attr:encoded-action-url:http://www.oracle.com"
                >
              link 4
            </a>
          </li>
          <li
               value="5"
              >
            
            <a
                 href="uri-attr:encoded-action-url:http://www.oracle.com"
                >
              link 5
            </a>
          </li>
          <li
               value="6"
              >
            
            <a
                 href="uri-attr:encoded-action-url:http://www.oracle.com"
                >
              link 6
            </a>
          </li>
          <li
               value="7"
              >
            
            <a
                 href="uri-attr:encoded-action-url:http://www.oracle.com"
                >
              link 7
            </a>
          </li>
          <li
               value="8"
              >
            
            <a
                 href="uri-attr:encoded-action-url:http://www.oracle.com"
                >
              link 8
            </a>
          </li>
        </ul>
      </div>
<!--AttributeTest[onclick,null]-->

      <div
           class="af_panelList"
           id="mainId"
           onclick="test-onclick"
          >
        
        <ul
            >
          
          <li
               value="1"
              >
            
            <a
                 href="uri-attr:encoded-action-url:http://www.oracle.com"
                >
              link 1
            </a>
          </li>
          <li
               value="2"
              >
            
            <a
                 href="uri-attr:encoded-action-url:http://www.oracle.com"
                >
              link 2
            </a>
          </li>
          <li
               value="3"
              >
            
            <a
                 href="uri-attr:encoded-action-url:http://www.oracle.com"
                >
              link 3
            </a>
          </li>
          <li
               value="4"
              >
            
            <a
                 href="uri-attr:encoded-action-url:http://www.oracle.com"
                >
              link 4
            </a>
          </li>
          <li
               value="5"
              >
            
            <a
                 href="uri-attr:encoded-action-url:http://www.oracle.com"
                >
              link 5
            </a>
          </li>
          <li
               value="6"
              >
            
            <a
                 href="uri-attr:encoded-action-url:http://www.oracle.com"
                >
              link 6
            </a>
          </li>
          <li
               value="7"
              >
            
            <a
                 href="uri-attr:encoded-action-url:http://www.oracle.com"
                >
              link 7
            </a>
          </li>
          <li
               value="8"
              >
            
            <a
                 href="uri-attr:encoded-action-url:http://www.oracle.com"
                >
              link 8
            </a>
          </li>
        </ul>
      </div>
<!--AttributeTest[ondblclick,null]-->

      <div
           class="af_panelList"
           id="mainId"
           ondblclick="test-ondblclick"
          >
        
        <ul
            >
          
          <li
               value="1"
              >
            
            <a
                 href="uri-attr:encoded-action-url:http://www.oracle.com"
                >
              link 1
            </a>
          </li>
          <li
               value="2"
              >
            
            <a
                 href="uri-attr:encoded-action-url:http://www.oracle.com"
                >
              link 2
            </a>
          </li>
          <li
               value="3"
              >
            
            <a
                 href="uri-attr:encoded-action-url:http://www.oracle.com"
                >
              link 3
            </a>
          </li>
          <li
               value="4"
              >
            
            <a
                 href="uri-attr:encoded-action-url:http://www.oracle.com"
                >
              link 4
            </a>
          </li>
          <li
               value="5"
              >
            
            <a
                 href="uri-attr:encoded-action-url:http://www.oracle.com"
                >
              link 5
            </a>
          </li>
          <li
               value="6"
              >
            
            <a
                 href="uri-attr:encoded-action-url:http://www.oracle.com"
                >
              link 6
            </a>
          </li>
          <li
               value="7"
              >
            
            <a
                 href="uri-attr:encoded-action-url:http://www.oracle.com"
                >
              link 7
            </a>
          </li>
          <li
               value="8"
              >
            
            <a
                 href="uri-attr:encoded-action-url:http://www.oracle.com"
                >
              link 8
            </a>
          </li>
        </ul>
      </div>
<!--AttributeTest[onkeydown,null]-->

      <div
           class="af_panelList"
           id="mainId"
           onkeydown="test-onkeydown"
          >
        
        <ul
            >
          
          <li
               value="1"
              >
            
            <a
                 href="uri-attr:encoded-action-url:http://www.oracle.com"
                >
              link 1
            </a>
          </li>
          <li
               value="2"
              >
            
            <a
                 href="uri-attr:encoded-action-url:http://www.oracle.com"
                >
              link 2
            </a>
          </li>
          <li
               value="3"
              >
            
            <a
                 href="uri-attr:encoded-action-url:http://www.oracle.com"
                >
              link 3
            </a>
          </li>
          <li
               value="4"
              >
            
            <a
                 href="uri-attr:encoded-action-url:http://www.oracle.com"
                >
              link 4
            </a>
          </li>
          <li
               value="5"
              >
            
            <a
                 href="uri-attr:encoded-action-url:http://www.oracle.com"
                >
              link 5
            </a>
          </li>
          <li
               value="6"
              >
            
            <a
                 href="uri-attr:encoded-action-url:http://www.oracle.com"
                >
              link 6
            </a>
          </li>
          <li
               value="7"
              >
            
            <a
                 href="uri-attr:encoded-action-url:http://www.oracle.com"
                >
              link 7
            </a>
          </li>
          <li
               value="8"
              >
            
            <a
                 href="uri-attr:encoded-action-url:http://www.oracle.com"
                >
              link 8
            </a>
          </li>
        </ul>
      </div>
<!--AttributeTest[onkeypress,null]-->

      <div
           class="af_panelList"
           id="mainId"
           onkeypress="test-onkeypress"
          >
        
        <ul
            >
          
          <li
               value="1"
              >
            
            <a
                 href="uri-attr:encoded-action-url:http://www.oracle.com"
                >
              link 1
            </a>
          </li>
          <li
               value="2"
              >
            
            <a
                 href="uri-attr:encoded-action-url:http://www.oracle.com"
                >
              link 2
            </a>
          </li>
          <li
               value="3"
              >
            
            <a
                 href="uri-attr:encoded-action-url:http://www.oracle.com"
                >
              link 3
            </a>
          </li>
          <li
               value="4"
              >
            
            <a
                 href="uri-attr:encoded-action-url:http://www.oracle.com"
                >
              link 4
            </a>
          </li>
          <li
               value="5"
              >
            
            <a
                 href="uri-attr:encoded-action-url:http://www.oracle.com"
                >
              link 5
            </a>
          </li>
          <li
               value="6"
              >
            
            <a
                 href="uri-attr:encoded-action-url:http://www.oracle.com"
                >
              link 6
            </a>
          </li>
          <li
               value="7"
              >
            
            <a
                 href="uri-attr:encoded-action-url:http://www.oracle.com"
                >
              link 7
            </a>
          </li>
          <li
               value="8"
              >
            
            <a
                 href="uri-attr:encoded-action-url:http://www.oracle.com"
                >
              link 8
            </a>
          </li>
        </ul>
      </div>
<!--AttributeTest[onkeyup,null]-->

      <div
           class="af_panelList"
           id="mainId"
           onkeyup="test-onkeyup"
          >
        
        <ul
            >
          
          <li
               value="1"
              >
            
            <a
                 href="uri-attr:encoded-action-url:http://www.oracle.com"
                >
              link 1
            </a>
          </li>
          <li
               value="2"
              >
            
            <a
                 href="uri-attr:encoded-action-url:http://www.oracle.com"
                >
              link 2
            </a>
          </li>
          <li
               value="3"
              >
            
            <a
                 href="uri-attr:encoded-action-url:http://www.oracle.com"
                >
              link 3
            </a>
          </li>
          <li
               value="4"
              >
            
            <a
                 href="uri-attr:encoded-action-url:http://www.oracle.com"
                >
              link 4
            </a>
          </li>
          <li
               value="5"
              >
            
            <a
                 href="uri-attr:encoded-action-url:http://www.oracle.com"
                >
              link 5
            </a>
          </li>
          <li
               value="6"
              >
            
            <a
                 href="uri-attr:encoded-action-url:http://www.oracle.com"
                >
              link 6
            </a>
          </li>
          <li
               value="7"
              >
            
            <a
                 href="uri-attr:encoded-action-url:http://www.oracle.com"
                >
              link 7
            </a>
          </li>
          <li
               value="8"
              >
            
            <a
                 href="uri-attr:encoded-action-url:http://www.oracle.com"
                >
              link 8
            </a>
          </li>
        </ul>
      </div>
<!--AttributeTest[onmousedown,null]-->

      <div
           class="af_panelList"
           id="mainId"
           onmousedown="test-onmousedown"
          >
        
        <ul
            >
          
          <li
               value="1"
              >
            
            <a
                 href="uri-attr:encoded-action-url:http://www.oracle.com"
                >
              link 1
            </a>
          </li>
          <li
               value="2"
              >
            
            <a
                 href="uri-attr:encoded-action-url:http://www.oracle.com"
                >
              link 2
            </a>
          </li>
          <li
               value="3"
              >
            
            <a
                 href="uri-attr:encoded-action-url:http://www.oracle.com"
                >
              link 3
            </a>
          </li>
          <li
               value="4"
              >
            
            <a
                 href="uri-attr:encoded-action-url:http://www.oracle.com"
                >
              link 4
            </a>
          </li>
          <li
               value="5"
              >
            
            <a
                 href="uri-attr:encoded-action-url:http://www.oracle.com"
                >
              link 5
            </a>
          </li>
          <li
               value="6"
              >
            
            <a
                 href="uri-attr:encoded-action-url:http://www.oracle.com"
                >
              link 6
            </a>
          </li>
          <li
               value="7"
              >
            
            <a
                 href="uri-attr:encoded-action-url:http://www.oracle.com"
                >
              link 7
            </a>
          </li>
          <li
               value="8"
              >
            
            <a
                 href="uri-attr:encoded-action-url:http://www.oracle.com"
                >
              link 8
            </a>
          </li>
        </ul>
      </div>
<!--AttributeTest[onmousemove,null]-->

      <div
           class="af_panelList"
           id="mainId"
           onmousemove="test-onmousemove"
          >
        
        <ul
            >
          
          <li
               value="1"
              >
            
            <a
                 href="uri-attr:encoded-action-url:http://www.oracle.com"
                >
              link 1
            </a>
          </li>
          <li
               value="2"
              >
            
            <a
                 href="uri-attr:encoded-action-url:http://www.oracle.com"
                >
              link 2
            </a>
          </li>
          <li
               value="3"
              >
            
            <a
                 href="uri-attr:encoded-action-url:http://www.oracle.com"
                >
              link 3
            </a>
          </li>
          <li
               value="4"
              >
            
            <a
                 href="uri-attr:encoded-action-url:http://www.oracle.com"
                >
              link 4
            </a>
          </li>
          <li
               value="5"
              >
            
            <a
                 href="uri-attr:encoded-action-url:http://www.oracle.com"
                >
              link 5
            </a>
          </li>
          <li
               value="6"
              >
            
            <a
                 href="uri-attr:encoded-action-url:http://www.oracle.com"
                >
              link 6
            </a>
          </li>
          <li
               value="7"
              >
            
            <a
                 href="uri-attr:encoded-action-url:http://www.oracle.com"
                >
              link 7
            </a>
          </li>
          <li
               value="8"
              >
            
            <a
                 href="uri-attr:encoded-action-url:http://www.oracle.com"
                >
              link 8
            </a>
          </li>
        </ul>
      </div>
<!--AttributeTest[onmouseout,null]-->

      <div
           class="af_panelList"
           id="mainId"
           onmouseout="test-onmouseout"
          >
        
        <ul
            >
          
          <li
               value="1"
              >
            
            <a
                 href="uri-attr:encoded-action-url:http://www.oracle.com"
                >
              link 1
            </a>
          </li>
          <li
               value="2"
              >
            
            <a
                 href="uri-attr:encoded-action-url:http://www.oracle.com"
                >
              link 2
            </a>
          </li>
          <li
               value="3"
              >
            
            <a
                 href="uri-attr:encoded-action-url:http://www.oracle.com"
                >
              link 3
            </a>
          </li>
          <li
               value="4"
              >
            
            <a
                 href="uri-attr:encoded-action-url:http://www.oracle.com"
                >
              link 4
            </a>
          </li>
          <li
               value="5"
              >
            
            <a
                 href="uri-attr:encoded-action-url:http://www.oracle.com"
                >
              link 5
            </a>
          </li>
          <li
               value="6"
              >
            
            <a
                 href="uri-attr:encoded-action-url:http://www.oracle.com"
                >
              link 6
            </a>
          </li>
          <li
               value="7"
              >
            
            <a
                 href="uri-attr:encoded-action-url:http://www.oracle.com"
                >
              link 7
            </a>
          </li>
          <li
               value="8"
              >
            
            <a
                 href="uri-attr:encoded-action-url:http://www.oracle.com"
                >
              link 8
            </a>
          </li>
        </ul>
      </div>
<!--AttributeTest[onmouseover,null]-->

      <div
           class="af_panelList"
           id="mainId"
           onmouseover="test-onmouseover"
          >
        
        <ul
            >
          
          <li
               value="1"
              >
            
            <a
                 href="uri-attr:encoded-action-url:http://www.oracle.com"
                >
              link 1
            </a>
          </li>
          <li
               value="2"
              >
            
            <a
                 href="uri-attr:encoded-action-url:http://www.oracle.com"
                >
              link 2
            </a>
          </li>
          <li
               value="3"
              >
            
            <a
                 href="uri-attr:encoded-action-url:http://www.oracle.com"
                >
              link 3
            </a>
          </li>
          <li
               value="4"
              >
            
            <a
                 href="uri-attr:encoded-action-url:http://www.oracle.com"
                >
              link 4
            </a>
          </li>
          <li
               value="5"
              >
            
            <a
                 href="uri-attr:encoded-action-url:http://www.oracle.com"
                >
              link 5
            </a>
          </li>
          <li
               value="6"
              >
            
            <a
                 href="uri-attr:encoded-action-url:http://www.oracle.com"
                >
              link 6
            </a>
          </li>
          <li
               value="7"
              >
            
            <a
                 href="uri-attr:encoded-action-url:http://www.oracle.com"
                >
              link 7
            </a>
          </li>
          <li
               value="8"
              >
            
            <a
                 href="uri-attr:encoded-action-url:http://www.oracle.com"
                >
              link 8
            </a>
          </li>
        </ul>
      </div>
<!--AttributeTest[onmouseup,null]-->

      <div
           class="af_panelList"
           id="mainId"
           onmouseup="test-onmouseup"
          >
        
        <ul
            >
          
          <li
               value="1"
              >
            
            <a
                 href="uri-attr:encoded-action-url:http://www.oracle.com"
                >
              link 1
            </a>
          </li>
          <li
               value="2"
              >
            
            <a
                 href="uri-attr:encoded-action-url:http://www.oracle.com"
                >
              link 2
            </a>
          </li>
          <li
               value="3"
              >
            
            <a
                 href="uri-attr:encoded-action-url:http://www.oracle.com"
                >
              link 3
            </a>
          </li>
          <li
               value="4"
              >
            
            <a
                 href="uri-attr:encoded-action-url:http://www.oracle.com"
                >
              link 4
            </a>
          </li>
          <li
               value="5"
              >
            
            <a
                 href="uri-attr:encoded-action-url:http://www.oracle.com"
                >
              link 5
            </a>
          </li>
          <li
               value="6"
              >
            
            <a
                 href="uri-attr:encoded-action-url:http://www.oracle.com"
                >
              link 6
            </a>
          </li>
          <li
               value="7"
              >
            
            <a
                 href="uri-attr:encoded-action-url:http://www.oracle.com"
                >
              link 7
            </a>
          </li>
          <li
               value="8"
              >
            
            <a
                 href="uri-attr:encoded-action-url:http://www.oracle.com"
                >
              link 8
            </a>
          </li>
        </ul>
      </div>
</results>
