<results>
      <table
           border="0"
           cellpadding="0"
           cellspacing="0"
           id="mainId__xc_"
          >
        
        <tr
            >
          
          <td
               class="af_panelLabelAndMessage_label"
               nowrap="nowrap"
              >
            
          </td>
          <td
               class="AFContentCell"
               nowrap="nowrap"
               valign="top"
              >
            
            <table
                 border="0"
                 cellpadding="0"
                 cellspacing="0"
                >
              
              <tr
                  >
                
                <td
                    >
                  
                  <table
                       border="0"
                       cellpadding="0"
                       cellspacing="0"
                       class="af_selectBooleanCheckbox"
                       id="_idXXX__xc_"
                      >
                    
                    <tr
                        >
                      
                      <td
                           class="af_selectBooleanCheckbox_label"
                           nowrap="nowrap"
                          >
                        
                      </td>
                      <td
                           class="AFContentCell"
                           nowrap="nowrap"
                           valign="top"
                          >
                        
                        <span
                             class="af_selectBooleanCheckbox_content"
                             id="_idXXX__xc_c"
                            >
                          
                          <input
                               id="_idXXX"
                               name="_idXXX"
                               type="checkbox"
                               value="t"
                              >
                            
                          </input>Checkbox 1
                        </span>
                      </td>
                    </tr>
                  </table>
                  <table
                       border="0"
                       cellpadding="0"
                       cellspacing="0"
                       class="af_selectBooleanCheckbox"
                       id="_idXXX__xc_"
                      >
                    
                    <tr
                        >
                      
                      <td
                           class="af_selectBooleanCheckbox_label"
                           nowrap="nowrap"
                          >
                        
                      </td>
                      <td
                           class="AFContentCell"
                           nowrap="nowrap"
                           valign="top"
                          >
                        
                        <span
                             class="af_selectBooleanCheckbox_content"
                             id="_idXXX__xc_c"
                            >
                          
                          <input
                               id="_idXXX"
                               name="_idXXX"
                               type="checkbox"
                               value="t"
                              >
                            
                          </input>Checkbox 2
                        </span>
                      </td>
                    </tr>
                  </table>
                </td>
                <td
                    >
                  
                  <table
                       border="0"
                       cellpadding="0"
                       cellspacing="0"
                       class="af_inputText"
                       id="_idXXX__xc_"
                      >
                    
                    <tr
                        >
                      
                      <td
                           class="af_inputText_label"
                           nowrap="nowrap"
                          >
                        
                      </td>
                      <td
                           class="AFContentCell"
                           nowrap="nowrap"
                           valign="top"
                          >
                        
                        <input
                             class="af_inputText_content"
                             id="_idXXX"
                             name="_idXXX"
                             size="30"
                             type="text"
                            >
                          
                        </input>
                      </td>
                    </tr>
                  </table>
                </td>
              </tr>
            </table>
          </td>
        </tr>
        <tr
            >
          
          <td
              >
            
          </td>
          <td
               class="AFComponentMessageCell"
              >
            
            <span
                 class="OraInlineInfoText"
                >
              help text
            </span>
          </td>
        </tr>
      </table>
</results>
