<results>
      <span
           id="mainId"
          >
        
        <table
             border="0"
             cellpadding="0"
             cellspacing="0"
             width="100%"
            >
          
          <tr
              >
            
            <td
                 nowrap="nowrap"
                 valign="top"
                >
              
              <table
                   border="0"
                   cellpadding="0"
                   cellspacing="2"
                   width="1%"
                  >
                
                <tr
                    >
                  
                  <td
                       class="af_panelPage_branding"
                       nowrap="nowrap"
                       width="1%"
                      >
                    
                    <img
                         src="uri-attr:encoded-resource-url:/test-context-path/foo/foo.gif"
                        >
                      
                    </img>
                  </td>
                  <td
                       nowrap="nowrap"
                      >
                    
                    <img
                         src="uri-attr:encoded-resource-url:/test-context-path/foo/bar.gif"
                        >
                      
                    </img>
                  </td>
                </tr>
                <tr
                    >
                  
                  <td
                       colspan="2"
                       height="17"
                       nowrap="nowrap"
                       valign="top"
                      >
                    
                  </td>
                </tr>
              </table>
            </td>
          </tr>
          <tr
              >
            
            <td
                 width="100%"
                >
              
              <table
                   border="0"
                   cellpadding="0"
                   cellspacing="0"
                   style="margin-bottom:3px;"
                   width="100%"
                  >
                
                <tr
                    >
                  
                  <td
                       width="4"
                      >
                    
                    <img
                         height="1"
                         width="4"
                         src="uri-attr:encoded-resource-url:/test-context-path/adf/images/t.gif"
                        >
                      
                    </img>
                  </td>
                  <td
                       class="p_OraQuickSearchBox"
                       colspan="3"
                       width="100%"
                      >
                    the search facet
                  </td>
                  <td
                       width="4"
                      >
                    
                    <img
                         height="1"
                         width="4"
                         src="uri-attr:encoded-resource-url:/test-context-path/adf/images/t.gif"
                        >
                      
                    </img>
                  </td>
                </tr>
              </table>
            </td>
          </tr>
        </table>
      </span>
<!--AttributeTest[chromeType,compact]-->

      <span
           id="mainId"
          >
        
        <table
             border="0"
             cellpadding="0"
             cellspacing="0"
             width="100%"
            >
          
          <tr
              >
            
            <td
                 nowrap="nowrap"
                 valign="top"
                >
              
              <table
                   border="0"
                   cellpadding="0"
                   cellspacing="2"
                   width="1%"
                  >
                
                <tr
                    >
                  
                  <td
                       class="af_panelPage_branding"
                       nowrap="nowrap"
                       width="1%"
                      >
                    
                    <img
                         src="uri-attr:encoded-resource-url:/test-context-path/foo/foo.gif"
                        >
                      
                    </img>
                  </td>
                  <td
                       nowrap="nowrap"
                      >
                    
                    <img
                         src="uri-attr:encoded-resource-url:/test-context-path/foo/bar.gif"
                        >
                      
                    </img>
                  </td>
                </tr>
                <tr
                    >
                  
                  <td
                       colspan="2"
                       height="17"
                       nowrap="nowrap"
                       valign="top"
                      >
                    
                  </td>
                </tr>
              </table>
            </td>
          </tr>
          <tr
              >
            
            <td
                 width="100%"
                >
              
              <table
                   border="0"
                   cellpadding="0"
                   cellspacing="0"
                   style="margin-bottom:3px;"
                   width="100%"
                  >
                
                <tr
                    >
                  
                  <td
                       width="4"
                      >
                    
                    <img
                         height="1"
                         width="4"
                         src="uri-attr:encoded-resource-url:/test-context-path/adf/images/t.gif"
                        >
                      
                    </img>
                  </td>
                  <td
                       class="p_OraQuickSearchBox"
                       colspan="3"
                       width="100%"
                      >
                    the search facet
                  </td>
                  <td
                       width="4"
                      >
                    
                    <img
                         height="1"
                         width="4"
                         src="uri-attr:encoded-resource-url:/test-context-path/adf/images/t.gif"
                        >
                      
                    </img>
                  </td>
                </tr>
              </table>
            </td>
          </tr>
        </table>
      </span>
<!--AttributeTest[chromeType,expanded]-->

      <span
           id="mainId"
          >
        
        <table
             border="0"
             cellpadding="0"
             cellspacing="0"
             width="100%"
            >
          
          <tr
              >
            
            <td
                 nowrap="nowrap"
                 valign="top"
                >
              
              <table
                   border="0"
                   cellpadding="0"
                   cellspacing="2"
                   width="1%"
                  >
                
                <tr
                    >
                  
                  <td
                       class="af_panelPage_branding"
                       nowrap="nowrap"
                      >
                    
                    <img
                         src="uri-attr:encoded-resource-url:/test-context-path/foo/foo.gif"
                        >
                      
                    </img>
                  </td>
                </tr>
                <tr
                    >
                  
                  <td
                       nowrap="nowrap"
                       valign="top"
                      >
                    
                    <img
                         src="uri-attr:encoded-resource-url:/test-context-path/foo/bar.gif"
                        >
                      
                    </img>
                  </td>
                </tr>
              </table>
            </td>
          </tr>
          <tr
              >
            
            <td
                 width="100%"
                >
              
              <table
                   border="0"
                   cellpadding="0"
                   cellspacing="0"
                   style="margin-bottom:3px;"
                   width="100%"
                  >
                
                <tr
                    >
                  
                  <td
                       width="4"
                      >
                    
                    <img
                         height="1"
                         width="4"
                         src="uri-attr:encoded-resource-url:/test-context-path/adf/images/t.gif"
                        >
                      
                    </img>
                  </td>
                  <td
                       class="p_OraQuickSearchBox"
                       colspan="3"
                       width="100%"
                      >
                    the search facet
                  </td>
                  <td
                       width="4"
                      >
                    
                    <img
                         height="1"
                         width="4"
                         src="uri-attr:encoded-resource-url:/test-context-path/adf/images/t.gif"
                        >
                      
                    </img>
                  </td>
                </tr>
              </table>
            </td>
          </tr>
        </table>
      </span>
</results>
