<results>
      <div
           class="af_panelAccordion"
           id="mainId"
          >
        
        <div
             class="af_panelAccordion_header-expanded"
            >
          
          <a
               class="af_panelAccordion_title-link"
               name="_idXXX"
              >
            
            <span
                 class="p_OraHideShowDisclosedSymbol"
                 title="Shown information"
                >
              [-]
            </span>1
          </a>
        </div>
        <table
             cellPadding="0"
             cellSpacing="0"
             class="af_panelAccordion_content"
             summary=""
            >
          
          <tr
              >
            
            <td
                >
              
            </td>
          </tr>
        </table>
        <div
             class="af_panelAccordion_header-collapsed"
            >
          
          <a
               class="af_panelAccordion_title-link"
               href="#"
               name="_idXXX"
               onclick="submitForm('formId',1, {event:'show',source:'mainId',targetItem:'j_idXXX'});return false;"
              >
            
            <span
                 class="p_OraHideShowDisclosedSymbol"
                 title="Select to show information"
                >
              [+]
            </span>2
          </a>
        </div>
        <div
             class="af_panelAccordion_header-collapsed"
            >
          
          <a
               class="af_panelAccordion_title-link"
               href="#"
               name="_idXXX"
               onclick="submitForm('formId',1, {event:'show',source:'mainId',targetItem:'j_idXXX'});return false;"
              >
            
            <span
                 class="p_OraHideShowDisclosedSymbol"
                 title="Select to show information"
                >
              [+]
            </span>3
          </a>
        </div>
      </div>
<!--AttributeTest[onclick,null]-->

      <div
           class="af_panelAccordion"
           id="mainId"
           onclick="test-onclick"
          >
        
        <div
             class="af_panelAccordion_header-expanded"
            >
          
          <a
               class="af_panelAccordion_title-link"
               name="_idXXX"
              >
            
            <span
                 class="p_OraHideShowDisclosedSymbol"
                 title="Shown information"
                >
              [-]
            </span>1
          </a>
        </div>
        <table
             cellPadding="0"
             cellSpacing="0"
             class="af_panelAccordion_content"
             summary=""
            >
          
          <tr
              >
            
            <td
                >
              
            </td>
          </tr>
        </table>
        <div
             class="af_panelAccordion_header-collapsed"
            >
          
          <a
               class="af_panelAccordion_title-link"
               href="#"
               name="_idXXX"
               onclick="submitForm('formId',1, {event:'show',source:'mainId',targetItem:'j_idXXX'});return false;"
              >
            
            <span
                 class="p_OraHideShowDisclosedSymbol"
                 title="Select to show information"
                >
              [+]
            </span>2
          </a>
        </div>
        <div
             class="af_panelAccordion_header-collapsed"
            >
          
          <a
               class="af_panelAccordion_title-link"
               href="#"
               name="_idXXX"
               onclick="submitForm('formId',1, {event:'show',source:'mainId',targetItem:'j_idXXX'});return false;"
              >
            
            <span
                 class="p_OraHideShowDisclosedSymbol"
                 title="Select to show information"
                >
              [+]
            </span>3
          </a>
        </div>
      </div>
<!--AttributeTest[ondblclick,null]-->

      <div
           class="af_panelAccordion"
           id="mainId"
           ondblclick="test-ondblclick"
          >
        
        <div
             class="af_panelAccordion_header-expanded"
            >
          
          <a
               class="af_panelAccordion_title-link"
               name="_idXXX"
              >
            
            <span
                 class="p_OraHideShowDisclosedSymbol"
                 title="Shown information"
                >
              [-]
            </span>1
          </a>
        </div>
        <table
             cellPadding="0"
             cellSpacing="0"
             class="af_panelAccordion_content"
             summary=""
            >
          
          <tr
              >
            
            <td
                >
              
            </td>
          </tr>
        </table>
        <div
             class="af_panelAccordion_header-collapsed"
            >
          
          <a
               class="af_panelAccordion_title-link"
               href="#"
               name="_idXXX"
               onclick="submitForm('formId',1, {event:'show',source:'mainId',targetItem:'j_idXXX'});return false;"
              >
            
            <span
                 class="p_OraHideShowDisclosedSymbol"
                 title="Select to show information"
                >
              [+]
            </span>2
          </a>
        </div>
        <div
             class="af_panelAccordion_header-collapsed"
            >
          
          <a
               class="af_panelAccordion_title-link"
               href="#"
               name="_idXXX"
               onclick="submitForm('formId',1, {event:'show',source:'mainId',targetItem:'j_idXXX'});return false;"
              >
            
            <span
                 class="p_OraHideShowDisclosedSymbol"
                 title="Select to show information"
                >
              [+]
            </span>3
          </a>
        </div>
      </div>
<!--AttributeTest[onkeydown,null]-->

      <div
           class="af_panelAccordion"
           id="mainId"
           onkeydown="test-onkeydown"
          >
        
        <div
             class="af_panelAccordion_header-expanded"
            >
          
          <a
               class="af_panelAccordion_title-link"
               name="_idXXX"
              >
            
            <span
                 class="p_OraHideShowDisclosedSymbol"
                 title="Shown information"
                >
              [-]
            </span>1
          </a>
        </div>
        <table
             cellPadding="0"
             cellSpacing="0"
             class="af_panelAccordion_content"
             summary=""
            >
          
          <tr
              >
            
            <td
                >
              
            </td>
          </tr>
        </table>
        <div
             class="af_panelAccordion_header-collapsed"
            >
          
          <a
               class="af_panelAccordion_title-link"
               href="#"
               name="_idXXX"
               onclick="submitForm('formId',1, {event:'show',source:'mainId',targetItem:'j_idXXX'});return false;"
              >
            
            <span
                 class="p_OraHideShowDisclosedSymbol"
                 title="Select to show information"
                >
              [+]
            </span>2
          </a>
        </div>
        <div
             class="af_panelAccordion_header-collapsed"
            >
          
          <a
               class="af_panelAccordion_title-link"
               href="#"
               name="_idXXX"
               onclick="submitForm('formId',1, {event:'show',source:'mainId',targetItem:'j_idXXX'});return false;"
              >
            
            <span
                 class="p_OraHideShowDisclosedSymbol"
                 title="Select to show information"
                >
              [+]
            </span>3
          </a>
        </div>
      </div>
<!--AttributeTest[onkeypress,null]-->

      <div
           class="af_panelAccordion"
           id="mainId"
           onkeypress="test-onkeypress"
          >
        
        <div
             class="af_panelAccordion_header-expanded"
            >
          
          <a
               class="af_panelAccordion_title-link"
               name="_idXXX"
              >
            
            <span
                 class="p_OraHideShowDisclosedSymbol"
                 title="Shown information"
                >
              [-]
            </span>1
          </a>
        </div>
        <table
             cellPadding="0"
             cellSpacing="0"
             class="af_panelAccordion_content"
             summary=""
            >
          
          <tr
              >
            
            <td
                >
              
            </td>
          </tr>
        </table>
        <div
             class="af_panelAccordion_header-collapsed"
            >
          
          <a
               class="af_panelAccordion_title-link"
               href="#"
               name="_idXXX"
               onclick="submitForm('formId',1, {event:'show',source:'mainId',targetItem:'j_idXXX'});return false;"
              >
            
            <span
                 class="p_OraHideShowDisclosedSymbol"
                 title="Select to show information"
                >
              [+]
            </span>2
          </a>
        </div>
        <div
             class="af_panelAccordion_header-collapsed"
            >
          
          <a
               class="af_panelAccordion_title-link"
               href="#"
               name="_idXXX"
               onclick="submitForm('formId',1, {event:'show',source:'mainId',targetItem:'j_idXXX'});return false;"
              >
            
            <span
                 class="p_OraHideShowDisclosedSymbol"
                 title="Select to show information"
                >
              [+]
            </span>3
          </a>
        </div>
      </div>
<!--AttributeTest[onkeyup,null]-->

      <div
           class="af_panelAccordion"
           id="mainId"
           onkeyup="test-onkeyup"
          >
        
        <div
             class="af_panelAccordion_header-expanded"
            >
          
          <a
               class="af_panelAccordion_title-link"
               name="_idXXX"
              >
            
            <span
                 class="p_OraHideShowDisclosedSymbol"
                 title="Shown information"
                >
              [-]
            </span>1
          </a>
        </div>
        <table
             cellPadding="0"
             cellSpacing="0"
             class="af_panelAccordion_content"
             summary=""
            >
          
          <tr
              >
            
            <td
                >
              
            </td>
          </tr>
        </table>
        <div
             class="af_panelAccordion_header-collapsed"
            >
          
          <a
               class="af_panelAccordion_title-link"
               href="#"
               name="_idXXX"
               onclick="submitForm('formId',1, {event:'show',source:'mainId',targetItem:'j_idXXX'});return false;"
              >
            
            <span
                 class="p_OraHideShowDisclosedSymbol"
                 title="Select to show information"
                >
              [+]
            </span>2
          </a>
        </div>
        <div
             class="af_panelAccordion_header-collapsed"
            >
          
          <a
               class="af_panelAccordion_title-link"
               href="#"
               name="_idXXX"
               onclick="submitForm('formId',1, {event:'show',source:'mainId',targetItem:'j_idXXX'});return false;"
              >
            
            <span
                 class="p_OraHideShowDisclosedSymbol"
                 title="Select to show information"
                >
              [+]
            </span>3
          </a>
        </div>
      </div>
<!--AttributeTest[onmousedown,null]-->

      <div
           class="af_panelAccordion"
           id="mainId"
           onmousedown="test-onmousedown"
          >
        
        <div
             class="af_panelAccordion_header-expanded"
            >
          
          <a
               class="af_panelAccordion_title-link"
               name="_idXXX"
              >
            
            <span
                 class="p_OraHideShowDisclosedSymbol"
                 title="Shown information"
                >
              [-]
            </span>1
          </a>
        </div>
        <table
             cellPadding="0"
             cellSpacing="0"
             class="af_panelAccordion_content"
             summary=""
            >
          
          <tr
              >
            
            <td
                >
              
            </td>
          </tr>
        </table>
        <div
             class="af_panelAccordion_header-collapsed"
            >
          
          <a
               class="af_panelAccordion_title-link"
               href="#"
               name="_idXXX"
               onclick="submitForm('formId',1, {event:'show',source:'mainId',targetItem:'j_idXXX'});return false;"
              >
            
            <span
                 class="p_OraHideShowDisclosedSymbol"
                 title="Select to show information"
                >
              [+]
            </span>2
          </a>
        </div>
        <div
             class="af_panelAccordion_header-collapsed"
            >
          
          <a
               class="af_panelAccordion_title-link"
               href="#"
               name="_idXXX"
               onclick="submitForm('formId',1, {event:'show',source:'mainId',targetItem:'j_idXXX'});return false;"
              >
            
            <span
                 class="p_OraHideShowDisclosedSymbol"
                 title="Select to show information"
                >
              [+]
            </span>3
          </a>
        </div>
      </div>
<!--AttributeTest[onmousemove,null]-->

      <div
           class="af_panelAccordion"
           id="mainId"
           onmousemove="test-onmousemove"
          >
        
        <div
             class="af_panelAccordion_header-expanded"
            >
          
          <a
               class="af_panelAccordion_title-link"
               name="_idXXX"
              >
            
            <span
                 class="p_OraHideShowDisclosedSymbol"
                 title="Shown information"
                >
              [-]
            </span>1
          </a>
        </div>
        <table
             cellPadding="0"
             cellSpacing="0"
             class="af_panelAccordion_content"
             summary=""
            >
          
          <tr
              >
            
            <td
                >
              
            </td>
          </tr>
        </table>
        <div
             class="af_panelAccordion_header-collapsed"
            >
          
          <a
               class="af_panelAccordion_title-link"
               href="#"
               name="_idXXX"
               onclick="submitForm('formId',1, {event:'show',source:'mainId',targetItem:'j_idXXX'});return false;"
              >
            
            <span
                 class="p_OraHideShowDisclosedSymbol"
                 title="Select to show information"
                >
              [+]
            </span>2
          </a>
        </div>
        <div
             class="af_panelAccordion_header-collapsed"
            >
          
          <a
               class="af_panelAccordion_title-link"
               href="#"
               name="_idXXX"
               onclick="submitForm('formId',1, {event:'show',source:'mainId',targetItem:'j_idXXX'});return false;"
              >
            
            <span
                 class="p_OraHideShowDisclosedSymbol"
                 title="Select to show information"
                >
              [+]
            </span>3
          </a>
        </div>
      </div>
<!--AttributeTest[onmouseout,null]-->

      <div
           class="af_panelAccordion"
           id="mainId"
           onmouseout="test-onmouseout"
          >
        
        <div
             class="af_panelAccordion_header-expanded"
            >
          
          <a
               class="af_panelAccordion_title-link"
               name="_idXXX"
              >
            
            <span
                 class="p_OraHideShowDisclosedSymbol"
                 title="Shown information"
                >
              [-]
            </span>1
          </a>
        </div>
        <table
             cellPadding="0"
             cellSpacing="0"
             class="af_panelAccordion_content"
             summary=""
            >
          
          <tr
              >
            
            <td
                >
              
            </td>
          </tr>
        </table>
        <div
             class="af_panelAccordion_header-collapsed"
            >
          
          <a
               class="af_panelAccordion_title-link"
               href="#"
               name="_idXXX"
               onclick="submitForm('formId',1, {event:'show',source:'mainId',targetItem:'j_idXXX'});return false;"
              >
            
            <span
                 class="p_OraHideShowDisclosedSymbol"
                 title="Select to show information"
                >
              [+]
            </span>2
          </a>
        </div>
        <div
             class="af_panelAccordion_header-collapsed"
            >
          
          <a
               class="af_panelAccordion_title-link"
               href="#"
               name="_idXXX"
               onclick="submitForm('formId',1, {event:'show',source:'mainId',targetItem:'j_idXXX'});return false;"
              >
            
            <span
                 class="p_OraHideShowDisclosedSymbol"
                 title="Select to show information"
                >
              [+]
            </span>3
          </a>
        </div>
      </div>
<!--AttributeTest[onmouseover,null]-->

      <div
           class="af_panelAccordion"
           id="mainId"
           onmouseover="test-onmouseover"
          >
        
        <div
             class="af_panelAccordion_header-expanded"
            >
          
          <a
               class="af_panelAccordion_title-link"
               name="_idXXX"
              >
            
            <span
                 class="p_OraHideShowDisclosedSymbol"
                 title="Shown information"
                >
              [-]
            </span>1
          </a>
        </div>
        <table
             cellPadding="0"
             cellSpacing="0"
             class="af_panelAccordion_content"
             summary=""
            >
          
          <tr
              >
            
            <td
                >
              
            </td>
          </tr>
        </table>
        <div
             class="af_panelAccordion_header-collapsed"
            >
          
          <a
               class="af_panelAccordion_title-link"
               href="#"
               name="_idXXX"
               onclick="submitForm('formId',1, {event:'show',source:'mainId',targetItem:'j_idXXX'});return false;"
              >
            
            <span
                 class="p_OraHideShowDisclosedSymbol"
                 title="Select to show information"
                >
              [+]
            </span>2
          </a>
        </div>
        <div
             class="af_panelAccordion_header-collapsed"
            >
          
          <a
               class="af_panelAccordion_title-link"
               href="#"
               name="_idXXX"
               onclick="submitForm('formId',1, {event:'show',source:'mainId',targetItem:'j_idXXX'});return false;"
              >
            
            <span
                 class="p_OraHideShowDisclosedSymbol"
                 title="Select to show information"
                >
              [+]
            </span>3
          </a>
        </div>
      </div>
<!--AttributeTest[onmouseup,null]-->

      <div
           class="af_panelAccordion"
           id="mainId"
           onmouseup="test-onmouseup"
          >
        
        <div
             class="af_panelAccordion_header-expanded"
            >
          
          <a
               class="af_panelAccordion_title-link"
               name="_idXXX"
              >
            
            <span
                 class="p_OraHideShowDisclosedSymbol"
                 title="Shown information"
                >
              [-]
            </span>1
          </a>
        </div>
        <table
             cellPadding="0"
             cellSpacing="0"
             class="af_panelAccordion_content"
             summary=""
            >
          
          <tr
              >
            
            <td
                >
              
            </td>
          </tr>
        </table>
        <div
             class="af_panelAccordion_header-collapsed"
            >
          
          <a
               class="af_panelAccordion_title-link"
               href="#"
               name="_idXXX"
               onclick="submitForm('formId',1, {event:'show',source:'mainId',targetItem:'j_idXXX'});return false;"
              >
            
            <span
                 class="p_OraHideShowDisclosedSymbol"
                 title="Select to show information"
                >
              [+]
            </span>2
          </a>
        </div>
        <div
             class="af_panelAccordion_header-collapsed"
            >
          
          <a
               class="af_panelAccordion_title-link"
               href="#"
               name="_idXXX"
               onclick="submitForm('formId',1, {event:'show',source:'mainId',targetItem:'j_idXXX'});return false;"
              >
            
            <span
                 class="p_OraHideShowDisclosedSymbol"
                 title="Select to show information"
                >
              [+]
            </span>3
          </a>
        </div>
      </div>
<!--AttributeTest[id,null]-->

      <div
           class="af_panelAccordion"
           id="test-id"
          >
        
        <div
             class="af_panelAccordion_header-expanded"
            >
          
          <a
               class="af_panelAccordion_title-link"
               name="_idXXX"
              >
            
            <span
                 class="p_OraHideShowDisclosedSymbol"
                 title="Shown information"
                >
              [-]
            </span>1
          </a>
        </div>
        <table
             cellPadding="0"
             cellSpacing="0"
             class="af_panelAccordion_content"
             summary=""
            >
          
          <tr
              >
            
            <td
                >
              
            </td>
          </tr>
        </table>
        <div
             class="af_panelAccordion_header-collapsed"
            >
          
          <a
               class="af_panelAccordion_title-link"
               href="#"
               name="_idXXX"
               onclick="submitForm('formId',1, {event:'show',source:'test-id',targetItem:'j_idXXX'});return false;"
              >
            
            <span
                 class="p_OraHideShowDisclosedSymbol"
                 title="Select to show information"
                >
              [+]
            </span>2
          </a>
        </div>
        <div
             class="af_panelAccordion_header-collapsed"
            >
          
          <a
               class="af_panelAccordion_title-link"
               href="#"
               name="_idXXX"
               onclick="submitForm('formId',1, {event:'show',source:'test-id',targetItem:'j_idXXX'});return false;"
              >
            
            <span
                 class="p_OraHideShowDisclosedSymbol"
                 title="Select to show information"
                >
              [+]
            </span>3
          </a>
        </div>
      </div>
<!--AttributeTest[shortDesc,null]-->

      <div
           class="af_panelAccordion"
           id="mainId"
           title="test-shortDesc"
          >
        
        <div
             class="af_panelAccordion_header-expanded"
            >
          
          <a
               class="af_panelAccordion_title-link"
               name="_idXXX"
              >
            
            <span
                 class="p_OraHideShowDisclosedSymbol"
                 title="Shown information"
                >
              [-]
            </span>1
          </a>
        </div>
        <table
             cellPadding="0"
             cellSpacing="0"
             class="af_panelAccordion_content"
             summary=""
            >
          
          <tr
              >
            
            <td
                >
              
            </td>
          </tr>
        </table>
        <div
             class="af_panelAccordion_header-collapsed"
            >
          
          <a
               class="af_panelAccordion_title-link"
               href="#"
               name="_idXXX"
               onclick="submitForm('formId',1, {event:'show',source:'mainId',targetItem:'j_idXXX'});return false;"
              >
            
            <span
                 class="p_OraHideShowDisclosedSymbol"
                 title="Select to show information"
                >
              [+]
            </span>2
          </a>
        </div>
        <div
             class="af_panelAccordion_header-collapsed"
            >
          
          <a
               class="af_panelAccordion_title-link"
               href="#"
               name="_idXXX"
               onclick="submitForm('formId',1, {event:'show',source:'mainId',targetItem:'j_idXXX'});return false;"
              >
            
            <span
                 class="p_OraHideShowDisclosedSymbol"
                 title="Select to show information"
                >
              [+]
            </span>3
          </a>
        </div>
      </div>
<!--AttributeTest[styleClass,myStyleClass]-->

      <div
           class="myStyleClass af_panelAccordion"
           id="mainId"
          >
        
        <div
             class="af_panelAccordion_header-expanded"
            >
          
          <a
               class="af_panelAccordion_title-link"
               name="_idXXX"
              >
            
            <span
                 class="p_OraHideShowDisclosedSymbol"
                 title="Shown information"
                >
              [-]
            </span>1
          </a>
        </div>
        <table
             cellPadding="0"
             cellSpacing="0"
             class="af_panelAccordion_content"
             summary=""
            >
          
          <tr
              >
            
            <td
                >
              
            </td>
          </tr>
        </table>
        <div
             class="af_panelAccordion_header-collapsed"
            >
          
          <a
               class="af_panelAccordion_title-link"
               href="#"
               name="_idXXX"
               onclick="submitForm('formId',1, {event:'show',source:'mainId',targetItem:'j_idXXX'});return false;"
              >
            
            <span
                 class="p_OraHideShowDisclosedSymbol"
                 title="Select to show information"
                >
              [+]
            </span>2
          </a>
        </div>
        <div
             class="af_panelAccordion_header-collapsed"
            >
          
          <a
               class="af_panelAccordion_title-link"
               href="#"
               name="_idXXX"
               onclick="submitForm('formId',1, {event:'show',source:'mainId',targetItem:'j_idXXX'});return false;"
              >
            
            <span
                 class="p_OraHideShowDisclosedSymbol"
                 title="Select to show information"
                >
              [+]
            </span>3
          </a>
        </div>
      </div>
<!--AttributeTest[inlineStyle,background-color:red;border:5px;]-->

      <div
           class="af_panelAccordion"
           id="mainId"
           style="background-color:red;border:5px;"
          >
        
        <div
             class="af_panelAccordion_header-expanded"
            >
          
          <a
               class="af_panelAccordion_title-link"
               name="_idXXX"
              >
            
            <span
                 class="p_OraHideShowDisclosedSymbol"
                 title="Shown information"
                >
              [-]
            </span>1
          </a>
        </div>
        <table
             cellPadding="0"
             cellSpacing="0"
             class="af_panelAccordion_content"
             summary=""
            >
          
          <tr
              >
            
            <td
                >
              
            </td>
          </tr>
        </table>
        <div
             class="af_panelAccordion_header-collapsed"
            >
          
          <a
               class="af_panelAccordion_title-link"
               href="#"
               name="_idXXX"
               onclick="submitForm('formId',1, {event:'show',source:'mainId',targetItem:'j_idXXX'});return false;"
              >
            
            <span
                 class="p_OraHideShowDisclosedSymbol"
                 title="Select to show information"
                >
              [+]
            </span>2
          </a>
        </div>
        <div
             class="af_panelAccordion_header-collapsed"
            >
          
          <a
               class="af_panelAccordion_title-link"
               href="#"
               name="_idXXX"
               onclick="submitForm('formId',1, {event:'show',source:'mainId',targetItem:'j_idXXX'});return false;"
              >
            
            <span
                 class="p_OraHideShowDisclosedSymbol"
                 title="Select to show information"
                >
              [+]
            </span>3
          </a>
        </div>
      </div>
</results>
