<results>
      <span
           id="mainId"
          >
        123
      </span>
<!--AttributeTest[onclick,null]-->

      <span
           id="mainId"
           onclick="test-onclick"
          >
        123
      </span>
<!--AttributeTest[layout,horizontal]-->

      <table
           border="0"
           cellpadding="0"
           cellspacing="0"
           id="mainId"
           summary=""
          >
        
        <tr
            >
          
          <td
              >
            1
          </td>
          <td
              >
            2
          </td>
          <td
              >
            3
          </td>
        </tr>
      </table>
<!--AttributeTest[layout,default]-->

      <span
           id="mainId"
          >
        123
      </span>
<!--AttributeTest[layout,vertical]-->

      <span
           id="mainId"
          >
        1
        <div
            >
          
        </div>2
        <div
            >
          
        </div>3
      </span>
</results>
