<results>
      <table
           border="0"
           cellpadding="0"
           cellspacing="0"
           id="mainId"
           summary=""
          >
        
        <tr
            >
          
          <td
               nowrap="nowrap"
              >
            
            <select
                 class="OraFieldText"
                 onchange="_navChoiceSubmit(this, 'formId','goto','mainId',0)"
                >
              
              <option
                   selected="selected"
                   value="0,1"
                  >
                First
              </option>
            </select>
          </td>
          <td
              >
            
            <img
                 alt=""
                 height="1"
                 src="/adf/images/t.gif"
                 width="5"
                >
              
            </img>
          </td>
          <td
              >
            
            <a
                 accesskey="x"
                 onclick="_navSubmit('formId', 'goto', 'mainId',0,'1', '1',null);return false"
                 href="uri-attr:encoded-action-url:#"
                >
              
              <img
                   align="middle"
                   alt="Next"
                   border="0"
                   height="18"
                   src="/adf/images/cache/GENERATED_IMAGE.gif"
                   title="Next"
                   width="37"
                  >
                
              </img>
            </a>
          </td>
        </tr>
      </table>
</results>
