<results>
      <table
           border="0"
           cellpadding="0"
           cellspacing="0"
           id="mainId__xc_"
           summary=""
          >
        
        <tr
            >
          
          <td
               nowrap="nowrap"
              >
            
            <select
                 class="AFFieldText"
                 id="mainId"
                 name="mainId"
                 onchange="_commandChoice('formId','mainId');return false;"
                >
              
              <option
                   selected="selected"
                   value="mainId:0:j_idXXX[1]"
                  >
                First
              </option>
              <option
                   value="mainId:1:j_idXXX[1]"
                  >
                Second
              </option>
              <option
                   value="mainId:2:j_idXXX[1]"
                  >
                Third
              </option>
            </select>
          </td>
          <td
              >
            
            <script
                >
              t(5,1)
            </script>
          </td>
          <td
              >
            
            <button
                 accesskey="x"
                 class="OraLink"
                 onclick="_navSubmit('formId', 'goto', 'mainId',1,'1', '1',null);return false"
                 type="button"
                >
              Ne
              <span
                   class="AFAccessKeyStyle"
                  >
                x
              </span>t
            </button>
          </td>
        </tr>
      </table>
<!--AttributeTest[id,myid]-->

      <table
           border="0"
           cellpadding="0"
           cellspacing="0"
           id="myid__xc_"
           summary=""
          >
        
        <tr
            >
          
          <td
               nowrap="nowrap"
              >
            
            <select
                 class="AFFieldText"
                 id="myid"
                 name="myid"
                 onchange="_commandChoice('formId','myid');return false;"
                >
              
              <option
                   selected="selected"
                   value="myid:0:j_idXXX[1]"
                  >
                First
              </option>
              <option
                   value="myid:1:j_idXXX[1]"
                  >
                Second
              </option>
              <option
                   value="myid:2:j_idXXX[1]"
                  >
                Third
              </option>
            </select>
          </td>
          <td
              >
            
            <script
                >
              t(5,1)
            </script>
          </td>
          <td
              >
            
            <button
                 accesskey="x"
                 class="OraLink"
                 onclick="_navSubmit('formId', 'goto', 'myid',1,'1', '1',null);return false"
                 type="button"
                >
              Ne
              <span
                   class="AFAccessKeyStyle"
                  >
                x
              </span>t
            </button>
          </td>
        </tr>
      </table>
<!--AttributeTest[shortDesc,my short desc]-->

      <table
           border="0"
           cellpadding="0"
           cellspacing="0"
           id="mainId__xc_"
           summary=""
          >
        
        <tr
            >
          
          <td
               nowrap="nowrap"
              >
            
            <select
                 class="AFFieldText"
                 id="mainId"
                 name="mainId"
                 onchange="_commandChoice('formId','mainId');return false;"
                 title="my short desc"
                >
              
              <option
                   selected="selected"
                   value="mainId:0:j_idXXX[1]"
                  >
                First
              </option>
              <option
                   value="mainId:1:j_idXXX[1]"
                  >
                Second
              </option>
              <option
                   value="mainId:2:j_idXXX[1]"
                  >
                Third
              </option>
            </select>
            <label
                 class="p_OraHiddenLabel"
                 for="mainId"
                >
              my short desc
            </label>
          </td>
          <td
              >
            
            <script
                >
              t(5,1)
            </script>
          </td>
          <td
              >
            
            <button
                 accesskey="x"
                 class="OraLink"
                 onclick="_navSubmit('formId', 'goto', 'mainId',1,'1', '1',null);return false"
                 type="button"
                >
              Ne
              <span
                   class="AFAccessKeyStyle"
                  >
                x
              </span>t
            </button>
          </td>
        </tr>
      </table>
<!--AttributeTest[styleClass,mystyle]-->

      <table
           border="0"
           cellpadding="0"
           cellspacing="0"
           id="mainId__xc_"
           summary=""
          >
        
        <tr
            >
          
          <td
               nowrap="nowrap"
              >
            
            <select
                 class="mystyle"
                 id="mainId"
                 name="mainId"
                 onchange="_commandChoice('formId','mainId');return false;"
                >
              
              <option
                   selected="selected"
                   value="mainId:0:j_idXXX[1]"
                  >
                First
              </option>
              <option
                   value="mainId:1:j_idXXX[1]"
                  >
                Second
              </option>
              <option
                   value="mainId:2:j_idXXX[1]"
                  >
                Third
              </option>
            </select>
          </td>
          <td
              >
            
            <script
                >
              t(5,1)
            </script>
          </td>
          <td
              >
            
            <button
                 accesskey="x"
                 class="OraLink"
                 onclick="_navSubmit('formId', 'goto', 'mainId',1,'1', '1',null);return false"
                 type="button"
                >
              Ne
              <span
                   class="AFAccessKeyStyle"
                  >
                x
              </span>t
            </button>
          </td>
        </tr>
      </table>
<!--AttributeTest[onclick,null]-->

      <table
           border="0"
           cellpadding="0"
           cellspacing="0"
           id="mainId__xc_"
           summary=""
          >
        
        <tr
            >
          
          <td
               nowrap="nowrap"
              >
            
            <select
                 class="AFFieldText"
                 id="mainId"
                 name="mainId"
                 onchange="_commandChoice('formId','mainId');return false;"
                 onclick="test-onclick"
                >
              
              <option
                   selected="selected"
                   value="mainId:0:j_idXXX[1]"
                  >
                First
              </option>
              <option
                   value="mainId:1:j_idXXX[1]"
                  >
                Second
              </option>
              <option
                   value="mainId:2:j_idXXX[1]"
                  >
                Third
              </option>
            </select>
          </td>
          <td
              >
            
            <script
                >
              t(5,1)
            </script>
          </td>
          <td
              >
            
            <button
                 accesskey="x"
                 class="OraLink"
                 onclick="_navSubmit('formId', 'goto', 'mainId',1,'1', '1',null);return false"
                 type="button"
                >
              Ne
              <span
                   class="AFAccessKeyStyle"
                  >
                x
              </span>t
            </button>
          </td>
        </tr>
      </table>
<!--AttributeTest[ondblclick,null]-->

      <table
           border="0"
           cellpadding="0"
           cellspacing="0"
           id="mainId__xc_"
           summary=""
          >
        
        <tr
            >
          
          <td
               nowrap="nowrap"
              >
            
            <select
                 class="AFFieldText"
                 id="mainId"
                 name="mainId"
                 onchange="_commandChoice('formId','mainId');return false;"
                 ondblclick="test-ondblclick"
                >
              
              <option
                   selected="selected"
                   value="mainId:0:j_idXXX[1]"
                  >
                First
              </option>
              <option
                   value="mainId:1:j_idXXX[1]"
                  >
                Second
              </option>
              <option
                   value="mainId:2:j_idXXX[1]"
                  >
                Third
              </option>
            </select>
          </td>
          <td
              >
            
            <script
                >
              t(5,1)
            </script>
          </td>
          <td
              >
            
            <button
                 accesskey="x"
                 class="OraLink"
                 onclick="_navSubmit('formId', 'goto', 'mainId',1,'1', '1',null);return false"
                 type="button"
                >
              Ne
              <span
                   class="AFAccessKeyStyle"
                  >
                x
              </span>t
            </button>
          </td>
        </tr>
      </table>
<!--AttributeTest[onkeydown,null]-->

      <table
           border="0"
           cellpadding="0"
           cellspacing="0"
           id="mainId__xc_"
           summary=""
          >
        
        <tr
            >
          
          <td
               nowrap="nowrap"
              >
            
            <select
                 class="AFFieldText"
                 id="mainId"
                 name="mainId"
                 onchange="_commandChoice('formId','mainId');return false;"
                 onkeydown="test-onkeydown"
                >
              
              <option
                   selected="selected"
                   value="mainId:0:j_idXXX[1]"
                  >
                First
              </option>
              <option
                   value="mainId:1:j_idXXX[1]"
                  >
                Second
              </option>
              <option
                   value="mainId:2:j_idXXX[1]"
                  >
                Third
              </option>
            </select>
          </td>
          <td
              >
            
            <script
                >
              t(5,1)
            </script>
          </td>
          <td
              >
            
            <button
                 accesskey="x"
                 class="OraLink"
                 onclick="_navSubmit('formId', 'goto', 'mainId',1,'1', '1',null);return false"
                 type="button"
                >
              Ne
              <span
                   class="AFAccessKeyStyle"
                  >
                x
              </span>t
            </button>
          </td>
        </tr>
      </table>
<!--AttributeTest[onkeypress,null]-->

      <table
           border="0"
           cellpadding="0"
           cellspacing="0"
           id="mainId__xc_"
           summary=""
          >
        
        <tr
            >
          
          <td
               nowrap="nowrap"
              >
            
            <select
                 class="AFFieldText"
                 id="mainId"
                 name="mainId"
                 onchange="_commandChoice('formId','mainId');return false;"
                 onkeypress="test-onkeypress"
                >
              
              <option
                   selected="selected"
                   value="mainId:0:j_idXXX[1]"
                  >
                First
              </option>
              <option
                   value="mainId:1:j_idXXX[1]"
                  >
                Second
              </option>
              <option
                   value="mainId:2:j_idXXX[1]"
                  >
                Third
              </option>
            </select>
          </td>
          <td
              >
            
            <script
                >
              t(5,1)
            </script>
          </td>
          <td
              >
            
            <button
                 accesskey="x"
                 class="OraLink"
                 onclick="_navSubmit('formId', 'goto', 'mainId',1,'1', '1',null);return false"
                 type="button"
                >
              Ne
              <span
                   class="AFAccessKeyStyle"
                  >
                x
              </span>t
            </button>
          </td>
        </tr>
      </table>
<!--AttributeTest[onkeyup,null]-->

      <table
           border="0"
           cellpadding="0"
           cellspacing="0"
           id="mainId__xc_"
           summary=""
          >
        
        <tr
            >
          
          <td
               nowrap="nowrap"
              >
            
            <select
                 class="AFFieldText"
                 id="mainId"
                 name="mainId"
                 onchange="_commandChoice('formId','mainId');return false;"
                 onkeyup="test-onkeyup"
                >
              
              <option
                   selected="selected"
                   value="mainId:0:j_idXXX[1]"
                  >
                First
              </option>
              <option
                   value="mainId:1:j_idXXX[1]"
                  >
                Second
              </option>
              <option
                   value="mainId:2:j_idXXX[1]"
                  >
                Third
              </option>
            </select>
          </td>
          <td
              >
            
            <script
                >
              t(5,1)
            </script>
          </td>
          <td
              >
            
            <button
                 accesskey="x"
                 class="OraLink"
                 onclick="_navSubmit('formId', 'goto', 'mainId',1,'1', '1',null);return false"
                 type="button"
                >
              Ne
              <span
                   class="AFAccessKeyStyle"
                  >
                x
              </span>t
            </button>
          </td>
        </tr>
      </table>
<!--AttributeTest[onmousedown,null]-->

      <table
           border="0"
           cellpadding="0"
           cellspacing="0"
           id="mainId__xc_"
           summary=""
          >
        
        <tr
            >
          
          <td
               nowrap="nowrap"
              >
            
            <select
                 class="AFFieldText"
                 id="mainId"
                 name="mainId"
                 onchange="_commandChoice('formId','mainId');return false;"
                 onmousedown="test-onmousedown"
                >
              
              <option
                   selected="selected"
                   value="mainId:0:j_idXXX[1]"
                  >
                First
              </option>
              <option
                   value="mainId:1:j_idXXX[1]"
                  >
                Second
              </option>
              <option
                   value="mainId:2:j_idXXX[1]"
                  >
                Third
              </option>
            </select>
          </td>
          <td
              >
            
            <script
                >
              t(5,1)
            </script>
          </td>
          <td
              >
            
            <button
                 accesskey="x"
                 class="OraLink"
                 onclick="_navSubmit('formId', 'goto', 'mainId',1,'1', '1',null);return false"
                 type="button"
                >
              Ne
              <span
                   class="AFAccessKeyStyle"
                  >
                x
              </span>t
            </button>
          </td>
        </tr>
      </table>
<!--AttributeTest[onmousemove,null]-->

      <table
           border="0"
           cellpadding="0"
           cellspacing="0"
           id="mainId__xc_"
           summary=""
          >
        
        <tr
            >
          
          <td
               nowrap="nowrap"
              >
            
            <select
                 class="AFFieldText"
                 id="mainId"
                 name="mainId"
                 onchange="_commandChoice('formId','mainId');return false;"
                 onmousemove="test-onmousemove"
                >
              
              <option
                   selected="selected"
                   value="mainId:0:j_idXXX[1]"
                  >
                First
              </option>
              <option
                   value="mainId:1:j_idXXX[1]"
                  >
                Second
              </option>
              <option
                   value="mainId:2:j_idXXX[1]"
                  >
                Third
              </option>
            </select>
          </td>
          <td
              >
            
            <script
                >
              t(5,1)
            </script>
          </td>
          <td
              >
            
            <button
                 accesskey="x"
                 class="OraLink"
                 onclick="_navSubmit('formId', 'goto', 'mainId',1,'1', '1',null);return false"
                 type="button"
                >
              Ne
              <span
                   class="AFAccessKeyStyle"
                  >
                x
              </span>t
            </button>
          </td>
        </tr>
      </table>
<!--AttributeTest[onmouseout,null]-->

      <table
           border="0"
           cellpadding="0"
           cellspacing="0"
           id="mainId__xc_"
           summary=""
          >
        
        <tr
            >
          
          <td
               nowrap="nowrap"
              >
            
            <select
                 class="AFFieldText"
                 id="mainId"
                 name="mainId"
                 onchange="_commandChoice('formId','mainId');return false;"
                 onmouseout="test-onmouseout"
                >
              
              <option
                   selected="selected"
                   value="mainId:0:j_idXXX[1]"
                  >
                First
              </option>
              <option
                   value="mainId:1:j_idXXX[1]"
                  >
                Second
              </option>
              <option
                   value="mainId:2:j_idXXX[1]"
                  >
                Third
              </option>
            </select>
          </td>
          <td
              >
            
            <script
                >
              t(5,1)
            </script>
          </td>
          <td
              >
            
            <button
                 accesskey="x"
                 class="OraLink"
                 onclick="_navSubmit('formId', 'goto', 'mainId',1,'1', '1',null);return false"
                 type="button"
                >
              Ne
              <span
                   class="AFAccessKeyStyle"
                  >
                x
              </span>t
            </button>
          </td>
        </tr>
      </table>
<!--AttributeTest[onmouseover,null]-->

      <table
           border="0"
           cellpadding="0"
           cellspacing="0"
           id="mainId__xc_"
           summary=""
          >
        
        <tr
            >
          
          <td
               nowrap="nowrap"
              >
            
            <select
                 class="AFFieldText"
                 id="mainId"
                 name="mainId"
                 onchange="_commandChoice('formId','mainId');return false;"
                 onmouseover="test-onmouseover"
                >
              
              <option
                   selected="selected"
                   value="mainId:0:j_idXXX[1]"
                  >
                First
              </option>
              <option
                   value="mainId:1:j_idXXX[1]"
                  >
                Second
              </option>
              <option
                   value="mainId:2:j_idXXX[1]"
                  >
                Third
              </option>
            </select>
          </td>
          <td
              >
            
            <script
                >
              t(5,1)
            </script>
          </td>
          <td
              >
            
            <button
                 accesskey="x"
                 class="OraLink"
                 onclick="_navSubmit('formId', 'goto', 'mainId',1,'1', '1',null);return false"
                 type="button"
                >
              Ne
              <span
                   class="AFAccessKeyStyle"
                  >
                x
              </span>t
            </button>
          </td>
        </tr>
      </table>
<!--AttributeTest[onmouseup,null]-->

      <table
           border="0"
           cellpadding="0"
           cellspacing="0"
           id="mainId__xc_"
           summary=""
          >
        
        <tr
            >
          
          <td
               nowrap="nowrap"
              >
            
            <select
                 class="AFFieldText"
                 id="mainId"
                 name="mainId"
                 onchange="_commandChoice('formId','mainId');return false;"
                 onmouseup="test-onmouseup"
                >
              
              <option
                   selected="selected"
                   value="mainId:0:j_idXXX[1]"
                  >
                First
              </option>
              <option
                   value="mainId:1:j_idXXX[1]"
                  >
                Second
              </option>
              <option
                   value="mainId:2:j_idXXX[1]"
                  >
                Third
              </option>
            </select>
          </td>
          <td
              >
            
            <script
                >
              t(5,1)
            </script>
          </td>
          <td
              >
            
            <button
                 accesskey="x"
                 class="OraLink"
                 onclick="_navSubmit('formId', 'goto', 'mainId',1,'1', '1',null);return false"
                 type="button"
                >
              Ne
              <span
                   class="AFAccessKeyStyle"
                  >
                x
              </span>t
            </button>
          </td>
        </tr>
      </table>
</results>
