<results>
      <input
           class="af_resetButton"
           onclick="resetForm('formId');return false;"
           type="reset"
           value="ButtonText"
           id="uri-attr:mainId"
           name="uri-attr:mainId"
          >
        
      </input>
<!--AttributeTest[onclick,null]-->

      <input
           class="af_resetButton"
           onclick="return _chain('test-onclick','resetForm(\'formId\');return false;',this,null,true)"
           type="reset"
           value="ButtonText"
           id="uri-attr:mainId"
           name="uri-attr:mainId"
          >
        
      </input>
<!--AttributeTest[ondblclick,null]-->

      <input
           class="af_resetButton"
           onclick="resetForm('formId');return false;"
           ondblclick="test-ondblclick"
           type="reset"
           value="ButtonText"
           id="uri-attr:mainId"
           name="uri-attr:mainId"
          >
        
      </input>
<!--AttributeTest[onkeydown,null]-->

      <input
           class="af_resetButton"
           onclick="resetForm('formId');return false;"
           onkeydown="test-onkeydown"
           type="reset"
           value="ButtonText"
           id="uri-attr:mainId"
           name="uri-attr:mainId"
          >
        
      </input>
<!--AttributeTest[onkeypress,null]-->

      <input
           class="af_resetButton"
           onclick="resetForm('formId');return false;"
           onkeypress="test-onkeypress"
           type="reset"
           value="ButtonText"
           id="uri-attr:mainId"
           name="uri-attr:mainId"
          >
        
      </input>
<!--AttributeTest[onkeyup,null]-->

      <input
           class="af_resetButton"
           onclick="resetForm('formId');return false;"
           onkeyup="test-onkeyup"
           type="reset"
           value="ButtonText"
           id="uri-attr:mainId"
           name="uri-attr:mainId"
          >
        
      </input>
<!--AttributeTest[onmousedown,null]-->

      <input
           class="af_resetButton"
           onclick="resetForm('formId');return false;"
           onmousedown="test-onmousedown"
           type="reset"
           value="ButtonText"
           id="uri-attr:mainId"
           name="uri-attr:mainId"
          >
        
      </input>
<!--AttributeTest[onmousemove,null]-->

      <input
           class="af_resetButton"
           onclick="resetForm('formId');return false;"
           onmousemove="test-onmousemove"
           type="reset"
           value="ButtonText"
           id="uri-attr:mainId"
           name="uri-attr:mainId"
          >
        
      </input>
<!--AttributeTest[onmouseout,null]-->

      <input
           class="af_resetButton"
           onclick="resetForm('formId');return false;"
           onmouseout="test-onmouseout"
           type="reset"
           value="ButtonText"
           id="uri-attr:mainId"
           name="uri-attr:mainId"
          >
        
      </input>
<!--AttributeTest[onmouseover,null]-->

      <input
           class="af_resetButton"
           onclick="resetForm('formId');return false;"
           onmouseover="test-onmouseover"
           type="reset"
           value="ButtonText"
           id="uri-attr:mainId"
           name="uri-attr:mainId"
          >
        
      </input>
<!--AttributeTest[onmouseup,null]-->

      <input
           class="af_resetButton"
           onclick="resetForm('formId');return false;"
           onmouseup="test-onmouseup"
           type="reset"
           value="ButtonText"
           id="uri-attr:mainId"
           name="uri-attr:mainId"
          >
        
      </input>
<!--AttributeTest[accessKey,u]-->

      <input
           class="af_resetButton"
           onclick="resetForm('formId');return false;"
           type="reset"
           value="ButtonText"
           id="uri-attr:mainId"
           name="uri-attr:mainId"
          >
        
      </input>
<!--AttributeTest[id,myid]-->

      <input
           class="af_resetButton"
           onclick="resetForm('formId');return false;"
           type="reset"
           value="ButtonText"
           id="uri-attr:myid"
           name="uri-attr:myid"
          >
        
      </input>
<!--AttributeTest[inlineStyle,background-color:red]-->

      <input
           class="af_resetButton"
           onclick="resetForm('formId');return false;"
           style="background-color:red"
           type="reset"
           value="ButtonText"
           id="uri-attr:mainId"
           name="uri-attr:mainId"
          >
        
      </input>
<!--AttributeTest[shortDesc,my button]-->

      <input
           class="af_resetButton"
           onclick="resetForm('formId');return false;"
           title="my button"
           type="reset"
           value="ButtonText"
           id="uri-attr:mainId"
           name="uri-attr:mainId"
          >
        
      </input>
<!--AttributeTest[styleClass,mystyle]-->

      <input
           class="mystyle af_resetButton"
           onclick="resetForm('formId');return false;"
           type="reset"
           value="ButtonText"
           id="uri-attr:mainId"
           name="uri-attr:mainId"
          >
        
      </input>
<!--AttributeTest[disabled,false]-->

      <input
           class="af_resetButton"
           onclick="resetForm('formId');return false;"
           type="reset"
           value="ButtonText"
           id="uri-attr:mainId"
           name="uri-attr:mainId"
          >
        
      </input>
<!--AttributeTest[disabled,true]-->

      <input
           class="af_resetButton p_AFDisabled"
           disabled="disabled"
           type="reset"
           value="ButtonText"
           id="uri-attr:mainId"
           name="uri-attr:mainId"
          >
        
      </input>
</results>
