<results>
      <table
           border="0"
           cellpadding="0"
           cellspacing="0"
           id="mainId"
           summary=""
          >
        
        <tr
            >
          
          <td
               nowrap="nowrap"
               valign="middle"
              >
            
            <span
                 class="OraNavBarInactiveLink"
                >
              Previous
            </span>
          </td>
          <td
              >
            
            <img
                 alt=""
                 height="1"
                 width="5"
                 src="uri-attr:encoded-resource-url:/test-context-path/adf/images/t.gif"
                >
              
            </img>
          </td>
          <td
               nowrap="nowrap"
               valign="middle"
              >
            
            <select
                 class="AFFieldText"
                 id="mainId__xc_c"
                 onchange="_navChoiceSubmit(this, 'formId','goto','mainId',1)"
                 onfocus="this._lastValue = this.selectedIndex"
                 title="Select record set"
                >
              
              <option
                   selected="selected"
                   value="1"
                  >
                1-20 of 10000
              </option>
              <option
                   value="21"
                  >
                21-40 of 10000
              </option>
              <option
                   value="41"
                  >
                41-60 of 10000
              </option>
              <option
                   value="61"
                  >
                61-80 of 10000
              </option>
              <option
                   value="81"
                  >
                81-100 of 10000
              </option>
              <option
                   value="101"
                  >
                101-120 of 10000
              </option>
              <option
                   value="121"
                  >
                121-140 of 10000
              </option>
              <option
                   value="141"
                  >
                141-160 of 10000
              </option>
              <option
                   value="161"
                  >
                161-180 of 10000
              </option>
              <option
                   value="181"
                  >
                181-200 of 10000
              </option>
              <option
                   value="201"
                  >
                201-220 of 10000
              </option>
              <option
                   value="221"
                  >
                221-240 of 10000
              </option>
              <option
                   value="241"
                  >
                241-260 of 10000
              </option>
              <option
                   value="261"
                  >
                261-280 of 10000
              </option>
              <option
                   value="281"
                  >
                281-300 of 10000
              </option>
              <option
                   value="301"
                  >
                301-320 of 10000
              </option>
              <option
                   value="321"
                  >
                321-340 of 10000
              </option>
              <option
                   value="341"
                  >
                341-360 of 10000
              </option>
              <option
                   value="361"
                  >
                361-380 of 10000
              </option>
              <option
                   value="381"
                  >
                381-400 of 10000
              </option>
              <option
                   value="401"
                  >
                401-420 of 10000
              </option>
              <option
                   value="421"
                  >
                421-440 of 10000
              </option>
              <option
                   value="441"
                  >
                441-460 of 10000
              </option>
              <option
                   value="461"
                  >
                461-480 of 10000
              </option>
              <option
                   value="481"
                  >
                481-500 of 10000
              </option>
              <option
                   value="501"
                  >
                501-520 of 10000
              </option>
              <option
                   value="521"
                  >
                521-540 of 10000
              </option>
              <option
                   value="541"
                  >
                541-560 of 10000
              </option>
              <option
                   value="561"
                  >
                561-580 of 10000
              </option>
              <option
                   value="581"
                  >
                More...
              </option>
            </select>
            <label
                 class="p_OraHiddenLabel"
                 for="mainId__xc_c"
                >
              Select record set
            </label>
            <script
                 type="text/javascript"
                >
              _setSelectIndexById("mainId__xc_c",0)
            </script>
          </td>
          <td
              >
            
            <img
                 alt=""
                 height="1"
                 width="5"
                 src="uri-attr:encoded-resource-url:/test-context-path/adf/images/t.gif"
                >
              
            </img>
          </td>
          <td
               nowrap="nowrap"
               valign="middle"
              >
            
            <a
                 class="OraNavBarActiveLink"
                 onclick="_navSubmit('formId', 'goto', 'mainId',1,'21');return false"
                 href="uri-attr:#"
                >
              Next 20
            </a>
          </td>
        </tr>
      </table>
<!--AttributeTest[rows,10]-->

      <table
           border="0"
           cellpadding="0"
           cellspacing="0"
           id="mainId"
           summary=""
          >
        
        <tr
            >
          
          <td
               nowrap="nowrap"
               valign="middle"
              >
            
            <span
                 class="OraNavBarInactiveLink"
                >
              Previous
            </span>
          </td>
          <td
              >
            
            <img
                 alt=""
                 height="1"
                 width="5"
                 src="uri-attr:encoded-resource-url:/test-context-path/adf/images/t.gif"
                >
              
            </img>
          </td>
          <td
               nowrap="nowrap"
               valign="middle"
              >
            
            <select
                 class="AFFieldText"
                 id="mainId__xc_c"
                 onchange="_navChoiceSubmit(this, 'formId','goto','mainId',1)"
                 onfocus="this._lastValue = this.selectedIndex"
                 title="Select record set"
                >
              
              <option
                   selected="selected"
                   value="1"
                  >
                1-10 of 10000
              </option>
              <option
                   value="11"
                  >
                11-20 of 10000
              </option>
              <option
                   value="21"
                  >
                21-30 of 10000
              </option>
              <option
                   value="31"
                  >
                31-40 of 10000
              </option>
              <option
                   value="41"
                  >
                41-50 of 10000
              </option>
              <option
                   value="51"
                  >
                51-60 of 10000
              </option>
              <option
                   value="61"
                  >
                61-70 of 10000
              </option>
              <option
                   value="71"
                  >
                71-80 of 10000
              </option>
              <option
                   value="81"
                  >
                81-90 of 10000
              </option>
              <option
                   value="91"
                  >
                91-100 of 10000
              </option>
              <option
                   value="101"
                  >
                101-110 of 10000
              </option>
              <option
                   value="111"
                  >
                111-120 of 10000
              </option>
              <option
                   value="121"
                  >
                121-130 of 10000
              </option>
              <option
                   value="131"
                  >
                131-140 of 10000
              </option>
              <option
                   value="141"
                  >
                141-150 of 10000
              </option>
              <option
                   value="151"
                  >
                151-160 of 10000
              </option>
              <option
                   value="161"
                  >
                161-170 of 10000
              </option>
              <option
                   value="171"
                  >
                171-180 of 10000
              </option>
              <option
                   value="181"
                  >
                181-190 of 10000
              </option>
              <option
                   value="191"
                  >
                191-200 of 10000
              </option>
              <option
                   value="201"
                  >
                201-210 of 10000
              </option>
              <option
                   value="211"
                  >
                211-220 of 10000
              </option>
              <option
                   value="221"
                  >
                221-230 of 10000
              </option>
              <option
                   value="231"
                  >
                231-240 of 10000
              </option>
              <option
                   value="241"
                  >
                241-250 of 10000
              </option>
              <option
                   value="251"
                  >
                251-260 of 10000
              </option>
              <option
                   value="261"
                  >
                261-270 of 10000
              </option>
              <option
                   value="271"
                  >
                271-280 of 10000
              </option>
              <option
                   value="281"
                  >
                281-290 of 10000
              </option>
              <option
                   value="291"
                  >
                More...
              </option>
            </select>
            <label
                 class="p_OraHiddenLabel"
                 for="mainId__xc_c"
                >
              Select record set
            </label>
            <script
                 type="text/javascript"
                >
              _setSelectIndexById("mainId__xc_c",0)
            </script>
          </td>
          <td
              >
            
            <img
                 alt=""
                 height="1"
                 width="5"
                 src="uri-attr:encoded-resource-url:/test-context-path/adf/images/t.gif"
                >
              
            </img>
          </td>
          <td
               nowrap="nowrap"
               valign="middle"
              >
            
            <a
                 class="OraNavBarActiveLink"
                 onclick="_navSubmit('formId', 'goto', 'mainId',1,'11');return false"
                 href="uri-attr:#"
                >
              Next 10
            </a>
          </td>
        </tr>
      </table>
<!--AttributeTest[first,60]-->

      <table
           border="0"
           cellpadding="0"
           cellspacing="0"
           id="mainId"
           summary=""
          >
        
        <tr
            >
          
          <td
               nowrap="nowrap"
               valign="middle"
              >
            
            <a
                 class="OraNavBarActiveLink"
                 onclick="_navSubmit('formId', 'goto', 'mainId',1,'41');return false"
                 href="uri-attr:#"
                >
              Previous 20
            </a>
          </td>
          <td
              >
            
            <img
                 alt=""
                 height="1"
                 width="5"
                 src="uri-attr:encoded-resource-url:/test-context-path/adf/images/t.gif"
                >
              
            </img>
          </td>
          <td
               nowrap="nowrap"
               valign="middle"
              >
            
            <select
                 class="AFFieldText"
                 id="mainId__xc_c"
                 onchange="_navChoiceSubmit(this, 'formId','goto','mainId',1)"
                 onfocus="this._lastValue = this.selectedIndex"
                 title="Select record set"
                >
              
              <option
                   value="1"
                  >
                1-20 of 10000
              </option>
              <option
                   value="21"
                  >
                21-40 of 10000
              </option>
              <option
                   value="41"
                  >
                41-60 of 10000
              </option>
              <option
                   selected="selected"
                   value="61"
                  >
                61-80 of 10000
              </option>
              <option
                   value="81"
                  >
                81-100 of 10000
              </option>
              <option
                   value="101"
                  >
                101-120 of 10000
              </option>
              <option
                   value="121"
                  >
                121-140 of 10000
              </option>
              <option
                   value="141"
                  >
                141-160 of 10000
              </option>
              <option
                   value="161"
                  >
                161-180 of 10000
              </option>
              <option
                   value="181"
                  >
                181-200 of 10000
              </option>
              <option
                   value="201"
                  >
                201-220 of 10000
              </option>
              <option
                   value="221"
                  >
                221-240 of 10000
              </option>
              <option
                   value="241"
                  >
                241-260 of 10000
              </option>
              <option
                   value="261"
                  >
                261-280 of 10000
              </option>
              <option
                   value="281"
                  >
                281-300 of 10000
              </option>
              <option
                   value="301"
                  >
                301-320 of 10000
              </option>
              <option
                   value="321"
                  >
                321-340 of 10000
              </option>
              <option
                   value="341"
                  >
                341-360 of 10000
              </option>
              <option
                   value="361"
                  >
                361-380 of 10000
              </option>
              <option
                   value="381"
                  >
                381-400 of 10000
              </option>
              <option
                   value="401"
                  >
                401-420 of 10000
              </option>
              <option
                   value="421"
                  >
                421-440 of 10000
              </option>
              <option
                   value="441"
                  >
                441-460 of 10000
              </option>
              <option
                   value="461"
                  >
                461-480 of 10000
              </option>
              <option
                   value="481"
                  >
                481-500 of 10000
              </option>
              <option
                   value="501"
                  >
                501-520 of 10000
              </option>
              <option
                   value="521"
                  >
                521-540 of 10000
              </option>
              <option
                   value="541"
                  >
                541-560 of 10000
              </option>
              <option
                   value="561"
                  >
                561-580 of 10000
              </option>
              <option
                   value="581"
                  >
                More...
              </option>
            </select>
            <label
                 class="p_OraHiddenLabel"
                 for="mainId__xc_c"
                >
              Select record set
            </label>
            <script
                 type="text/javascript"
                >
              _setSelectIndexById("mainId__xc_c",3)
            </script>
          </td>
          <td
              >
            
            <img
                 alt=""
                 height="1"
                 width="5"
                 src="uri-attr:encoded-resource-url:/test-context-path/adf/images/t.gif"
                >
              
            </img>
          </td>
          <td
               nowrap="nowrap"
               valign="middle"
              >
            
            <a
                 class="OraNavBarActiveLink"
                 onclick="_navSubmit('formId', 'goto', 'mainId',1,'81');return false"
                 href="uri-attr:#"
                >
              Next 20
            </a>
          </td>
        </tr>
      </table>
<!--AttributeTest[first,5000]-->

      <table
           border="0"
           cellpadding="0"
           cellspacing="0"
           id="mainId"
           summary=""
          >
        
        <tr
            >
          
          <td
               nowrap="nowrap"
               valign="middle"
              >
            
            <a
                 class="OraNavBarActiveLink"
                 onclick="_navSubmit('formId', 'goto', 'mainId',1,'4981');return false"
                 href="uri-attr:#"
                >
              Previous 20
            </a>
          </td>
          <td
              >
            
            <img
                 alt=""
                 height="1"
                 width="5"
                 src="uri-attr:encoded-resource-url:/test-context-path/adf/images/t.gif"
                >
              
            </img>
          </td>
          <td
               nowrap="nowrap"
               valign="middle"
              >
            
            <select
                 class="AFFieldText"
                 id="mainId__xc_c"
                 onchange="_navChoiceSubmit(this, 'formId','goto','mainId',1)"
                 onfocus="this._lastValue = this.selectedIndex"
                 title="Select record set"
                >
              
              <option
                   value="4481"
                  >
                Previous...
              </option>
              <option
                   value="4501"
                  >
                4501-4520 of 10000
              </option>
              <option
                   value="4521"
                  >
                4521-4540 of 10000
              </option>
              <option
                   value="4541"
                  >
                4541-4560 of 10000
              </option>
              <option
                   value="4561"
                  >
                4561-4580 of 10000
              </option>
              <option
                   value="4581"
                  >
                4581-4600 of 10000
              </option>
              <option
                   value="4601"
                  >
                4601-4620 of 10000
              </option>
              <option
                   value="4621"
                  >
                4621-4640 of 10000
              </option>
              <option
                   value="4641"
                  >
                4641-4660 of 10000
              </option>
              <option
                   value="4661"
                  >
                4661-4680 of 10000
              </option>
              <option
                   value="4681"
                  >
                4681-4700 of 10000
              </option>
              <option
                   value="4701"
                  >
                4701-4720 of 10000
              </option>
              <option
                   value="4721"
                  >
                4721-4740 of 10000
              </option>
              <option
                   value="4741"
                  >
                4741-4760 of 10000
              </option>
              <option
                   value="4761"
                  >
                4761-4780 of 10000
              </option>
              <option
                   value="4781"
                  >
                4781-4800 of 10000
              </option>
              <option
                   value="4801"
                  >
                4801-4820 of 10000
              </option>
              <option
                   value="4821"
                  >
                4821-4840 of 10000
              </option>
              <option
                   value="4841"
                  >
                4841-4860 of 10000
              </option>
              <option
                   value="4861"
                  >
                4861-4880 of 10000
              </option>
              <option
                   value="4881"
                  >
                4881-4900 of 10000
              </option>
              <option
                   value="4901"
                  >
                4901-4920 of 10000
              </option>
              <option
                   value="4921"
                  >
                4921-4940 of 10000
              </option>
              <option
                   value="4941"
                  >
                4941-4960 of 10000
              </option>
              <option
                   value="4961"
                  >
                4961-4980 of 10000
              </option>
              <option
                   value="4981"
                  >
                4981-5000 of 10000
              </option>
              <option
                   selected="selected"
                   value="5001"
                  >
                5001-5020 of 10000
              </option>
              <option
                   value="5021"
                  >
                5021-5040 of 10000
              </option>
              <option
                   value="5041"
                  >
                5041-5060 of 10000
              </option>
              <option
                   value="5061"
                  >
                More...
              </option>
            </select>
            <label
                 class="p_OraHiddenLabel"
                 for="mainId__xc_c"
                >
              Select record set
            </label>
            <script
                 type="text/javascript"
                >
              _setSelectIndexById("mainId__xc_c",26)
            </script>
          </td>
          <td
              >
            
            <img
                 alt=""
                 height="1"
                 width="5"
                 src="uri-attr:encoded-resource-url:/test-context-path/adf/images/t.gif"
                >
              
            </img>
          </td>
          <td
               nowrap="nowrap"
               valign="middle"
              >
            
            <a
                 class="OraNavBarActiveLink"
                 onclick="_navSubmit('formId', 'goto', 'mainId',1,'5021');return false"
                 href="uri-attr:#"
                >
              Next 20
            </a>
          </td>
        </tr>
      </table>
<!--AttributeTest[first,9980]-->

      <table
           border="0"
           cellpadding="0"
           cellspacing="0"
           id="mainId"
           summary=""
          >
        
        <tr
            >
          
          <td
               nowrap="nowrap"
               valign="middle"
              >
            
            <a
                 class="OraNavBarActiveLink"
                 onclick="_navSubmit('formId', 'goto', 'mainId',1,'9961');return false"
                 href="uri-attr:#"
                >
              Previous 20
            </a>
          </td>
          <td
              >
            
            <img
                 alt=""
                 height="1"
                 width="5"
                 src="uri-attr:encoded-resource-url:/test-context-path/adf/images/t.gif"
                >
              
            </img>
          </td>
          <td
               nowrap="nowrap"
               valign="middle"
              >
            
            <select
                 class="AFFieldText"
                 id="mainId__xc_c"
                 onchange="_navChoiceSubmit(this, 'formId','goto','mainId',1)"
                 onfocus="this._lastValue = this.selectedIndex"
                 title="Select record set"
                >
              
              <option
                   value="9521"
                  >
                Previous...
              </option>
              <option
                   value="9541"
                  >
                9541-9560 of 10000
              </option>
              <option
                   value="9561"
                  >
                9561-9580 of 10000
              </option>
              <option
                   value="9581"
                  >
                9581-9600 of 10000
              </option>
              <option
                   value="9601"
                  >
                9601-9620 of 10000
              </option>
              <option
                   value="9621"
                  >
                9621-9640 of 10000
              </option>
              <option
                   value="9641"
                  >
                9641-9660 of 10000
              </option>
              <option
                   value="9661"
                  >
                9661-9680 of 10000
              </option>
              <option
                   value="9681"
                  >
                9681-9700 of 10000
              </option>
              <option
                   value="9701"
                  >
                9701-9720 of 10000
              </option>
              <option
                   value="9721"
                  >
                9721-9740 of 10000
              </option>
              <option
                   value="9741"
                  >
                9741-9760 of 10000
              </option>
              <option
                   value="9761"
                  >
                9761-9780 of 10000
              </option>
              <option
                   value="9781"
                  >
                9781-9800 of 10000
              </option>
              <option
                   value="9801"
                  >
                9801-9820 of 10000
              </option>
              <option
                   value="9821"
                  >
                9821-9840 of 10000
              </option>
              <option
                   value="9841"
                  >
                9841-9860 of 10000
              </option>
              <option
                   value="9861"
                  >
                9861-9880 of 10000
              </option>
              <option
                   value="9881"
                  >
                9881-9900 of 10000
              </option>
              <option
                   value="9901"
                  >
                9901-9920 of 10000
              </option>
              <option
                   value="9921"
                  >
                9921-9940 of 10000
              </option>
              <option
                   value="9941"
                  >
                9941-9960 of 10000
              </option>
              <option
                   value="9961"
                  >
                9961-9980 of 10000
              </option>
              <option
                   selected="selected"
                   value="9981"
                  >
                9981-10000 of 10000
              </option>
            </select>
            <label
                 class="p_OraHiddenLabel"
                 for="mainId__xc_c"
                >
              Select record set
            </label>
            <script
                 type="text/javascript"
                >
              _setSelectIndexById("mainId__xc_c",23)
            </script>
          </td>
          <td
              >
            
            <img
                 alt=""
                 height="1"
                 width="5"
                 src="uri-attr:encoded-resource-url:/test-context-path/adf/images/t.gif"
                >
              
            </img>
          </td>
          <td
               nowrap="nowrap"
               valign="middle"
              >
            
            <span
                 class="OraNavBarInactiveLink"
                >
              Next
            </span>
          </td>
        </tr>
      </table>
</results>
