<results>
      <hr
           class="af_separator"
           id="mainId"
          >
        
      </hr>
<!--AttributeTest[id,null]-->

      <hr
           class="af_separator"
           id="test-id"
          >
        
      </hr>
<!--AttributeTest[rendered,false]-->

<!--AttributeTest[rendered,true]-->

      <hr
           class="af_separator"
           id="mainId"
          >
        
      </hr>
<!--AttributeTest[shortDesc,null]-->

      <hr
           class="af_separator"
           id="mainId"
           title="test-shortDesc"
          >
        
      </hr>
</results>
