<results>
      <span
           id="mainId"
          >
        
        <div
             class="af_showDetail_prompt-undisclosed"
            >
          
          <a
               class="OraLink af_showDetail_disclosure-icon-link"
               id="mainId__xc_"
               onclick="return _submitHideShow('formId',1,'show','mainId','mainId__xc_')"
               href="uri-attr:#"
              >
            
            <span
                 class="p_OraHideShowDisclosedSymbol"
                 title="Select to show information"
                >
              &#x25ba;
            </span>
          </a>promptText
        </div>
      </span>
<!--AttributeTest[undisclosedText,null]-->

      <span
           id="mainId"
          >
        
        <div
             class="af_showDetail_prompt-undisclosed"
            >
          
          <a
               class="OraLink af_showDetail_disclosure-icon-link"
               id="mainId__xc_"
               onclick="return _submitHideShow('formId',1,'show','mainId','mainId__xc_')"
               href="uri-attr:#"
              >
            
            <span
                 class="p_OraHideShowDisclosedSymbol"
                 title="Select to show information"
                >
              &#x25ba;
            </span>
          </a>promptText
        </div>
      </span>
<!--AttributeTest[disclosed,false]-->

      <span
           id="mainId"
          >
        
        <div
             class="af_showDetail_prompt-undisclosed"
            >
          
          <a
               class="OraLink af_showDetail_disclosure-icon-link"
               id="mainId__xc_"
               onclick="return _submitHideShow('formId',1,'show','mainId','mainId__xc_')"
               href="uri-attr:#"
              >
            
            <span
                 class="p_OraHideShowDisclosedSymbol"
                 title="Select to show information"
                >
              &#x25ba;
            </span>
          </a>promptText
        </div>
      </span>
<!--AttributeTest[disclosed,true]-->

      <span
           id="mainId"
          >
        
        <div
             class="af_showDetail_prompt-disclosed"
            >
          
          <a
               class="OraLink af_showDetail_disclosure-icon-link"
               id="mainId__xc_"
               onclick="return _submitHideShow('formId',1,'hide','mainId','mainId__xc_')"
               href="uri-attr:#"
              >
            
            <span
                 class="p_OraHideShowDisclosedSymbol"
                 title="Select to hide information"
                >
              &#x25bc;
            </span>
          </a>promptText
        </div>
        <div
            >
          detailText
        </div>
      </span>
<!--AttributeTest[id,sDetailId]-->

      <span
           id="sDetailId"
          >
        
        <div
             class="af_showDetail_prompt-undisclosed"
            >
          
          <a
               class="OraLink af_showDetail_disclosure-icon-link"
               id="sDetailId__xc_"
               onclick="return _submitHideShow('formId',1,'show','sDetailId','sDetailId__xc_')"
               href="uri-attr:#"
              >
            
            <span
                 class="p_OraHideShowDisclosedSymbol"
                 title="Select to show information"
                >
              &#x25ba;
            </span>
          </a>promptText
        </div>
      </span>
<!--AttributeTest[shortDesc,myDetail]-->

      <span
           id="mainId"
          >
        
        <div
             class="af_showDetail_prompt-undisclosed"
             title="myDetail"
            >
          
          <a
               class="OraLink af_showDetail_disclosure-icon-link"
               id="mainId__xc_"
               onclick="return _submitHideShow('formId',1,'show','mainId','mainId__xc_')"
               href="uri-attr:#"
              >
            
            <span
                 class="p_OraHideShowDisclosedSymbol"
                 title="Select to show information"
                >
              &#x25ba;
            </span>
          </a>promptText
        </div>
      </span>
<!--AttributeTest[styleClass,myStyleClass]-->

      <span
           id="mainId"
          >
        
        <div
             class="myStyleClass af_showDetail_prompt-undisclosed"
            >
          
          <a
               class="OraLink af_showDetail_disclosure-icon-link"
               id="mainId__xc_"
               onclick="return _submitHideShow('formId',1,'show','mainId','mainId__xc_')"
               href="uri-attr:#"
              >
            
            <span
                 class="p_OraHideShowDisclosedSymbol"
                 title="Select to show information"
                >
              &#x25ba;
            </span>
          </a>promptText
        </div>
      </span>
<!--AttributeTest[inlineStyle,background-color:red]-->

      <span
           id="mainId"
          >
        
        <div
             class="af_showDetail_prompt-undisclosed"
             style="background-color:red"
            >
          
          <a
               class="OraLink af_showDetail_disclosure-icon-link"
               id="mainId__xc_"
               onclick="return _submitHideShow('formId',1,'show','mainId','mainId__xc_')"
               href="uri-attr:#"
              >
            
            <span
                 class="p_OraHideShowDisclosedSymbol"
                 title="Select to show information"
                >
              &#x25ba;
            </span>
          </a>promptText
        </div>
      </span>
<!--AttributeTest[onclick,null]-->

      <span
           id="mainId"
          >
        
        <div
             class="af_showDetail_prompt-undisclosed"
             onclick="test-onclick"
            >
          
          <a
               class="OraLink af_showDetail_disclosure-icon-link"
               id="mainId__xc_"
               onclick="return _submitHideShow('formId',1,'show','mainId','mainId__xc_')"
               href="uri-attr:#"
              >
            
            <span
                 class="p_OraHideShowDisclosedSymbol"
                 title="Select to show information"
                >
              &#x25ba;
            </span>
          </a>promptText
        </div>
      </span>
<!--AttributeTest[ondblclick,null]-->

      <span
           id="mainId"
          >
        
        <div
             class="af_showDetail_prompt-undisclosed"
             ondblclick="test-ondblclick"
            >
          
          <a
               class="OraLink af_showDetail_disclosure-icon-link"
               id="mainId__xc_"
               onclick="return _submitHideShow('formId',1,'show','mainId','mainId__xc_')"
               href="uri-attr:#"
              >
            
            <span
                 class="p_OraHideShowDisclosedSymbol"
                 title="Select to show information"
                >
              &#x25ba;
            </span>
          </a>promptText
        </div>
      </span>
<!--AttributeTest[onkeydown,null]-->

      <span
           id="mainId"
          >
        
        <div
             class="af_showDetail_prompt-undisclosed"
             onkeydown="test-onkeydown"
            >
          
          <a
               class="OraLink af_showDetail_disclosure-icon-link"
               id="mainId__xc_"
               onclick="return _submitHideShow('formId',1,'show','mainId','mainId__xc_')"
               href="uri-attr:#"
              >
            
            <span
                 class="p_OraHideShowDisclosedSymbol"
                 title="Select to show information"
                >
              &#x25ba;
            </span>
          </a>promptText
        </div>
      </span>
<!--AttributeTest[onkeypress,null]-->

      <span
           id="mainId"
          >
        
        <div
             class="af_showDetail_prompt-undisclosed"
             onkeypress="test-onkeypress"
            >
          
          <a
               class="OraLink af_showDetail_disclosure-icon-link"
               id="mainId__xc_"
               onclick="return _submitHideShow('formId',1,'show','mainId','mainId__xc_')"
               href="uri-attr:#"
              >
            
            <span
                 class="p_OraHideShowDisclosedSymbol"
                 title="Select to show information"
                >
              &#x25ba;
            </span>
          </a>promptText
        </div>
      </span>
<!--AttributeTest[onkeyup,null]-->

      <span
           id="mainId"
          >
        
        <div
             class="af_showDetail_prompt-undisclosed"
             onkeyup="test-onkeyup"
            >
          
          <a
               class="OraLink af_showDetail_disclosure-icon-link"
               id="mainId__xc_"
               onclick="return _submitHideShow('formId',1,'show','mainId','mainId__xc_')"
               href="uri-attr:#"
              >
            
            <span
                 class="p_OraHideShowDisclosedSymbol"
                 title="Select to show information"
                >
              &#x25ba;
            </span>
          </a>promptText
        </div>
      </span>
<!--AttributeTest[onmousedown,null]-->

      <span
           id="mainId"
          >
        
        <div
             class="af_showDetail_prompt-undisclosed"
             onmousedown="test-onmousedown"
            >
          
          <a
               class="OraLink af_showDetail_disclosure-icon-link"
               id="mainId__xc_"
               onclick="return _submitHideShow('formId',1,'show','mainId','mainId__xc_')"
               href="uri-attr:#"
              >
            
            <span
                 class="p_OraHideShowDisclosedSymbol"
                 title="Select to show information"
                >
              &#x25ba;
            </span>
          </a>promptText
        </div>
      </span>
<!--AttributeTest[onmousemove,null]-->

      <span
           id="mainId"
          >
        
        <div
             class="af_showDetail_prompt-undisclosed"
             onmousemove="test-onmousemove"
            >
          
          <a
               class="OraLink af_showDetail_disclosure-icon-link"
               id="mainId__xc_"
               onclick="return _submitHideShow('formId',1,'show','mainId','mainId__xc_')"
               href="uri-attr:#"
              >
            
            <span
                 class="p_OraHideShowDisclosedSymbol"
                 title="Select to show information"
                >
              &#x25ba;
            </span>
          </a>promptText
        </div>
      </span>
<!--AttributeTest[onmouseout,null]-->

      <span
           id="mainId"
          >
        
        <div
             class="af_showDetail_prompt-undisclosed"
             onmouseout="test-onmouseout"
            >
          
          <a
               class="OraLink af_showDetail_disclosure-icon-link"
               id="mainId__xc_"
               onclick="return _submitHideShow('formId',1,'show','mainId','mainId__xc_')"
               href="uri-attr:#"
              >
            
            <span
                 class="p_OraHideShowDisclosedSymbol"
                 title="Select to show information"
                >
              &#x25ba;
            </span>
          </a>promptText
        </div>
      </span>
<!--AttributeTest[onmouseover,null]-->

      <span
           id="mainId"
          >
        
        <div
             class="af_showDetail_prompt-undisclosed"
             onmouseover="test-onmouseover"
            >
          
          <a
               class="OraLink af_showDetail_disclosure-icon-link"
               id="mainId__xc_"
               onclick="return _submitHideShow('formId',1,'show','mainId','mainId__xc_')"
               href="uri-attr:#"
              >
            
            <span
                 class="p_OraHideShowDisclosedSymbol"
                 title="Select to show information"
                >
              &#x25ba;
            </span>
          </a>promptText
        </div>
      </span>
<!--AttributeTest[onmouseup,null]-->

      <span
           id="mainId"
          >
        
        <div
             class="af_showDetail_prompt-undisclosed"
             onmouseup="test-onmouseup"
            >
          
          <a
               class="OraLink af_showDetail_disclosure-icon-link"
               id="mainId__xc_"
               onclick="return _submitHideShow('formId',1,'show','mainId','mainId__xc_')"
               href="uri-attr:#"
              >
            
            <span
                 class="p_OraHideShowDisclosedSymbol"
                 title="Select to show information"
                >
              &#x25ba;
            </span>
          </a>promptText
        </div>
      </span>
</results>
