<results>Step 1 of 3
<!--AttributeTest[id,myid]-->
Step 1 of 3
<!--AttributeTest[shortDesc,my short desc]-->
Step 1 of 3
<!--AttributeTest[styleClass,mystyle]-->
Step 1 of 3
<!--AttributeTest[onclick,null]-->
Step 1 of 3
<!--AttributeTest[ondblclick,null]-->
Step 1 of 3
<!--AttributeTest[onkeydown,null]-->
Step 1 of 3
<!--AttributeTest[onkeypress,null]-->
Step 1 of 3
<!--AttributeTest[onkeyup,null]-->
Step 1 of 3
<!--AttributeTest[onmousedown,null]-->
Step 1 of 3
<!--AttributeTest[onmousemove,null]-->
Step 1 of 3
<!--AttributeTest[onmouseout,null]-->
Step 1 of 3
<!--AttributeTest[onmouseover,null]-->
Step 1 of 3
<!--AttributeTest[onmouseup,null]-->
Step 1 of 3
</results>
